<!doctype html public "-//w3c//dtd html 4.0 transitional//en">
<html><head>
<title>Static Call Graph - [.\BUILD\mbed-os-example-blinky.axf]</title></head>
<body><HR>
<H1>Static Call Graph for image .\BUILD\mbed-os-example-blinky.axf</H1><HR>
<BR><P>#&#060CALLGRAPH&#062# ARM Linker, 5060300: Last Updated: Thu Nov 02 15:06:52 2017
<BR><P>
<H3>Maximum Stack Usage =       1556 bytes + Unknown(Cycles, Untraceable Function Pointers)</H3><H3>
Call chain for Maximum Stack Depth:</H3>
pre_main &rArr; main &rArr; $Super$$main &rArr; test_ESP8266MQTT() &rArr; MQTT::Client&lang;MQTTNetwork, Countdown, (int)100, (int)5&rang;::publish(const char*, MQTT::Message&) &rArr; MQTT::Client&lang;MQTTNetwork, Countdown, (int)100, (int)5&rang;::publish(const char*, void*, unsigned, MQTT::QoS, bool) &rArr; MQTT::Client&lang;MQTTNetwork, Countdown, (int)100, (int)5&rang;::publish(const char*, void*, unsigned, unsigned short&, MQTT::QoS, bool) &rArr; MQTT::Client&lang;MQTTNetwork, Countdown, (int)100, (int)5&rang;::publish(int, Countdown&, MQTT::QoS) &rArr; MQTT::Client&lang;MQTTNetwork, Countdown, (int)100, (int)5&rang;::waitfor(int, Countdown&) &rArr; MQTT::Client&lang;MQTTNetwork, Countdown, (int)100, (int)5&rang;::cycle(Countdown&) &rArr; fflush &rArr; _do_fflush &rArr; _fflush &rArr; _writebuf &rArr; _sys_write &rArr; init_serial() &rArr; serial_init &rArr; mbed_assert_internal &rArr; mbed_die &rArr; gpio_init_out &rArr; gpio_init_out_ex &rArr; _gpio_init_out &rArr; gpio_init &rArr; gpio_set &rArr;  mbed_assert_internal (Cycle)
<P>
<H3>
Mutually Recursive functions
</H3> <LI><a href="#[237]">core_util_critical_section_enter</a>&nbsp;&nbsp;&nbsp;&rArr;&nbsp;&nbsp;&nbsp;<a href="#[284]">mbed_assert_internal</a><BR>
 <LI><a href="#[32f]">mbed_error_printf</a>&nbsp;&nbsp;&nbsp;&rArr;&nbsp;&nbsp;&nbsp;<a href="#[309]">mbed_error_vfprintf</a><BR>
 <LI><a href="#[310]">pin_mode</a>&nbsp;&nbsp;&nbsp;&rArr;&nbsp;&nbsp;&nbsp;<a href="#[284]">mbed_assert_internal</a><BR>
 <LI><a href="#[211]">Set_GPIO_Clock</a>&nbsp;&nbsp;&nbsp;&rArr;&nbsp;&nbsp;&nbsp;<a href="#[212]">error</a><BR>
 <LI><a href="#[311]">pin_function</a>&nbsp;&nbsp;&nbsp;&rArr;&nbsp;&nbsp;&nbsp;<a href="#[284]">mbed_assert_internal</a><BR>
 <LI><a href="#[30e]">gpio_set</a>&nbsp;&nbsp;&nbsp;&rArr;&nbsp;&nbsp;&nbsp;<a href="#[284]">mbed_assert_internal</a><BR>
 <LI><a href="#[23a]">sleep_manager_unlock_deep_sleep</a>&nbsp;&nbsp;&nbsp;&rArr;&nbsp;&nbsp;&nbsp;<a href="#[23b]">core_util_critical_section_exit</a><BR>
 <LI><a href="#[306]">core_util_atomic_decr_u16</a>&nbsp;&nbsp;&nbsp;&rArr;&nbsp;&nbsp;&nbsp;<a href="#[23b]">core_util_critical_section_exit</a><BR>
 <LI><a href="#[238]">sleep_manager_lock_deep_sleep</a>&nbsp;&nbsp;&nbsp;&rArr;&nbsp;&nbsp;&nbsp;<a href="#[23b]">core_util_critical_section_exit</a><BR>
 <LI><a href="#[307]">core_util_atomic_incr_u16</a>&nbsp;&nbsp;&nbsp;&rArr;&nbsp;&nbsp;&nbsp;<a href="#[23b]">core_util_critical_section_exit</a><BR>
 <LI><a href="#[39f]">pinmap_pinout</a>&nbsp;&nbsp;&nbsp;&rArr;&nbsp;&nbsp;&nbsp;<a href="#[212]">error</a><BR>
 <LI><a href="#[39d]">pinmap_peripheral</a>&nbsp;&nbsp;&nbsp;&rArr;&nbsp;&nbsp;&nbsp;<a href="#[212]">error</a><BR>
 <LI><a href="#[39c]">pinmap_merge</a>&nbsp;&nbsp;&nbsp;&rArr;&nbsp;&nbsp;&nbsp;<a href="#[212]">error</a><BR>
 <LI><a href="#[318]">init_uart</a>&nbsp;&nbsp;&nbsp;&rArr;&nbsp;&nbsp;&nbsp;<a href="#[212]">error</a><BR>
 <LI><a href="#[2fc]">osRtxErrorNotify</a>&nbsp;&nbsp;&nbsp;&rArr;&nbsp;&nbsp;&nbsp;<a href="#[212]">error</a><BR>
 <LI><a href="#[1b]">NMI_Handler</a>&nbsp;&nbsp;&nbsp;&rArr;&nbsp;&nbsp;&nbsp;<a href="#[1b]">NMI_Handler</a><BR>
 <LI><a href="#[1c]">HardFault_Handler</a>&nbsp;&nbsp;&nbsp;&rArr;&nbsp;&nbsp;&nbsp;<a href="#[1c]">HardFault_Handler</a><BR>
 <LI><a href="#[1d]">MemManage_Handler</a>&nbsp;&nbsp;&nbsp;&rArr;&nbsp;&nbsp;&nbsp;<a href="#[1d]">MemManage_Handler</a><BR>
 <LI><a href="#[1e]">BusFault_Handler</a>&nbsp;&nbsp;&nbsp;&rArr;&nbsp;&nbsp;&nbsp;<a href="#[1e]">BusFault_Handler</a><BR>
 <LI><a href="#[1f]">UsageFault_Handler</a>&nbsp;&nbsp;&nbsp;&rArr;&nbsp;&nbsp;&nbsp;<a href="#[1f]">UsageFault_Handler</a><BR>
 <LI><a href="#[21]">DebugMon_Handler</a>&nbsp;&nbsp;&nbsp;&rArr;&nbsp;&nbsp;&nbsp;<a href="#[21]">DebugMon_Handler</a><BR>
 <LI><a href="#[36]">ADC1_IRQHandler</a>&nbsp;&nbsp;&nbsp;&rArr;&nbsp;&nbsp;&nbsp;<a href="#[36]">ADC1_IRQHandler</a><BR>
 <LI><a href="#[135]">__asm___13_rtx_mempool_c_7914b4c7__atomic_link_put</a>&nbsp;&nbsp;&nbsp;&rArr;&nbsp;&nbsp;&nbsp;<a href="#[135]">__asm___13_rtx_mempool_c_7914b4c7__atomic_link_put</a><BR>
</UL>
<P>
<H3>
Function Pointers
</H3><UL>
 <LI><a href="#[70]">&lang;Func2&rang;</a> from .\build\serialbase.o(i.<Func2>) referenced from .\build\serialbase.o(i._ZN4mbed10SerialBaseC1E7PinNameS1_i)
 <LI><a href="#[36]">ADC1_IRQHandler</a> from .\build\startup_stm32l432xx.o(.text) referenced from .\build\startup_stm32l432xx.o(RESET)
 <LI><a href="#[1e]">BusFault_Handler</a> from .\build\startup_stm32l432xx.o(.text) referenced from .\build\startup_stm32l432xx.o(RESET)
 <LI><a href="#[38]">CAN1_RX0_IRQHandler</a> from .\build\can_api.o(i.CAN1_RX0_IRQHandler) referenced from .\build\startup_stm32l432xx.o(RESET)
 <LI><a href="#[39]">CAN1_RX1_IRQHandler</a> from .\build\startup_stm32l432xx.o(.text) referenced from .\build\startup_stm32l432xx.o(RESET)
 <LI><a href="#[3a]">CAN1_SCE_IRQHandler</a> from .\build\can_api.o(i.CAN1_SCE_IRQHandler) referenced from .\build\startup_stm32l432xx.o(RESET)
 <LI><a href="#[37]">CAN1_TX_IRQHandler</a> from .\build\can_api.o(i.CAN1_TX_IRQHandler) referenced from .\build\startup_stm32l432xx.o(RESET)
 <LI><a href="#[50]">COMP_IRQHandler</a> from .\build\startup_stm32l432xx.o(.text) referenced from .\build\startup_stm32l432xx.o(RESET)
 <LI><a href="#[5f]">CRS_IRQHandler</a> from .\build\startup_stm32l432xx.o(.text) referenced from .\build\startup_stm32l432xx.o(RESET)
 <LI><a href="#[2f]">DMA1_Channel1_IRQHandler</a> from .\build\dma.o(i.DMA1_Channel1_IRQHandler) referenced from .\build\startup_stm32l432xx.o(RESET)
 <LI><a href="#[30]">DMA1_Channel2_IRQHandler</a> from .\build\dma.o(i.DMA1_Channel2_IRQHandler) referenced from .\build\startup_stm32l432xx.o(RESET)
 <LI><a href="#[31]">DMA1_Channel3_IRQHandler</a> from .\build\dma.o(i.DMA1_Channel3_IRQHandler) referenced from .\build\startup_stm32l432xx.o(RESET)
 <LI><a href="#[32]">DMA1_Channel4_IRQHandler</a> from .\build\dma.o(i.DMA1_Channel4_IRQHandler) referenced from .\build\startup_stm32l432xx.o(RESET)
 <LI><a href="#[33]">DMA1_Channel5_IRQHandler</a> from .\build\dma.o(i.DMA1_Channel5_IRQHandler) referenced from .\build\startup_stm32l432xx.o(RESET)
 <LI><a href="#[34]">DMA1_Channel6_IRQHandler</a> from .\build\dma.o(i.DMA1_Channel6_IRQHandler) referenced from .\build\startup_stm32l432xx.o(RESET)
 <LI><a href="#[35]">DMA1_Channel7_IRQHandler</a> from .\build\dma.o(i.DMA1_Channel7_IRQHandler) referenced from .\build\startup_stm32l432xx.o(RESET)
 <LI><a href="#[4b]">DMA2_Channel1_IRQHandler</a> from .\build\dma.o(i.DMA2_Channel1_IRQHandler) referenced from .\build\startup_stm32l432xx.o(RESET)
 <LI><a href="#[4c]">DMA2_Channel2_IRQHandler</a> from .\build\dma.o(i.DMA2_Channel2_IRQHandler) referenced from .\build\startup_stm32l432xx.o(RESET)
 <LI><a href="#[4d]">DMA2_Channel3_IRQHandler</a> from .\build\dma.o(i.DMA2_Channel3_IRQHandler) referenced from .\build\startup_stm32l432xx.o(RESET)
 <LI><a href="#[4e]">DMA2_Channel4_IRQHandler</a> from .\build\dma.o(i.DMA2_Channel4_IRQHandler) referenced from .\build\startup_stm32l432xx.o(RESET)
 <LI><a href="#[4f]">DMA2_Channel5_IRQHandler</a> from .\build\dma.o(i.DMA2_Channel5_IRQHandler) referenced from .\build\startup_stm32l432xx.o(RESET)
 <LI><a href="#[54]">DMA2_Channel6_IRQHandler</a> from .\build\dma.o(i.DMA2_Channel6_IRQHandler) referenced from .\build\startup_stm32l432xx.o(RESET)
 <LI><a href="#[55]">DMA2_Channel7_IRQHandler</a> from .\build\dma.o(i.DMA2_Channel7_IRQHandler) referenced from .\build\startup_stm32l432xx.o(RESET)
 <LI><a href="#[21]">DebugMon_Handler</a> from .\build\startup_stm32l432xx.o(.text) referenced from .\build\startup_stm32l432xx.o(RESET)
 <LI><a href="#[2a]">EXTI0_IRQHandler</a> from .\build\startup_stm32l432xx.o(.text) referenced from .\build\startup_stm32l432xx.o(RESET)
 <LI><a href="#[46]">EXTI15_10_IRQHandler</a> from .\build\startup_stm32l432xx.o(.text) referenced from .\build\startup_stm32l432xx.o(RESET)
 <LI><a href="#[2b]">EXTI1_IRQHandler</a> from .\build\startup_stm32l432xx.o(.text) referenced from .\build\startup_stm32l432xx.o(RESET)
 <LI><a href="#[2c]">EXTI2_IRQHandler</a> from .\build\startup_stm32l432xx.o(.text) referenced from .\build\startup_stm32l432xx.o(RESET)
 <LI><a href="#[2d]">EXTI3_IRQHandler</a> from .\build\startup_stm32l432xx.o(.text) referenced from .\build\startup_stm32l432xx.o(RESET)
 <LI><a href="#[2e]">EXTI4_IRQHandler</a> from .\build\startup_stm32l432xx.o(.text) referenced from .\build\startup_stm32l432xx.o(RESET)
 <LI><a href="#[3b]">EXTI9_5_IRQHandler</a> from .\build\startup_stm32l432xx.o(.text) referenced from .\build\startup_stm32l432xx.o(RESET)
 <LI><a href="#[28]">FLASH_IRQHandler</a> from .\build\startup_stm32l432xx.o(.text) referenced from .\build\startup_stm32l432xx.o(RESET)
 <LI><a href="#[5e]">FPU_IRQHandler</a> from .\build\startup_stm32l432xx.o(.text) referenced from .\build\startup_stm32l432xx.o(RESET)
 <LI><a href="#[1c]">HardFault_Handler</a> from .\build\startup_stm32l432xx.o(.text) referenced from .\build\startup_stm32l432xx.o(RESET)
 <LI><a href="#[42]">I2C1_ER_IRQHandler</a> from .\build\startup_stm32l432xx.o(.text) referenced from .\build\startup_stm32l432xx.o(RESET)
 <LI><a href="#[41]">I2C1_EV_IRQHandler</a> from .\build\startup_stm32l432xx.o(.text) referenced from .\build\startup_stm32l432xx.o(RESET)
 <LI><a href="#[59]">I2C3_ER_IRQHandler</a> from .\build\startup_stm32l432xx.o(.text) referenced from .\build\startup_stm32l432xx.o(RESET)
 <LI><a href="#[58]">I2C3_EV_IRQHandler</a> from .\build\startup_stm32l432xx.o(.text) referenced from .\build\startup_stm32l432xx.o(RESET)
 <LI><a href="#[51]">LPTIM1_IRQHandler</a> from .\build\startup_stm32l432xx.o(.text) referenced from .\build\startup_stm32l432xx.o(RESET)
 <LI><a href="#[52]">LPTIM2_IRQHandler</a> from .\build\startup_stm32l432xx.o(.text) referenced from .\build\startup_stm32l432xx.o(RESET)
 <LI><a href="#[56]">LPUART1_IRQHandler</a> from .\build\startup_stm32l432xx.o(.text) referenced from .\build\startup_stm32l432xx.o(RESET)
 <LI><a href="#[1d]">MemManage_Handler</a> from .\build\startup_stm32l432xx.o(.text) referenced from .\build\startup_stm32l432xx.o(RESET)
 <LI><a href="#[1b]">NMI_Handler</a> from .\build\startup_stm32l432xx.o(.text) referenced from .\build\startup_stm32l432xx.o(RESET)
 <LI><a href="#[25]">PVD_PVM_IRQHandler</a> from .\build\startup_stm32l432xx.o(.text) referenced from .\build\startup_stm32l432xx.o(RESET)
 <LI><a href="#[22]">PendSV_Handler</a> from .\build\irq_cm4f.o(.text) referenced from .\build\startup_stm32l432xx.o(RESET)
 <LI><a href="#[57]">QUADSPI_IRQHandler</a> from .\build\startup_stm32l432xx.o(.text) referenced from .\build\startup_stm32l432xx.o(RESET)
 <LI><a href="#[29]">RCC_IRQHandler</a> from .\build\startup_stm32l432xx.o(.text) referenced from .\build\startup_stm32l432xx.o(RESET)
 <LI><a href="#[5d]">RNG_IRQHandler</a> from .\build\startup_stm32l432xx.o(.text) referenced from .\build\startup_stm32l432xx.o(RESET)
 <LI><a href="#[47]">RTC_Alarm_IRQHandler</a> from .\build\startup_stm32l432xx.o(.text) referenced from .\build\startup_stm32l432xx.o(RESET)
 <LI><a href="#[27]">RTC_WKUP_IRQHandler</a> from .\build\startup_stm32l432xx.o(.text) referenced from .\build\startup_stm32l432xx.o(RESET)
 <LI><a href="#[1a]">Reset_Handler</a> from .\build\startup_stm32l432xx.o(.text) referenced from .\build\startup_stm32l432xx.o(RESET)
 <LI><a href="#[5a]">SAI1_IRQHandler</a> from .\build\startup_stm32l432xx.o(.text) referenced from .\build\startup_stm32l432xx.o(RESET)
 <LI><a href="#[43]">SPI1_IRQHandler</a> from .\build\startup_stm32l432xx.o(.text) referenced from .\build\startup_stm32l432xx.o(RESET)
 <LI><a href="#[48]">SPI3_IRQHandler</a> from .\build\startup_stm32l432xx.o(.text) referenced from .\build\startup_stm32l432xx.o(RESET)
 <LI><a href="#[20]">SVC_Handler</a> from .\build\irq_cm4f.o(.text) referenced from .\build\startup_stm32l432xx.o(RESET)
 <LI><a href="#[5b]">SWPMI1_IRQHandler</a> from .\build\startup_stm32l432xx.o(.text) referenced from .\build\startup_stm32l432xx.o(RESET)
 <LI><a href="#[23]">SysTick_Handler</a> from .\build\irq_cm4f.o(.text) referenced from .\build\startup_stm32l432xx.o(RESET)
 <LI><a href="#[60]">SystemInit</a> from .\build\system_clock.o(i.SystemInit) referenced from .\build\startup_stm32l432xx.o(.text)
 <LI><a href="#[26]">TAMP_STAMP_IRQHandler</a> from .\build\startup_stm32l432xx.o(.text) referenced from .\build\startup_stm32l432xx.o(RESET)
 <LI><a href="#[3c]">TIM1_BRK_TIM15_IRQHandler</a> from .\build\startup_stm32l432xx.o(.text) referenced from .\build\startup_stm32l432xx.o(RESET)
 <LI><a href="#[3f]">TIM1_CC_IRQHandler</a> from .\build\startup_stm32l432xx.o(.text) referenced from .\build\startup_stm32l432xx.o(RESET)
 <LI><a href="#[3e]">TIM1_TRG_COM_IRQHandler</a> from .\build\startup_stm32l432xx.o(.text) referenced from .\build\startup_stm32l432xx.o(RESET)
 <LI><a href="#[3d]">TIM1_UP_TIM16_IRQHandler</a> from .\build\startup_stm32l432xx.o(.text) referenced from .\build\startup_stm32l432xx.o(RESET)
 <LI><a href="#[40]">TIM2_IRQHandler</a> from .\build\startup_stm32l432xx.o(.text) referenced from .\build\startup_stm32l432xx.o(RESET)
 <LI><a href="#[49]">TIM6_DAC_IRQHandler</a> from .\build\startup_stm32l432xx.o(.text) referenced from .\build\startup_stm32l432xx.o(RESET)
 <LI><a href="#[4a]">TIM7_IRQHandler</a> from .\build\startup_stm32l432xx.o(.text) referenced from .\build\startup_stm32l432xx.o(RESET)
 <LI><a href="#[5c]">TSC_IRQHandler</a> from .\build\startup_stm32l432xx.o(.text) referenced from .\build\startup_stm32l432xx.o(RESET)
 <LI><a href="#[44]">USART1_IRQHandler</a> from .\build\startup_stm32l432xx.o(.text) referenced from .\build\startup_stm32l432xx.o(RESET)
 <LI><a href="#[45]">USART2_IRQHandler</a> from .\build\startup_stm32l432xx.o(.text) referenced from .\build\startup_stm32l432xx.o(RESET)
 <LI><a href="#[53]">USB_IRQHandler</a> from .\build\startup_stm32l432xx.o(.text) referenced from .\build\startup_stm32l432xx.o(RESET)
 <LI><a href="#[1f]">UsageFault_Handler</a> from .\build\startup_stm32l432xx.o(.text) referenced from .\build\startup_stm32l432xx.o(RESET)
 <LI><a href="#[24]">WWDG_IRQHandler</a> from .\build\startup_stm32l432xx.o(.text) referenced from .\build\startup_stm32l432xx.o(RESET)
 <LI><a href="#[6d]">messageArrived(MQTT::MessageData&)</a> from .\build\main.o(i._Z14messageArrivedRN4MQTT11MessageDataE) referenced from .\build\main.o(i._Z16test_ESP8266MQTTv)
 <LI><a href="#[19]">default_idle_hook()</a> from .\build\mbed_rtx_idle.o(i._Z17default_idle_hookv) referenced 2 times from .\build\mbed_rtx_idle.o(.data)
 <LI><a href="#[6e]">unhandled_callback()</a> from .\build\serialterminal.o(i._Z18unhandled_callbackv) referenced from .\build\serialterminal.o(i._ZN14SerialTerminalC1E7PinNameS0_tiNS_13Receiver_modeE)
 <LI><a href="#[6f]">unhandled_callback_2(unsigned char*, unsigned short)</a> from .\build\serialterminal.o(i._Z20unhandled_callback_2Pht) referenced from .\build\serialterminal.o(i._ZN14SerialTerminalC1E7PinNameS0_tiNS_13Receiver_modeE)
 <LI><a href="#[aa]">NetworkStack::gethostbyname(const char*, SocketAddress*, nsapi_version)</a> from .\build\networkstack.o(i._ZN12NetworkStack13gethostbynameEPKcP13SocketAddress13nsapi_version) referenced from .\build\networkstack.o(.constdata__ZTV12NetworkStack)
 <LI><a href="#[aa]">NetworkStack::gethostbyname(const char*, SocketAddress*, nsapi_version)</a> from .\build\networkstack.o(i._ZN12NetworkStack13gethostbynameEPKcP13SocketAddress13nsapi_version) referenced from .\build\esp8266interface.o(.constdata__ZTV16ESP8266Interface)
 <LI><a href="#[ab]">WiFiInterface::~WiFiInterface__sub_object()</a> from .\build\esp8266interface.o(i._ZN13WiFiInterfaceD2Ev) referenced from .\build\esp8266interface.o(.constdata__ZTV13WiFiInterface)
 <LI><a href="#[ae]">SerialTerminal::lock()</a> from .\build\serialterminal.o(i._ZN14SerialTerminal4lockEv) referenced from .\build\serialterminal.o(.constdata__ZTV14SerialTerminal)
 <LI><a href="#[af]">SerialTerminal::unlock()</a> from .\build\serialterminal.o(i._ZN14SerialTerminal6unlockEv) referenced from .\build\serialterminal.o(.constdata__ZTV14SerialTerminal)
 <LI><a href="#[b1]">ESP8266Interface::socket_open(void**, nsapi_protocol)</a> from .\build\esp8266interface.o(i._ZN16ESP8266Interface11socket_openEPPv14nsapi_protocol) referenced from .\build\esp8266interface.o(.constdata__ZTV16ESP8266Interface)
 <LI><a href="#[b5]">ESP8266Interface::socket_recv(void*, void*, unsigned)</a> from .\build\esp8266interface.o(i._ZN16ESP8266Interface11socket_recvEPvS0_j) referenced from .\build\esp8266interface.o(.constdata__ZTV16ESP8266Interface)
 <LI><a href="#[b4]">ESP8266Interface::socket_send(void*, const void*, unsigned)</a> from .\build\esp8266interface.o(i._ZN16ESP8266Interface11socket_sendEPvPKvj) referenced from .\build\esp8266interface.o(.constdata__ZTV16ESP8266Interface)
 <LI><a href="#[b2]">ESP8266Interface::socket_close(void*)</a> from .\build\esp8266interface.o(i._ZN16ESP8266Interface12socket_closeEPv) referenced from .\build\esp8266interface.o(.constdata__ZTV16ESP8266Interface)
 <LI><a href="#[b8]">ESP8266Interface::socket_attach(void*, void(*)(void*), void*)</a> from .\build\esp8266interface.o(i._ZN16ESP8266Interface13socket_attachEPvPFvS0_ES0_) referenced from .\build\esp8266interface.o(.constdata__ZTV16ESP8266Interface)
 <LI><a href="#[b6]">ESP8266Interface::socket_sendto(void*, const SocketAddress&, const void*, unsigned)</a> from .\build\esp8266interface.o(i._ZN16ESP8266Interface13socket_sendtoEPvRK13SocketAddressPKvj) referenced from .\build\esp8266interface.o(.constdata__ZTV16ESP8266Interface)
 <LI><a href="#[b0]">ESP8266Interface::get_ip_address()</a> from .\build\esp8266interface.o(i._ZN16ESP8266Interface14get_ip_addressEv) referenced from .\build\esp8266interface.o(.constdata__ZTV16ESP8266Interface)
 <LI><a href="#[b3]">ESP8266Interface::socket_connect(void*, const SocketAddress&)</a> from .\build\esp8266interface.o(i._ZN16ESP8266Interface14socket_connectEPvRK13SocketAddress) referenced from .\build\esp8266interface.o(.constdata__ZTV16ESP8266Interface)
 <LI><a href="#[bc]">ESP8266Interface::get_mac_address()</a> from .\build\esp8266interface.o(i._ZN16ESP8266Interface15get_mac_addressEv) referenced from .\build\esp8266interface.o(.constdata__ZTV16ESP8266Interface)
 <LI><a href="#[bb]">ESP8266Interface::set_credentials(const char*, const char*, nsapi_security)</a> from .\build\esp8266interface.o(i._ZN16ESP8266Interface15set_credentialsEPKcS1_14nsapi_security) referenced from .\build\esp8266interface.o(.constdata__ZTV16ESP8266Interface)
 <LI><a href="#[b7]">ESP8266Interface::socket_recvfrom(void*, SocketAddress*, void*, unsigned)</a> from .\build\esp8266interface.o(i._ZN16ESP8266Interface15socket_recvfromEPvP13SocketAddressS0_j) referenced from .\build\esp8266interface.o(.constdata__ZTV16ESP8266Interface)
 <LI><a href="#[a7]">ESP8266Interface::event()</a> from .\build\esp8266interface.o(i._ZN16ESP8266Interface5eventEv) referenced from .\build\esp8266interface.o(.constdata)
 <LI><a href="#[ba]">ESP8266Interface::connect(const char*, const char*, nsapi_security, unsigned char)</a> from .\build\esp8266interface.o(i._ZN16ESP8266Interface7connectEPKcS1_14nsapi_securityh) referenced from .\build\esp8266interface.o(.constdata__ZTV16ESP8266Interface)
 <LI><a href="#[b9]">ESP8266Interface::connect()</a> from .\build\esp8266interface.o(i._ZN16ESP8266Interface7connectEv) referenced from .\build\esp8266interface.o(.constdata__ZTV16ESP8266Interface)
 <LI><a href="#[78]">ESP8266Interface::~ESP8266Interface()</a> from .\build\esp8266interface.o(i._ZN16ESP8266InterfaceD1Ev) referenced from .\build\esp8266interface.o(.constdata__ZTV16ESP8266Interface)
 <LI><a href="#[78]">ESP8266Interface::~ESP8266Interface()</a> from .\build\esp8266interface.o(i._ZN16ESP8266InterfaceD1Ev) referenced from .\build\main.o(i.__sti___8_main_cpp_led1)
 <LI><a href="#[ad]">NetworkInterface::get_ip_address()</a> from .\build\networkinterface.o(i._ZN16NetworkInterface14get_ip_addressEv) referenced from .\build\esp8266interface.o(.constdata__ZTV13WiFiInterface)
 <LI><a href="#[ad]">NetworkInterface::get_ip_address()</a> from .\build\networkinterface.o(i._ZN16NetworkInterface14get_ip_addressEv) referenced from .\build\networkinterface.o(.constdata__ZTV16NetworkInterface)
 <LI><a href="#[ac]">NetworkInterface::get_mac_address()</a> from .\build\networkinterface.o(i._ZN16NetworkInterface15get_mac_addressEv) referenced from .\build\esp8266interface.o(.constdata__ZTV13WiFiInterface)
 <LI><a href="#[ac]">NetworkInterface::get_mac_address()</a> from .\build\networkinterface.o(i._ZN16NetworkInterface15get_mac_addressEv) referenced from .\build\networkinterface.o(.constdata__ZTV16NetworkInterface)
 <LI><a href="#[9a]">MQTT::Client&lang;MQTTNetwork, Countdown, (int)100, (int)5&rang;::MessageHandlers::MessageHandlers()</a> from .\build\main.o(i._ZN4MQTT6ClientI11MQTTNetwork9CountdownLi100ELi5EE15MessageHandlersC1Ev) referenced from .\build\main.o(t._ZN4MQTT6ClientI11MQTTNetwork9CountdownLi100ELi5EEC1ERS1_j)
 <LI><a href="#[a5]">Test::subscriptionCb(const char*, void*, unsigned short)</a> from .\build\main.o(i._ZN4Test14subscriptionCbEPKcPvt) referenced from .\build\main.o(.constdata)
 <LI><a href="#[a6]">Test::task()</a> from .\build\main.o(i._ZN4Test4taskEv) referenced from .\build\main.o(.constdata)
 <LI><a href="#[75]">__rw::__rw_locale_vector&lang;__rw::__rw_cat*&rang;::~__rw_locale_vector()</a> from C:\Keil_v5\ARM\ARMCC\Bin\..\lib\cpplib\cpp_ws.l(rwcats.o)(t._ZN4__rw18__rw_locale_vectorIPNS_8__rw_catEED1Ev) referenced from C:\Keil_v5\ARM\ARMCC\Bin\..\lib\cpplib\cpp_ws.l(rwcats.o)(i.__sti___10_rwcats_cpp_64e8068e)
 <LI><a href="#[c9]">mbed::FileHandle::size()</a> from .\build\filehandle.o(i._ZN4mbed10FileHandle4sizeEv) referenced from .\build\filehandle.o(.constdata__ZTVN4mbed10FileHandleE)
 <LI><a href="#[c9]">mbed::FileHandle::size()</a> from .\build\filehandle.o(i._ZN4mbed10FileHandle4sizeEv) referenced from .\build\uartserial.o(.constdata__ZTVN4mbed10UARTSerialE)
 <LI><a href="#[c8]">mbed::FileHandle::isatty()</a> from .\build\filehandle.o(i._ZN4mbed10FileHandle6isattyEv) referenced from .\build\filehandle.o(.constdata__ZTVN4mbed10FileHandleE)
 <LI><a href="#[71]">mbed::SerialBase::_irq_handler(unsigned, SerialIrq)</a> from .\build\serialbase.o(i._ZN4mbed10SerialBase12_irq_handlerEj9SerialIrq) referenced from .\build\serialbase.o(i._ZN4mbed10SerialBaseC1E7PinNameS1_i)
 <LI><a href="#[cb]">mbed::SerialBase::lock()</a> from .\build\serialbase.o(i._ZN4mbed10SerialBase4lockEv) referenced from .\build\serialbase.o(.constdata__ZTVN4mbed10SerialBaseE)
 <LI><a href="#[cc]">mbed::SerialBase::unlock()</a> from .\build\serialbase.o(i._ZN4mbed10SerialBase6unlockEv) referenced from .\build\serialbase.o(.constdata__ZTVN4mbed10SerialBaseE)
 <LI><a href="#[cd]">mbed::SerialBase::~SerialBase()</a> from .\build\serialbase.o(i._ZN4mbed10SerialBaseD1Ev) referenced from .\build\serialbase.o(.constdata__ZTVN4mbed10SerialBaseE)
 <LI><a href="#[73]">mbed::TimerEvent::irq(unsigned)</a> from .\build\timerevent.o(i._ZN4mbed10TimerEvent3irqEj) referenced from .\build\timerevent.o(i._ZN4mbed10TimerEventC2Ev)
 <LI><a href="#[d9]">mbed::UARTSerial::api_unlock()</a> from .\build\uartserial.o(i._ZN4mbed10UARTSerial10api_unlockEv) referenced from .\build\uartserial.o(.constdata__ZTVN4mbed10UARTSerialE)
 <LI><a href="#[ce]">mbed::UARTSerial::lock()</a> from .\build\uartserial.o(i._ZN4mbed10UARTSerial4lockEv) referenced from .\build\uartserial.o(.constdata__ZTVN4mbed10UARTSerialE)
 <LI><a href="#[d3]">mbed::UARTSerial::read(void*, unsigned)</a> from .\build\uartserial.o(i._ZN4mbed10UARTSerial4readEPvj) referenced from .\build\uartserial.o(.constdata__ZTVN4mbed10UARTSerialE)
 <LI><a href="#[d6]">mbed::UARTSerial::seek(long, int)</a> from .\build\uartserial.o(i._ZN4mbed10UARTSerial4seekEli) referenced from .\build\uartserial.o(.constdata__ZTVN4mbed10UARTSerialE)
 <LI><a href="#[d4]">mbed::UARTSerial::close()</a> from .\build\uartserial.o(i._ZN4mbed10UARTSerial5closeEv) referenced from .\build\uartserial.o(.constdata__ZTVN4mbed10UARTSerialE)
 <LI><a href="#[d7]">mbed::UARTSerial::sigio(mbed::Callback&lang;void()&rang;)</a> from .\build\uartserial.o(i._ZN4mbed10UARTSerial5sigioENS_8CallbackIFvvEEE) referenced from .\build\uartserial.o(.constdata__ZTVN4mbed10UARTSerialE)
 <LI><a href="#[d2]">mbed::UARTSerial::write(const void*, unsigned)</a> from .\build\uartserial.o(i._ZN4mbed10UARTSerial5writeEPKvj) referenced from .\build\uartserial.o(.constdata__ZTVN4mbed10UARTSerialE)
 <LI><a href="#[d5]">mbed::UARTSerial::isatty()</a> from .\build\uartserial.o(i._ZN4mbed10UARTSerial6isattyEv) referenced from .\build\uartserial.o(.constdata__ZTVN4mbed10UARTSerialE)
 <LI><a href="#[a4]">mbed::UARTSerial::rx_irq()</a> from .\build\uartserial.o(i._ZN4mbed10UARTSerial6rx_irqEv) referenced from .\build\uartserial.o(.constdata)
 <LI><a href="#[a3]">mbed::UARTSerial::tx_irq()</a> from .\build\uartserial.o(i._ZN4mbed10UARTSerial6tx_irqEv) referenced from .\build\uartserial.o(.constdata)
 <LI><a href="#[cf]">mbed::UARTSerial::unlock()</a> from .\build\uartserial.o(i._ZN4mbed10UARTSerial6unlockEv) referenced from .\build\uartserial.o(.constdata__ZTVN4mbed10UARTSerialE)
 <LI><a href="#[a2]">mbed::UARTSerial::dcd_irq()</a> from .\build\uartserial.o(i._ZN4mbed10UARTSerial7dcd_irqEv) referenced from .\build\uartserial.o(.constdata)
 <LI><a href="#[d8]">mbed::UARTSerial::api_lock()</a> from .\build\uartserial.o(i._ZN4mbed10UARTSerial8api_lockEv) referenced from .\build\uartserial.o(.constdata__ZTVN4mbed10UARTSerialE)
 <LI><a href="#[d0]">mbed::UARTSerial::~UARTSerial()</a> from .\build\uartserial.o(i._ZN4mbed10UARTSerialD1Ev) referenced from .\build\uartserial.o(.constdata__ZTVN4mbed10UARTSerialE)
 <LI><a href="#[76]">mbed::Transaction&lang;mbed::SPI&rang;::Transaction()</a> from .\build\spi.o(t._ZN4mbed11TransactionINS_3SPIEEC1Ev) referenced from .\build\spi.o(i.__sti___7_SPI_cpp_ab1f1164)
 <LI><a href="#[9b]">mbed::Transaction&lang;mbed::SPI&rang;::~Transaction()</a> from .\build\spi.o(t._ZN4mbed11TransactionINS_3SPIEED1Ev) referenced from .\build\spi.o(t._ZN4mbed14CircularBufferINS_11TransactionINS_3SPIEEELj2EjED1Ev)
 <LI><a href="#[77]">mbed::CircularBuffer&lang;mbed::Transaction&lang;mbed::SPI&rang;, (unsigned)2, unsigned&rang;::~CircularBuffer()</a> from .\build\spi.o(t._ZN4mbed14CircularBufferINS_11TransactionINS_3SPIEEELj2EjED1Ev) referenced from .\build\spi.o(i.__sti___7_SPI_cpp_ab1f1164)
 <LI><a href="#[e0]">mbed::Ticker::handler()</a> from .\build\ticker.o(i._ZN4mbed6Ticker7handlerEv) referenced from .\build\ticker.o(.constdata__ZTVN4mbed6TickerE)
 <LI><a href="#[e3]">bool mbed::Callback&lang;bool(unsigned char*, unsigned short)&rang;::function_call&lang;bool(*)(unsigned char*, unsigned short)&rang;(const void*, unsigned char*, unsigned short)</a> from .\build\serialterminal.o(t._ZN4mbed8CallbackIFbPhtEE13function_callIPS2_EEbPKvS1_t) referenced from .\build\serialterminal.o(.constdata__ZZN4mbed8CallbackIFbPhtEE8generateIPS2_EEvRKT_E3ops)
 <LI><a href="#[e5]">void mbed::Callback&lang;bool(unsigned char*, unsigned short)&rang;::function_dtor&lang;bool(*)(unsigned char*, unsigned short)&rang;(void*)</a> from .\build\serialterminal.o(t._ZN4mbed8CallbackIFbPhtEE13function_dtorIPS2_EEvPv) referenced from .\build\serialterminal.o(.constdata__ZZN4mbed8CallbackIFbPhtEE8generateIPS2_EEvRKT_E3ops)
 <LI><a href="#[e4]">void mbed::Callback&lang;bool(unsigned char*, unsigned short)&rang;::function_move&lang;bool(*)(unsigned char*, unsigned short)&rang;(void*, const void*)</a> from .\build\serialterminal.o(t._ZN4mbed8CallbackIFbPhtEE13function_moveIPS2_EEvPvPKv) referenced from .\build\serialterminal.o(.constdata__ZZN4mbed8CallbackIFbPhtEE8generateIPS2_EEvRKT_E3ops)
 <LI><a href="#[e6]">void mbed::Callback&lang;void(int)&rang;::function_call&lang;void(*)(int)&rang;(const void*, int)</a> from .\build\eventqueue.o(t._ZN4mbed8CallbackIFviEE13function_callIPS1_EEvPKvi) referenced from .\build\eventqueue.o(.constdata__ZZN4mbed8CallbackIFviEE8generateIPS1_EEvRKT_E3ops)
 <LI><a href="#[e8]">void mbed::Callback&lang;void(int)&rang;::function_dtor&lang;void(*)(int)&rang;(void*)</a> from .\build\eventqueue.o(t._ZN4mbed8CallbackIFviEE13function_dtorIPS1_EEvPv) referenced from .\build\eventqueue.o(.constdata__ZZN4mbed8CallbackIFviEE8generateIPS1_EEvRKT_E3ops)
 <LI><a href="#[e7]">void mbed::Callback&lang;void(int)&rang;::function_move&lang;void(*)(int)&rang;(void*, const void*)</a> from .\build\eventqueue.o(t._ZN4mbed8CallbackIFviEE13function_moveIPS1_EEvPvPKv) referenced from .\build\eventqueue.o(.constdata__ZZN4mbed8CallbackIFviEE8generateIPS1_EEvRKT_E3ops)
 <LI><a href="#[e9]">void mbed::Callback&lang;void()&rang;::function_call&lang;mbed::Callback&lang;void()&rang;::method_context&lang;ESP8266Interface, void(ESP8266Interface::*)()&rang;&rang;(const void*)</a> from .\build\esp8266interface.o(t._ZN4mbed8CallbackIFvvEE13function_callINS2_14method_contextI16ESP8266InterfaceMS5_FvvEEEEEvPKv) referenced from .\build\esp8266interface.o(.constdata__ZZN4mbed8CallbackIFvvEE8generateINS2_14method_contextI16ESP8266InterfaceMS5_FvvEEEEEvRKT_E3ops)
 <LI><a href="#[ec]">void mbed::Callback&lang;void()&rang;::function_call&lang;mbed::Callback&lang;void()&rang;::method_context&lang;Socket, void(Socket::*)()&rang;&rang;(const void*)</a> from .\build\socket.o(t._ZN4mbed8CallbackIFvvEE13function_callINS2_14method_contextI6SocketMS5_FvvEEEEEvPKv) referenced from .\build\socket.o(.constdata__ZZN4mbed8CallbackIFvvEE8generateINS2_14method_contextI6SocketMS5_FvvEEEEEvRKT_E3ops)
 <LI><a href="#[ef]">void mbed::Callback&lang;void()&rang;::function_call&lang;mbed::Callback&lang;void()&rang;::method_context&lang;ESP8266, void(ESP8266::*)()&rang;&rang;(const void*)</a> from .\build\esp8266.o(t._ZN4mbed8CallbackIFvvEE13function_callINS2_14method_contextI7ESP8266MS5_FvvEEEEEvPKv) referenced from .\build\esp8266.o(.constdata__ZZN4mbed8CallbackIFvvEE8generateINS2_14method_contextI7ESP8266MS5_FvvEEEEEvRKT_E3ops)
 <LI><a href="#[f2]">void mbed::Callback&lang;void()&rang;::function_call&lang;mbed::Callback&lang;void()&rang;::method_context&lang;mbed::UARTSerial, void(mbed::UARTSerial::*)()&rang;&rang;(const void*)</a> from .\build\uartserial.o(t._ZN4mbed8CallbackIFvvEE13function_callINS2_14method_contextINS_10UARTSerialEMS5_FvvEEEEEvPKv) referenced from .\build\uartserial.o(.constdata__ZZN4mbed8CallbackIFvvEE8generateINS2_14method_contextINS_10UARTSerialEMS5_FvvEEEEEvRKT_E3ops)
 <LI><a href="#[f5]">void mbed::Callback&lang;void()&rang;::function_call&lang;void(*)()&rang;(const void*)</a> from .\build\atcmdparser.o(t._ZN4mbed8CallbackIFvvEE13function_callIPS1_EEvPKv) referenced from .\build\atcmdparser.o(.constdata__ZZN4mbed8CallbackIFvvEE8generateIPS1_EEvRKT_E3ops)
 <LI><a href="#[eb]">void mbed::Callback&lang;void()&rang;::function_dtor&lang;mbed::Callback&lang;void()&rang;::method_context&lang;ESP8266Interface, void(ESP8266Interface::*)()&rang;&rang;(void*)</a> from .\build\esp8266interface.o(t._ZN4mbed8CallbackIFvvEE13function_dtorINS2_14method_contextI16ESP8266InterfaceMS5_FvvEEEEEvPv) referenced from .\build\esp8266interface.o(.constdata__ZZN4mbed8CallbackIFvvEE8generateINS2_14method_contextI16ESP8266InterfaceMS5_FvvEEEEEvRKT_E3ops)
 <LI><a href="#[ee]">void mbed::Callback&lang;void()&rang;::function_dtor&lang;mbed::Callback&lang;void()&rang;::method_context&lang;Socket, void(Socket::*)()&rang;&rang;(void*)</a> from .\build\socket.o(t._ZN4mbed8CallbackIFvvEE13function_dtorINS2_14method_contextI6SocketMS5_FvvEEEEEvPv) referenced from .\build\socket.o(.constdata__ZZN4mbed8CallbackIFvvEE8generateINS2_14method_contextI6SocketMS5_FvvEEEEEvRKT_E3ops)
 <LI><a href="#[f1]">void mbed::Callback&lang;void()&rang;::function_dtor&lang;mbed::Callback&lang;void()&rang;::method_context&lang;ESP8266, void(ESP8266::*)()&rang;&rang;(void*)</a> from .\build\esp8266.o(t._ZN4mbed8CallbackIFvvEE13function_dtorINS2_14method_contextI7ESP8266MS5_FvvEEEEEvPv) referenced from .\build\esp8266.o(.constdata__ZZN4mbed8CallbackIFvvEE8generateINS2_14method_contextI7ESP8266MS5_FvvEEEEEvRKT_E3ops)
 <LI><a href="#[f4]">void mbed::Callback&lang;void()&rang;::function_dtor&lang;mbed::Callback&lang;void()&rang;::method_context&lang;mbed::UARTSerial, void(mbed::UARTSerial::*)()&rang;&rang;(void*)</a> from .\build\uartserial.o(t._ZN4mbed8CallbackIFvvEE13function_dtorINS2_14method_contextINS_10UARTSerialEMS5_FvvEEEEEvPv) referenced from .\build\uartserial.o(.constdata__ZZN4mbed8CallbackIFvvEE8generateINS2_14method_contextINS_10UARTSerialEMS5_FvvEEEEEvRKT_E3ops)
 <LI><a href="#[f7]">void mbed::Callback&lang;void()&rang;::function_dtor&lang;void(*)()&rang;(void*)</a> from .\build\atcmdparser.o(t._ZN4mbed8CallbackIFvvEE13function_dtorIPS1_EEvPv) referenced from .\build\atcmdparser.o(.constdata__ZZN4mbed8CallbackIFvvEE8generateIPS1_EEvRKT_E3ops)
 <LI><a href="#[ea]">void mbed::Callback&lang;void()&rang;::function_move&lang;mbed::Callback&lang;void()&rang;::method_context&lang;ESP8266Interface, void(ESP8266Interface::*)()&rang;&rang;(void*, const void*)</a> from .\build\esp8266interface.o(t._ZN4mbed8CallbackIFvvEE13function_moveINS2_14method_contextI16ESP8266InterfaceMS5_FvvEEEEEvPvPKv) referenced from .\build\esp8266interface.o(.constdata__ZZN4mbed8CallbackIFvvEE8generateINS2_14method_contextI16ESP8266InterfaceMS5_FvvEEEEEvRKT_E3ops)
 <LI><a href="#[ed]">void mbed::Callback&lang;void()&rang;::function_move&lang;mbed::Callback&lang;void()&rang;::method_context&lang;Socket, void(Socket::*)()&rang;&rang;(void*, const void*)</a> from .\build\socket.o(t._ZN4mbed8CallbackIFvvEE13function_moveINS2_14method_contextI6SocketMS5_FvvEEEEEvPvPKv) referenced from .\build\socket.o(.constdata__ZZN4mbed8CallbackIFvvEE8generateINS2_14method_contextI6SocketMS5_FvvEEEEEvRKT_E3ops)
 <LI><a href="#[f0]">void mbed::Callback&lang;void()&rang;::function_move&lang;mbed::Callback&lang;void()&rang;::method_context&lang;ESP8266, void(ESP8266::*)()&rang;&rang;(void*, const void*)</a> from .\build\esp8266.o(t._ZN4mbed8CallbackIFvvEE13function_moveINS2_14method_contextI7ESP8266MS5_FvvEEEEEvPvPKv) referenced from .\build\esp8266.o(.constdata__ZZN4mbed8CallbackIFvvEE8generateINS2_14method_contextI7ESP8266MS5_FvvEEEEEvRKT_E3ops)
 <LI><a href="#[f3]">void mbed::Callback&lang;void()&rang;::function_move&lang;mbed::Callback&lang;void()&rang;::method_context&lang;mbed::UARTSerial, void(mbed::UARTSerial::*)()&rang;&rang;(void*, const void*)</a> from .\build\uartserial.o(t._ZN4mbed8CallbackIFvvEE13function_moveINS2_14method_contextINS_10UARTSerialEMS5_FvvEEEEEvPvPKv) referenced from .\build\uartserial.o(.constdata__ZZN4mbed8CallbackIFvvEE8generateINS2_14method_contextINS_10UARTSerialEMS5_FvvEEEEEvRKT_E3ops)
 <LI><a href="#[f6]">void mbed::Callback&lang;void()&rang;::function_move&lang;void(*)()&rang;(void*, const void*)</a> from .\build\atcmdparser.o(t._ZN4mbed8CallbackIFvvEE13function_moveIPS1_EEvPvPKv) referenced from .\build\atcmdparser.o(.constdata__ZZN4mbed8CallbackIFvvEE8generateIPS1_EEvRKT_E3ops)
 <LI><a href="#[74]">mbed::Callback&lang;void()&rang;::thunk(void*)</a> from .\build\tcpserver.o(t._ZN4mbed8CallbackIFvvEE5thunkEPv) referenced from .\build\socket.o(i._ZN6Socket4openEP12NetworkStack)
 <LI><a href="#[72]">mbed::Callback&lang;void()&rang;::~Callback()</a> from .\build\can.o(t._ZN4mbed8CallbackIFvvEED1Ev) referenced from .\build\serialbase.o(i._ZN4mbed10SerialBaseD1Ev)
 <LI><a href="#[e1]">mbed::RawSerial::lock()</a> from .\build\rawserial.o(i._ZN4mbed9RawSerial4lockEv) referenced from .\build\rawserial.o(.constdata__ZTVN4mbed9RawSerialE)
 <LI><a href="#[e2]">mbed::RawSerial::unlock()</a> from .\build\rawserial.o(i._ZN4mbed9RawSerial6unlockEv) referenced from .\build\rawserial.o(.constdata__ZTVN4mbed9RawSerialE)
 <LI><a href="#[79]">rtos::Mutex::~Mutex()</a> from .\build\mutex.o(i._ZN4rtos5MutexD1Ev) referenced from .\build\mqlib.o(i.__sti___9_MQLib_cpp_cf225734)
 <LI><a href="#[c0]">Socket::~Socket__sub_object()</a> from .\build\socket.o(i._ZN6SocketD2Ev) referenced from .\build\socket.o(.constdata__ZTV6Socket)
 <LI><a href="#[a8]">ESP8266::_packet_handler()</a> from .\build\esp8266.o(i._ZN7ESP826615_packet_handlerEv) referenced from .\build\esp8266.o(.constdata)
 <LI><a href="#[99]">Countdown::~Countdown()</a> from .\build\main.o(i._ZN9CountdownD1Ev) referenced from .\build\main.o(t._ZN4MQTT6ClientI11MQTTNetwork9CountdownLi100ELi5EE9keepaliveEv)
 <LI><a href="#[c4]">TCPSocket::event()</a> from .\build\tcpsocket.o(i._ZN9TCPSocket5eventEv) referenced from .\build\tcpsocket.o(.constdata__ZTV9TCPSocket)
 <LI><a href="#[c3]">TCPSocket::get_proto()</a> from .\build\tcpsocket.o(i._ZN9TCPSocket9get_protoEv) referenced from .\build\tcpsocket.o(.constdata__ZTV9TCPSocket)
 <LI><a href="#[c2]">TCPSocket::~TCPSocket__deallocating()</a> from .\build\tcpsocket.o(i._ZN9TCPSocketD0Ev) referenced from .\build\tcpsocket.o(.constdata__ZTV9TCPSocket)
 <LI><a href="#[c1]">TCPSocket::~TCPSocket()</a> from .\build\tcpsocket.o(i._ZN9TCPSocketD1Ev) referenced from .\build\tcpsocket.o(.constdata__ZTV9TCPSocket)
 <LI><a href="#[c7]">UDPSocket::event()</a> from .\build\udpsocket.o(i._ZN9UDPSocket5eventEv) referenced from .\build\udpsocket.o(.constdata__ZTV9UDPSocket)
 <LI><a href="#[c6]">UDPSocket::get_proto()</a> from .\build\udpsocket.o(i._ZN9UDPSocket9get_protoEv) referenced from .\build\udpsocket.o(.constdata__ZTV9UDPSocket)
 <LI><a href="#[c5]">UDPSocket::~UDPSocket()</a> from .\build\udpsocket.o(i._ZN9UDPSocketD1Ev) referenced from .\build\udpsocket.o(.constdata__ZTV9UDPSocket)
 <LI><a href="#[ca]">mbed::FileHandle::poll(short) const</a> from .\build\file.o(i._ZNK4mbed10FileHandle4pollEs) referenced from .\build\filehandle.o(.constdata__ZTVN4mbed10FileHandleE)
 <LI><a href="#[d1]">mbed::UARTSerial::poll(short) const</a> from .\build\uartserial.o(i._ZNK4mbed10UARTSerial4pollEs) referenced from .\build\uartserial.o(.constdata__ZTVN4mbed10UARTSerialE)
 <LI><a href="#[be]">thunk{-4} to ESP8266Interface::get_ip_address()</a> from .\build\esp8266interface.o(i._ZThn4_N16ESP8266Interface14get_ip_addressEv) referenced from .\build\esp8266interface.o(.constdata__ZTV16ESP8266Interface)
 <LI><a href="#[bd]">thunk{-4} to ESP8266Interface::get_mac_address()</a> from .\build\esp8266interface.o(i._ZThn4_N16ESP8266Interface15get_mac_addressEv) referenced from .\build\esp8266interface.o(.constdata__ZTV16ESP8266Interface)
 <LI><a href="#[bf]">thunk{-4} to ESP8266Interface::get_stack()</a> from .\build\esp8266interface.o(i._ZThn4_N16ESP8266Interface9get_stackEv) referenced from .\build\esp8266interface.o(.constdata__ZTV16ESP8266Interface)
 <LI><a href="#[da]">thunk{-76} to mbed::UARTSerial::read(void*, unsigned)</a> from .\build\uartserial.o(i._ZThn76_N4mbed10UARTSerial4readEPvj) referenced from .\build\uartserial.o(.constdata__ZTVN4mbed10UARTSerialE)
 <LI><a href="#[dc]">thunk{-76} to mbed::UARTSerial::seek(long, int)</a> from .\build\uartserial.o(i._ZThn76_N4mbed10UARTSerial4seekEli) referenced from .\build\uartserial.o(.constdata__ZTVN4mbed10UARTSerialE)
 <LI><a href="#[dd]">thunk{-76} to mbed::UARTSerial::close()</a> from .\build\uartserial.o(i._ZThn76_N4mbed10UARTSerial5closeEv) referenced from .\build\uartserial.o(.constdata__ZTVN4mbed10UARTSerialE)
 <LI><a href="#[db]">thunk{-76} to mbed::UARTSerial::write(const void*, unsigned)</a> from .\build\uartserial.o(i._ZThn76_N4mbed10UARTSerial5writeEPKvj) referenced from .\build\uartserial.o(.constdata__ZTVN4mbed10UARTSerialE)
 <LI><a href="#[de]">thunk{-76} to mbed::UARTSerial::isatty()</a> from .\build\uartserial.o(i._ZThn76_N4mbed10UARTSerial6isattyEv) referenced from .\build\uartserial.o(.constdata__ZTVN4mbed10UARTSerialE)
 <LI><a href="#[df]">thunk{-76} to mbed::UARTSerial::poll(short) const</a> from .\build\uartserial.o(i._ZThn76_NK4mbed10UARTSerial4pollEs) referenced from .\build\uartserial.o(.constdata__ZTVN4mbed10UARTSerialE)
 <LI><a href="#[a9]">__cxa_pure_virtual</a> from C:\Keil_v5\ARM\ARMCC\Bin\..\lib\cpplib\cpprt_w.l(pure_virt.o)(i.__cxa_pure_virtual) referenced 12 times from .\build\networkstack.o(.constdata__ZTV12NetworkStack)
 <LI><a href="#[a9]">__cxa_pure_virtual</a> from C:\Keil_v5\ARM\ARMCC\Bin\..\lib\cpplib\cpprt_w.l(pure_virt.o)(i.__cxa_pure_virtual) referenced 8 times from .\build\esp8266interface.o(.constdata__ZTV13WiFiInterface)
 <LI><a href="#[a9]">__cxa_pure_virtual</a> from C:\Keil_v5\ARM\ARMCC\Bin\..\lib\cpplib\cpprt_w.l(pure_virt.o)(i.__cxa_pure_virtual) referenced 3 times from .\build\networkinterface.o(.constdata__ZTV16NetworkInterface)
 <LI><a href="#[a9]">__cxa_pure_virtual</a> from C:\Keil_v5\ARM\ARMCC\Bin\..\lib\cpplib\cpprt_w.l(pure_virt.o)(i.__cxa_pure_virtual) referenced 2 times from .\build\socket.o(.constdata__ZTV6Socket)
 <LI><a href="#[a9]">__cxa_pure_virtual</a> from C:\Keil_v5\ARM\ARMCC\Bin\..\lib\cpplib\cpprt_w.l(pure_virt.o)(i.__cxa_pure_virtual) referenced 4 times from .\build\filehandle.o(.constdata__ZTVN4mbed10FileHandleE)
 <LI><a href="#[a9]">__cxa_pure_virtual</a> from C:\Keil_v5\ARM\ARMCC\Bin\..\lib\cpplib\cpprt_w.l(pure_virt.o)(i.__cxa_pure_virtual) referenced from .\build\timerevent.o(.constdata__ZTVN4mbed10TimerEventE)
 <LI><a href="#[fe]">__main</a> from C:\Keil_v5\ARM\ARMCC\Bin\..\lib\armlib\c_w.l(__main.o)(!!!main) referenced from .\build\startup_stm32l432xx.o(.text)
 <LI><a href="#[fc]">__sti___10_locale_cpp_ff99fc7b</a> from C:\Keil_v5\ARM\ARMCC\Bin\..\lib\cpplib\cpp_ws.l(locale.o)(i.__sti___10_locale_cpp_ff99fc7b) referenced from C:\Keil_v5\ARM\ARMCC\Bin\..\lib\cpplib\cpp_ws.l(locale.o)(.init_array)
 <LI><a href="#[fd]">__sti___10_rwcats_cpp_64e8068e</a> from C:\Keil_v5\ARM\ARMCC\Bin\..\lib\cpplib\cpp_ws.l(rwcats.o)(i.__sti___10_rwcats_cpp_64e8068e) referenced from C:\Keil_v5\ARM\ARMCC\Bin\..\lib\cpplib\cpp_ws.l(rwcats.o)(.init_array)
 <LI><a href="#[f8]">__sti___7_SPI_cpp_ab1f1164</a> from .\build\spi.o(i.__sti___7_SPI_cpp_ab1f1164) referenced from .\build\spi.o(.init_array)
 <LI><a href="#[fb]">__sti___8_char_cpp_a3dc957a</a> from C:\Keil_v5\ARM\ARMCC\Bin\..\lib\cpplib\cpp_ws.l(char.o)(i.__sti___8_char_cpp_a3dc957a) referenced from C:\Keil_v5\ARM\ARMCC\Bin\..\lib\cpplib\cpp_ws.l(char.o)(.init_array)
 <LI><a href="#[f9]">__sti___8_main_cpp_led1</a> from .\build\main.o(i.__sti___8_main_cpp_led1) referenced from .\build\main.o(.init_array)
 <LI><a href="#[fa]">__sti___9_MQLib_cpp_cf225734</a> from .\build\mqlib.o(i.__sti___9_MQLib_cpp_cf225734) referenced from .\build\mqlib.o(.init_array)
 <LI><a href="#[6a]">_fputc$unlocked</a> from C:\Keil_v5\ARM\ARMCC\Bin\..\lib\armlib\c_w.l(fputc.o)(i.fputc) referenced from C:\Keil_v5\ARM\ARMCC\Bin\..\lib\armlib\c_w.l(_printf_char_file_locked.o)(.text)
 <LI><a href="#[62]">_get_lc_ctype</a> from C:\Keil_v5\ARM\ARMCC\Bin\..\lib\armlib\c_w.l(lc_ctype_c.o)(locale$$code) referenced from C:\Keil_v5\ARM\ARMCC\Bin\..\lib\armlib\c_w.l(rt_ctype_table.o)(.text)
 <LI><a href="#[67]">_printf_input_char</a> from C:\Keil_v5\ARM\ARMCC\Bin\..\lib\armlib\c_w.l(_printf_char_common.o)(.text) referenced from C:\Keil_v5\ARM\ARMCC\Bin\..\lib\armlib\c_w.l(_printf_char_common.o)(.text)
 <LI><a href="#[66]">_sbackspace</a> from C:\Keil_v5\ARM\ARMCC\Bin\..\lib\armlib\c_w.l(_sgetc.o)(.text) referenced 3 times from C:\Keil_v5\ARM\ARMCC\Bin\..\lib\armlib\c_w.l(sscanf.o)(.text)
 <LI><a href="#[68]">_scanf_char_input</a> from C:\Keil_v5\ARM\ARMCC\Bin\..\lib\armlib\c_w.l(scanf_char.o)(.text) referenced from C:\Keil_v5\ARM\ARMCC\Bin\..\lib\armlib\c_w.l(scanf_char.o)(.text)
 <LI><a href="#[65]">_sgetc</a> from C:\Keil_v5\ARM\ARMCC\Bin\..\lib\armlib\c_w.l(_sgetc.o)(.text) referenced 3 times from C:\Keil_v5\ARM\ARMCC\Bin\..\lib\armlib\c_w.l(sscanf.o)(.text)
 <LI><a href="#[63]">_snputc</a> from C:\Keil_v5\ARM\ARMCC\Bin\..\lib\armlib\c_w.l(_snputc.o)(.text) referenced 2 times from C:\Keil_v5\ARM\ARMCC\Bin\..\lib\armlib\c_w.l(vsnprintf.o)(.text)
 <LI><a href="#[64]">_sputc</a> from C:\Keil_v5\ARM\ARMCC\Bin\..\lib\armlib\c_w.l(_sputc.o)(.text) referenced 2 times from C:\Keil_v5\ARM\ARMCC\Bin\..\lib\armlib\c_w.l(c89vsprintf.o)(.text)
 <LI><a href="#[6c]">bufchar</a> from .\build\mqttpacket.o(i.bufchar) referenced from .\build\mqttpacket.o(i.MQTTPacket_decodeBuf)
 <LI><a href="#[69]">isspace</a> from .\build\greentea_test_env.o(i.isspace) referenced from C:\Keil_v5\ARM\ARMCC\Bin\..\lib\armlib\c_w.l(scanf_char.o)(.text)
 <LI><a href="#[92]">lpuart1_irq</a> from .\build\serial_device.o(i.lpuart1_irq) referenced from .\build\serial_device.o(i.serial_irq_set)
 <LI><a href="#[93]">osRtxEventFlagsPostProcess</a> from .\build\rtx_evflags.o(i.osRtxEventFlagsPostProcess) referenced from .\build\rtx_evflags.o(i.svcRtxEventFlagsNew)
 <LI><a href="#[94]">osRtxIdleThread</a> from .\build\mbed_rtx_handlers.o(i.osRtxIdleThread) referenced from .\build\rtx_kernel.o(i.svcRtxKernelStart)
 <LI><a href="#[96]">osRtxMessageQueuePostProcess</a> from .\build\rtx_msgqueue.o(i.osRtxMessageQueuePostProcess) referenced from .\build\rtx_msgqueue.o(i.svcRtxMessageQueueNew)
 <LI><a href="#[98]">osRtxThreadPostProcess</a> from .\build\rtx_thread.o(i.osRtxThreadPostProcess) referenced from .\build\rtx_thread.o(i.svcRtxThreadNew)
 <LI><a href="#[95]">osRtxTimerThread</a> from .\build\rtx_timer.o(i.osRtxTimerThread) referenced from .\build\rtx_kernel.o(i.svcRtxKernelStart)
 <LI><a href="#[8a]">osRtxTimerTick</a> from .\build\rtx_timer.o(i.osRtxTimerTick) referenced from .\build\rtx_timer.o(i.osRtxTimerThread)
 <LI><a href="#[97]">osThreadExit</a> from .\build\rtx_thread.o(i.osThreadExit) referenced from .\build\rtx_thread.o(i.svcRtxThreadNew)
 <LI><a href="#[7a]">pre_main</a> from .\build\mbed_boot.o(i.pre_main) referenced from .\build\mbed_boot.o(i.mbed_start_main)
 <LI><a href="#[7b]">svcRtxDelay</a> from .\build\rtx_delay.o(i.svcRtxDelay) referenced from .\build\rtx_delay.o(i.osDelay)
 <LI><a href="#[7c]">svcRtxEventFlagsDelete</a> from .\build\rtx_evflags.o(i.svcRtxEventFlagsDelete) referenced from .\build\rtx_evflags.o(i.osEventFlagsDelete)
 <LI><a href="#[7d]">svcRtxEventFlagsNew</a> from .\build\rtx_evflags.o(i.svcRtxEventFlagsNew) referenced from .\build\rtx_evflags.o(i.osEventFlagsNew)
 <LI><a href="#[7e]">svcRtxEventFlagsSet</a> from .\build\rtx_evflags.o(i.svcRtxEventFlagsSet) referenced from .\build\rtx_evflags.o(i.osEventFlagsSet)
 <LI><a href="#[7f]">svcRtxEventFlagsWait</a> from .\build\rtx_evflags.o(i.svcRtxEventFlagsWait) referenced from .\build\rtx_evflags.o(i.osEventFlagsWait)
 <LI><a href="#[80]">svcRtxKernelGetState</a> from .\build\rtx_kernel.o(i.svcRtxKernelGetState) referenced from .\build\rtx_kernel.o(i.osKernelGetState)
 <LI><a href="#[81]">svcRtxKernelInitialize</a> from .\build\rtx_kernel.o(i.svcRtxKernelInitialize) referenced from .\build\rtx_kernel.o(i.osKernelInitialize)
 <LI><a href="#[82]">svcRtxKernelStart</a> from .\build\rtx_kernel.o(i.svcRtxKernelStart) referenced from .\build\rtx_kernel.o(i.osKernelStart)
 <LI><a href="#[83]">svcRtxMessageQueueGet</a> from .\build\rtx_msgqueue.o(i.svcRtxMessageQueueGet) referenced from .\build\rtx_msgqueue.o(i.osMessageQueueGet)
 <LI><a href="#[84]">svcRtxMessageQueueNew</a> from .\build\rtx_msgqueue.o(i.svcRtxMessageQueueNew) referenced from .\build\rtx_msgqueue.o(i.osMessageQueueNew)
 <LI><a href="#[85]">svcRtxMessageQueuePut</a> from .\build\rtx_msgqueue.o(i.svcRtxMessageQueuePut) referenced from .\build\rtx_msgqueue.o(i.osMessageQueuePut)
 <LI><a href="#[86]">svcRtxMutexAcquire</a> from .\build\rtx_mutex.o(i.svcRtxMutexAcquire) referenced from .\build\rtx_mutex.o(i.osMutexAcquire)
 <LI><a href="#[87]">svcRtxMutexDelete</a> from .\build\rtx_mutex.o(i.svcRtxMutexDelete) referenced from .\build\rtx_mutex.o(i.osMutexDelete)
 <LI><a href="#[88]">svcRtxMutexNew</a> from .\build\rtx_mutex.o(i.svcRtxMutexNew) referenced from .\build\rtx_mutex.o(i.osMutexNew)
 <LI><a href="#[89]">svcRtxMutexRelease</a> from .\build\rtx_mutex.o(i.svcRtxMutexRelease) referenced from .\build\rtx_mutex.o(i.osMutexRelease)
 <LI><a href="#[8c]">svcRtxThreadExit</a> from .\build\rtx_thread.o(i.svcRtxThreadExit) referenced from .\build\rtx_thread.o(i.osThreadExit)
 <LI><a href="#[8d]">svcRtxThreadGetId</a> from .\build\rtx_thread.o(i.svcRtxThreadGetId) referenced from .\build\rtx_thread.o(i.osThreadGetId)
 <LI><a href="#[8e]">svcRtxThreadGetName</a> from .\build\rtx_thread.o(i.svcRtxThreadGetName) referenced from .\build\rtx_thread.o(i.osThreadGetName)
 <LI><a href="#[8b]">svcRtxThreadNew</a> from .\build\rtx_thread.o(i.svcRtxThreadNew) referenced from .\build\rtx_thread.o(i.osThreadContextNew)
 <LI><a href="#[8f]">svcRtxThreadYield</a> from .\build\rtx_thread.o(i.svcRtxThreadYield) referenced from .\build\rtx_thread.o(i.osThreadYield)
 <LI><a href="#[6b]">timer_irq_handler</a> from .\build\hal_tick_32b.o(i.timer_irq_handler) referenced from .\build\hal_tick_32b.o(i.HAL_InitTick)
 <LI><a href="#[90]">uart1_irq</a> from .\build\serial_device.o(i.uart1_irq) referenced from .\build\serial_device.o(i.serial_irq_set)
 <LI><a href="#[91]">uart2_irq</a> from .\build\serial_device.o(i.uart2_irq) referenced from .\build\serial_device.o(i.serial_irq_set)
 <LI><a href="#[9f]">us_ticker_clear_interrupt</a> from .\build\us_ticker_32b.o(i.us_ticker_clear_interrupt) referenced from .\build\mbed_us_ticker_api.o(.constdata)
 <LI><a href="#[9e]">us_ticker_disable_interrupt</a> from .\build\us_ticker_32b.o(i.us_ticker_disable_interrupt) referenced from .\build\mbed_us_ticker_api.o(.constdata)
 <LI><a href="#[a1]">us_ticker_fire_interrupt</a> from .\build\us_ticker_32b.o(i.us_ticker_fire_interrupt) referenced from .\build\mbed_us_ticker_api.o(.constdata)
 <LI><a href="#[9c]">us_ticker_init</a> from .\build\us_ticker_32b.o(i.us_ticker_init) referenced from .\build\mbed_us_ticker_api.o(.constdata)
 <LI><a href="#[9d]">us_ticker_read</a> from .\build\us_ticker_32b.o(i.us_ticker_read) referenced from .\build\mbed_us_ticker_api.o(.constdata)
 <LI><a href="#[a0]">us_ticker_set_interrupt</a> from .\build\us_ticker_32b.o(i.us_ticker_set_interrupt) referenced from .\build\mbed_us_ticker_api.o(.constdata)
</UL>
<P>
<H3>
Global Symbols
</H3>
<P><STRONG><a name="[fe]"></a>__main</STRONG> (Thumb, 8 bytes, Stack size 0 bytes, C:\Keil_v5\ARM\ARMCC\Bin\..\lib\armlib\c_w.l(__main.o)(!!!main))
<BR><BR>[Stack]<UL><LI>Max Depth = 444 + Unknown Stack Size
<LI>Call Chain = __main &rArr; __rt_entry &rArr; mbed_start_main &rArr; error &rArr; mbed_error_vfprintf &rArr; serial_init &rArr; mbed_assert_internal &rArr; mbed_die &rArr; gpio_init_out &rArr; gpio_init_out_ex &rArr; _gpio_init_out &rArr; gpio_init &rArr; gpio_set &rArr;  mbed_assert_internal (Cycle)
</UL>
<BR>[Calls]<UL><LI><a href="#[104]">&gt;&gt;</a>&nbsp;&nbsp;&nbsp;__rt_entry
<LI><a href="#[103]">&gt;&gt;</a>&nbsp;&nbsp;&nbsp;__scatterload
</UL>

<P><STRONG><a name="[103]"></a>__scatterload</STRONG> (Thumb, 0 bytes, Stack size unknown bytes, C:\Keil_v5\ARM\ARMCC\Bin\..\lib\armlib\c_w.l(__scatter.o)(!!!scatter))
<BR><BR>[Called By]<UL><LI><a href="#[fe]">&gt;&gt;</a>&nbsp;&nbsp;&nbsp;__main
</UL>

<P><STRONG><a name="[105]"></a>__scatterload_rt2</STRONG> (Thumb, 44 bytes, Stack size unknown bytes, C:\Keil_v5\ARM\ARMCC\Bin\..\lib\armlib\c_w.l(__scatter.o)(!!!scatter), UNUSED)
<BR><BR>[Calls]<UL><LI><a href="#[104]">&gt;&gt;</a>&nbsp;&nbsp;&nbsp;__rt_entry
</UL>

<P><STRONG><a name="[3ee]"></a>__scatterload_rt2_thumb_only</STRONG> (Thumb, 0 bytes, Stack size unknown bytes, C:\Keil_v5\ARM\ARMCC\Bin\..\lib\armlib\c_w.l(__scatter.o)(!!!scatter), UNUSED)

<P><STRONG><a name="[3ef]"></a>__scatterload_null</STRONG> (Thumb, 0 bytes, Stack size unknown bytes, C:\Keil_v5\ARM\ARMCC\Bin\..\lib\armlib\c_w.l(__scatter.o)(!!!scatter), UNUSED)

<P><STRONG><a name="[3f0]"></a>__decompress</STRONG> (Thumb, 90 bytes, Stack size unknown bytes, C:\Keil_v5\ARM\ARMCC\Bin\..\lib\armlib\c_w.l(__dczerorl2.o)(!!dczerorl2), UNUSED)

<P><STRONG><a name="[3f1]"></a>__decompress1</STRONG> (Thumb, 0 bytes, Stack size unknown bytes, C:\Keil_v5\ARM\ARMCC\Bin\..\lib\armlib\c_w.l(__dczerorl2.o)(!!dczerorl2), UNUSED)

<P><STRONG><a name="[3f2]"></a>__scatterload_zeroinit</STRONG> (Thumb, 28 bytes, Stack size unknown bytes, C:\Keil_v5\ARM\ARMCC\Bin\..\lib\armlib\c_w.l(__scatter_zi.o)(!!handler_zi), UNUSED)

<P><STRONG><a name="[106]"></a>_printf_n</STRONG> (Thumb, 0 bytes, Stack size unknown bytes, C:\Keil_v5\ARM\ARMCC\Bin\..\lib\armlib\c_w.l(_printf_n.o)(.ARM.Collect$$_printf_percent$$00000001))
<BR><BR>[Calls]<UL><LI><a href="#[107]">&gt;&gt;</a>&nbsp;&nbsp;&nbsp;_printf_charcount
</UL>

<P><STRONG><a name="[157]"></a>_printf_percent</STRONG> (Thumb, 0 bytes, Stack size unknown bytes, C:\Keil_v5\ARM\ARMCC\Bin\..\lib\armlib\c_w.l(_printf_percent.o)(.ARM.Collect$$_printf_percent$$00000000))
<BR><BR>[Called By]<UL><LI><a href="#[155]">&gt;&gt;</a>&nbsp;&nbsp;&nbsp;__printf
</UL>

<P><STRONG><a name="[108]"></a>_printf_p</STRONG> (Thumb, 0 bytes, Stack size unknown bytes, C:\Keil_v5\ARM\ARMCC\Bin\..\lib\armlib\c_w.l(_printf_p.o)(.ARM.Collect$$_printf_percent$$00000002))
<BR><BR>[Stack]<UL><LI>Max Depth = 64 + Unknown Stack Size
<LI>Call Chain = _printf_p &rArr; _printf_hex_ptr &rArr; _printf_longlong_hex &rArr; _printf_int_common &rArr; _printf_post_padding
</UL>
<BR>[Calls]<UL><LI><a href="#[109]">&gt;&gt;</a>&nbsp;&nbsp;&nbsp;_printf_hex_ptr
</UL>

<P><STRONG><a name="[10a]"></a>_printf_f</STRONG> (Thumb, 0 bytes, Stack size unknown bytes, C:\Keil_v5\ARM\ARMCC\Bin\..\lib\armlib\c_w.l(_printf_f.o)(.ARM.Collect$$_printf_percent$$00000003))
<BR><BR>[Stack]<UL><LI>Max Depth = 320 + Unknown Stack Size
<LI>Call Chain = _printf_f &rArr; _printf_fp_dec &rArr; _printf_fp_dec_real &rArr; _fp_digits &rArr; _btod_etento &rArr; _btod_emul &rArr; _e2e
</UL>
<BR>[Calls]<UL><LI><a href="#[10b]">&gt;&gt;</a>&nbsp;&nbsp;&nbsp;_printf_fp_dec
</UL>

<P><STRONG><a name="[10c]"></a>_printf_e</STRONG> (Thumb, 0 bytes, Stack size unknown bytes, C:\Keil_v5\ARM\ARMCC\Bin\..\lib\armlib\c_w.l(_printf_e.o)(.ARM.Collect$$_printf_percent$$00000004))
<BR><BR>[Stack]<UL><LI>Max Depth = 320 + Unknown Stack Size
<LI>Call Chain = _printf_e &rArr; _printf_fp_dec &rArr; _printf_fp_dec_real &rArr; _fp_digits &rArr; _btod_etento &rArr; _btod_emul &rArr; _e2e
</UL>
<BR>[Calls]<UL><LI><a href="#[10b]">&gt;&gt;</a>&nbsp;&nbsp;&nbsp;_printf_fp_dec
</UL>

<P><STRONG><a name="[10d]"></a>_printf_g</STRONG> (Thumb, 0 bytes, Stack size unknown bytes, C:\Keil_v5\ARM\ARMCC\Bin\..\lib\armlib\c_w.l(_printf_g.o)(.ARM.Collect$$_printf_percent$$00000005))
<BR><BR>[Stack]<UL><LI>Max Depth = 320 + Unknown Stack Size
<LI>Call Chain = _printf_g &rArr; _printf_fp_dec &rArr; _printf_fp_dec_real &rArr; _fp_digits &rArr; _btod_etento &rArr; _btod_emul &rArr; _e2e
</UL>
<BR>[Calls]<UL><LI><a href="#[10b]">&gt;&gt;</a>&nbsp;&nbsp;&nbsp;_printf_fp_dec
</UL>

<P><STRONG><a name="[10e]"></a>_printf_a</STRONG> (Thumb, 0 bytes, Stack size unknown bytes, C:\Keil_v5\ARM\ARMCC\Bin\..\lib\armlib\c_w.l(_printf_a.o)(.ARM.Collect$$_printf_percent$$00000006))
<BR><BR>[Stack]<UL><LI>Max Depth = 112 + Unknown Stack Size
<LI>Call Chain = _printf_a &rArr; _printf_fp_hex &rArr; _printf_fp_hex_real &rArr; _printf_fp_infnan &rArr; _printf_post_padding
</UL>
<BR>[Calls]<UL><LI><a href="#[10f]">&gt;&gt;</a>&nbsp;&nbsp;&nbsp;_printf_fp_hex
</UL>

<P><STRONG><a name="[3f3]"></a>_printf_ll</STRONG> (Thumb, 0 bytes, Stack size unknown bytes, C:\Keil_v5\ARM\ARMCC\Bin\..\lib\armlib\c_w.l(_printf_ll.o)(.ARM.Collect$$_printf_percent$$00000007))

<P><STRONG><a name="[110]"></a>_printf_i</STRONG> (Thumb, 0 bytes, Stack size unknown bytes, C:\Keil_v5\ARM\ARMCC\Bin\..\lib\armlib\c_w.l(_printf_i.o)(.ARM.Collect$$_printf_percent$$00000008))
<BR><BR>[Stack]<UL><LI>Max Depth = 72 + Unknown Stack Size
<LI>Call Chain = _printf_i &rArr; _printf_int_dec &rArr; _printf_int_common &rArr; _printf_post_padding
</UL>
<BR>[Calls]<UL><LI><a href="#[111]">&gt;&gt;</a>&nbsp;&nbsp;&nbsp;_printf_int_dec
</UL>

<P><STRONG><a name="[112]"></a>_printf_d</STRONG> (Thumb, 0 bytes, Stack size unknown bytes, C:\Keil_v5\ARM\ARMCC\Bin\..\lib\armlib\c_w.l(_printf_d.o)(.ARM.Collect$$_printf_percent$$00000009))
<BR><BR>[Stack]<UL><LI>Max Depth = 72 + Unknown Stack Size
<LI>Call Chain = _printf_d &rArr; _printf_int_dec &rArr; _printf_int_common &rArr; _printf_post_padding
</UL>
<BR>[Calls]<UL><LI><a href="#[111]">&gt;&gt;</a>&nbsp;&nbsp;&nbsp;_printf_int_dec
</UL>

<P><STRONG><a name="[113]"></a>_printf_u</STRONG> (Thumb, 0 bytes, Stack size unknown bytes, C:\Keil_v5\ARM\ARMCC\Bin\..\lib\armlib\c_w.l(_printf_u.o)(.ARM.Collect$$_printf_percent$$0000000A))
<BR><BR>[Stack]<UL><LI>Max Depth = 72 + Unknown Stack Size
<LI>Call Chain = _printf_u &rArr; _printf_int_dec &rArr; _printf_int_common &rArr; _printf_post_padding
</UL>
<BR>[Calls]<UL><LI><a href="#[111]">&gt;&gt;</a>&nbsp;&nbsp;&nbsp;_printf_int_dec
</UL>

<P><STRONG><a name="[114]"></a>_printf_o</STRONG> (Thumb, 0 bytes, Stack size unknown bytes, C:\Keil_v5\ARM\ARMCC\Bin\..\lib\armlib\c_w.l(_printf_o.o)(.ARM.Collect$$_printf_percent$$0000000B))
<BR><BR>[Stack]<UL><LI>Max Depth = 64 + Unknown Stack Size
<LI>Call Chain = _printf_o &rArr; _printf_int_oct &rArr; _printf_longlong_oct &rArr; _printf_int_common &rArr; _printf_post_padding
</UL>
<BR>[Calls]<UL><LI><a href="#[115]">&gt;&gt;</a>&nbsp;&nbsp;&nbsp;_printf_int_oct
</UL>

<P><STRONG><a name="[116]"></a>_printf_x</STRONG> (Thumb, 0 bytes, Stack size unknown bytes, C:\Keil_v5\ARM\ARMCC\Bin\..\lib\armlib\c_w.l(_printf_x.o)(.ARM.Collect$$_printf_percent$$0000000C))
<BR><BR>[Stack]<UL><LI>Max Depth = 80 + Unknown Stack Size
<LI>Call Chain = _printf_x &rArr; _printf_int_hex &rArr; _printf_longlong_hex &rArr; _printf_int_common &rArr; _printf_post_padding
</UL>
<BR>[Calls]<UL><LI><a href="#[117]">&gt;&gt;</a>&nbsp;&nbsp;&nbsp;_printf_int_hex
</UL>

<P><STRONG><a name="[118]"></a>_printf_lli</STRONG> (Thumb, 0 bytes, Stack size unknown bytes, C:\Keil_v5\ARM\ARMCC\Bin\..\lib\armlib\c_w.l(_printf_lli.o)(.ARM.Collect$$_printf_percent$$0000000D))
<BR><BR>[Stack]<UL><LI>Max Depth = 72 + Unknown Stack Size
<LI>Call Chain = _printf_lli &rArr; _printf_longlong_dec &rArr; _printf_int_common &rArr; _printf_post_padding
</UL>
<BR>[Calls]<UL><LI><a href="#[119]">&gt;&gt;</a>&nbsp;&nbsp;&nbsp;_printf_longlong_dec
</UL>

<P><STRONG><a name="[11a]"></a>_printf_lld</STRONG> (Thumb, 0 bytes, Stack size unknown bytes, C:\Keil_v5\ARM\ARMCC\Bin\..\lib\armlib\c_w.l(_printf_lld.o)(.ARM.Collect$$_printf_percent$$0000000E))
<BR><BR>[Stack]<UL><LI>Max Depth = 72 + Unknown Stack Size
<LI>Call Chain = _printf_lld &rArr; _printf_longlong_dec &rArr; _printf_int_common &rArr; _printf_post_padding
</UL>
<BR>[Calls]<UL><LI><a href="#[119]">&gt;&gt;</a>&nbsp;&nbsp;&nbsp;_printf_longlong_dec
</UL>

<P><STRONG><a name="[11b]"></a>_printf_llu</STRONG> (Thumb, 0 bytes, Stack size unknown bytes, C:\Keil_v5\ARM\ARMCC\Bin\..\lib\armlib\c_w.l(_printf_llu.o)(.ARM.Collect$$_printf_percent$$0000000F))
<BR><BR>[Stack]<UL><LI>Max Depth = 72 + Unknown Stack Size
<LI>Call Chain = _printf_llu &rArr; _printf_longlong_dec &rArr; _printf_int_common &rArr; _printf_post_padding
</UL>
<BR>[Calls]<UL><LI><a href="#[119]">&gt;&gt;</a>&nbsp;&nbsp;&nbsp;_printf_longlong_dec
</UL>

<P><STRONG><a name="[11c]"></a>_printf_llo</STRONG> (Thumb, 0 bytes, Stack size unknown bytes, C:\Keil_v5\ARM\ARMCC\Bin\..\lib\armlib\c_w.l(_printf_llo.o)(.ARM.Collect$$_printf_percent$$00000010))
<BR><BR>[Stack]<UL><LI>Max Depth = 56 + Unknown Stack Size
<LI>Call Chain = _printf_llo &rArr; _printf_ll_oct &rArr; _printf_longlong_oct &rArr; _printf_int_common &rArr; _printf_post_padding
</UL>
<BR>[Calls]<UL><LI><a href="#[11d]">&gt;&gt;</a>&nbsp;&nbsp;&nbsp;_printf_ll_oct
</UL>

<P><STRONG><a name="[11e]"></a>_printf_llx</STRONG> (Thumb, 0 bytes, Stack size unknown bytes, C:\Keil_v5\ARM\ARMCC\Bin\..\lib\armlib\c_w.l(_printf_llx.o)(.ARM.Collect$$_printf_percent$$00000011))
<BR><BR>[Stack]<UL><LI>Max Depth = 64 + Unknown Stack Size
<LI>Call Chain = _printf_llx &rArr; _printf_ll_hex &rArr; _printf_longlong_hex &rArr; _printf_int_common &rArr; _printf_post_padding
</UL>
<BR>[Calls]<UL><LI><a href="#[11f]">&gt;&gt;</a>&nbsp;&nbsp;&nbsp;_printf_ll_hex
</UL>

<P><STRONG><a name="[3f4]"></a>_printf_l</STRONG> (Thumb, 0 bytes, Stack size unknown bytes, C:\Keil_v5\ARM\ARMCC\Bin\..\lib\armlib\c_w.l(_printf_l.o)(.ARM.Collect$$_printf_percent$$00000012))

<P><STRONG><a name="[120]"></a>_printf_c</STRONG> (Thumb, 0 bytes, Stack size unknown bytes, C:\Keil_v5\ARM\ARMCC\Bin\..\lib\armlib\c_w.l(_printf_c.o)(.ARM.Collect$$_printf_percent$$00000013))
<BR><BR>[Stack]<UL><LI>Max Depth = 40 + Unknown Stack Size
<LI>Call Chain = _printf_c &rArr; _printf_char &rArr; _printf_cs_common &rArr; _printf_str &rArr; _printf_post_padding
</UL>
<BR>[Calls]<UL><LI><a href="#[121]">&gt;&gt;</a>&nbsp;&nbsp;&nbsp;_printf_char
</UL>

<P><STRONG><a name="[122]"></a>_printf_s</STRONG> (Thumb, 0 bytes, Stack size unknown bytes, C:\Keil_v5\ARM\ARMCC\Bin\..\lib\armlib\c_w.l(_printf_s.o)(.ARM.Collect$$_printf_percent$$00000014))
<BR><BR>[Stack]<UL><LI>Max Depth = 40 + Unknown Stack Size
<LI>Call Chain = _printf_s &rArr; _printf_string &rArr; _printf_cs_common &rArr; _printf_str &rArr; _printf_post_padding
</UL>
<BR>[Calls]<UL><LI><a href="#[123]">&gt;&gt;</a>&nbsp;&nbsp;&nbsp;_printf_string
</UL>

<P><STRONG><a name="[124]"></a>_printf_lc</STRONG> (Thumb, 0 bytes, Stack size unknown bytes, C:\Keil_v5\ARM\ARMCC\Bin\..\lib\armlib\c_w.l(_printf_lc.o)(.ARM.Collect$$_printf_percent$$00000015))
<BR><BR>[Stack]<UL><LI>Max Depth = 96 + Unknown Stack Size
<LI>Call Chain = _printf_lc &rArr; _printf_wchar &rArr; _printf_lcs_common &rArr; _printf_wctomb &rArr; _wcrtomb &rArr; __rt_ctype_table &rArr; __rt_locale
</UL>
<BR>[Calls]<UL><LI><a href="#[125]">&gt;&gt;</a>&nbsp;&nbsp;&nbsp;_printf_wchar
</UL>

<P><STRONG><a name="[126]"></a>_printf_ls</STRONG> (Thumb, 0 bytes, Stack size unknown bytes, C:\Keil_v5\ARM\ARMCC\Bin\..\lib\armlib\c_w.l(_printf_ls.o)(.ARM.Collect$$_printf_percent$$00000016))
<BR><BR>[Stack]<UL><LI>Max Depth = 96 + Unknown Stack Size
<LI>Call Chain = _printf_ls &rArr; _printf_wstring &rArr; _printf_lcs_common &rArr; _printf_wctomb &rArr; _wcrtomb &rArr; __rt_ctype_table &rArr; __rt_locale
</UL>
<BR>[Calls]<UL><LI><a href="#[127]">&gt;&gt;</a>&nbsp;&nbsp;&nbsp;_printf_wstring
</UL>

<P><STRONG><a name="[3f5]"></a>_printf_percent_end</STRONG> (Thumb, 0 bytes, Stack size unknown bytes, C:\Keil_v5\ARM\ARMCC\Bin\..\lib\armlib\c_w.l(_printf_percent_end.o)(.ARM.Collect$$_printf_percent$$00000017))

<P><STRONG><a name="[3a0]"></a>__rt_lib_init</STRONG> (Thumb, 0 bytes, Stack size unknown bytes, C:\Keil_v5\ARM\ARMCC\Bin\..\lib\armlib\c_w.l(libinit.o)(.ARM.Collect$$libinit$$00000000))
<BR><BR>[Called By]<UL><LI><a href="#[7a]">&gt;&gt;</a>&nbsp;&nbsp;&nbsp;pre_main
</UL>

<P><STRONG><a name="[128]"></a>__rt_lib_init_fp_1</STRONG> (Thumb, 0 bytes, Stack size unknown bytes, C:\Keil_v5\ARM\ARMCC\Bin\..\lib\armlib\c_w.l(libinit2.o)(.ARM.Collect$$libinit$$00000001))
<BR><BR>[Calls]<UL><LI><a href="#[129]">&gt;&gt;</a>&nbsp;&nbsp;&nbsp;_fp_init
</UL>

<P><STRONG><a name="[12a]"></a>__rt_lib_init_heap_2</STRONG> (Thumb, 0 bytes, Stack size unknown bytes, C:\Keil_v5\ARM\ARMCC\Bin\..\lib\armlib\c_w.l(libinit2.o)(.ARM.Collect$$libinit$$00000005))
<BR><BR>[Stack]<UL><LI>Max Depth = 152 + Unknown Stack Size
<LI>Call Chain = __rt_lib_init_heap_2 &rArr; _init_alloc &rArr; __Heap_Initialize &rArr; _mutex_initialize &rArr; malloc &rArr; _malloc_internal &rArr; __Heap_Full &rArr; __Heap_ProvideMemory &rArr; _free_internal &rArr; _mutex_release &rArr; os_kernel_is_active &rArr; osKernelGetState &rArr; svcRtxKernelGetState
</UL>
<BR>[Calls]<UL><LI><a href="#[12b]">&gt;&gt;</a>&nbsp;&nbsp;&nbsp;_init_alloc
</UL>

<P><STRONG><a name="[3f6]"></a>__rt_lib_init_preinit_1</STRONG> (Thumb, 0 bytes, Stack size unknown bytes, C:\Keil_v5\ARM\ARMCC\Bin\..\lib\armlib\c_w.l(libinit2.o)(.ARM.Collect$$libinit$$00000004))

<P><STRONG><a name="[3f7]"></a>__rt_lib_init_heap_1</STRONG> (Thumb, 0 bytes, Stack size unknown bytes, C:\Keil_v5\ARM\ARMCC\Bin\..\lib\armlib\c_w.l(libinit2.o)(.ARM.Collect$$libinit$$0000000A))

<P><STRONG><a name="[12c]"></a>__rt_lib_init_lc_common</STRONG> (Thumb, 0 bytes, Stack size unknown bytes, C:\Keil_v5\ARM\ARMCC\Bin\..\lib\armlib\c_w.l(libinit2.o)(.ARM.Collect$$libinit$$0000000F))
<BR><BR>[Stack]<UL><LI>Max Depth = 8 + Unknown Stack Size
<LI>Call Chain = __rt_lib_init_lc_common &rArr; __rt_locale
</UL>
<BR>[Calls]<UL><LI><a href="#[12d]">&gt;&gt;</a>&nbsp;&nbsp;&nbsp;__rt_locale
</UL>

<P><STRONG><a name="[3f8]"></a>__rt_lib_init_rand_1</STRONG> (Thumb, 0 bytes, Stack size unknown bytes, C:\Keil_v5\ARM\ARMCC\Bin\..\lib\armlib\c_w.l(libinit2.o)(.ARM.Collect$$libinit$$0000000E))

<P><STRONG><a name="[3f9]"></a>__rt_lib_init_user_alloc_1</STRONG> (Thumb, 0 bytes, Stack size unknown bytes, C:\Keil_v5\ARM\ARMCC\Bin\..\lib\armlib\c_w.l(libinit2.o)(.ARM.Collect$$libinit$$0000000C))

<P><STRONG><a name="[3fa]"></a>__rt_lib_init_lc_collate_1</STRONG> (Thumb, 0 bytes, Stack size unknown bytes, C:\Keil_v5\ARM\ARMCC\Bin\..\lib\armlib\c_w.l(libinit2.o)(.ARM.Collect$$libinit$$00000011))

<P><STRONG><a name="[12e]"></a>__rt_lib_init_lc_ctype_2</STRONG> (Thumb, 0 bytes, Stack size unknown bytes, C:\Keil_v5\ARM\ARMCC\Bin\..\lib\armlib\c_w.l(libinit2.o)(.ARM.Collect$$libinit$$00000012))
<BR><BR>[Stack]<UL><LI>Max Depth = 8 + Unknown Stack Size
<LI>Call Chain = __rt_lib_init_lc_ctype_2 &rArr; _get_lc_ctype
</UL>
<BR>[Calls]<UL><LI><a href="#[62]">&gt;&gt;</a>&nbsp;&nbsp;&nbsp;_get_lc_ctype
</UL>

<P><STRONG><a name="[3fb]"></a>__rt_lib_init_lc_ctype_1</STRONG> (Thumb, 0 bytes, Stack size unknown bytes, C:\Keil_v5\ARM\ARMCC\Bin\..\lib\armlib\c_w.l(libinit2.o)(.ARM.Collect$$libinit$$00000013))

<P><STRONG><a name="[3fc]"></a>__rt_lib_init_lc_monetary_1</STRONG> (Thumb, 0 bytes, Stack size unknown bytes, C:\Keil_v5\ARM\ARMCC\Bin\..\lib\armlib\c_w.l(libinit2.o)(.ARM.Collect$$libinit$$00000015))

<P><STRONG><a name="[12f]"></a>__rt_lib_init_lc_numeric_2</STRONG> (Thumb, 0 bytes, Stack size unknown bytes, C:\Keil_v5\ARM\ARMCC\Bin\..\lib\armlib\c_w.l(libinit2.o)(.ARM.Collect$$libinit$$00000016))
<BR><BR>[Stack]<UL><LI>Max Depth = 8 + Unknown Stack Size
<LI>Call Chain = __rt_lib_init_lc_numeric_2 &rArr; _get_lc_numeric
</UL>
<BR>[Calls]<UL><LI><a href="#[130]">&gt;&gt;</a>&nbsp;&nbsp;&nbsp;_get_lc_numeric
</UL>

<P><STRONG><a name="[3fd]"></a>__rt_lib_init_atexit_1</STRONG> (Thumb, 0 bytes, Stack size unknown bytes, C:\Keil_v5\ARM\ARMCC\Bin\..\lib\armlib\c_w.l(libinit2.o)(.ARM.Collect$$libinit$$0000001B))

<P><STRONG><a name="[3fe]"></a>__rt_lib_init_clock_1</STRONG> (Thumb, 0 bytes, Stack size unknown bytes, C:\Keil_v5\ARM\ARMCC\Bin\..\lib\armlib\c_w.l(libinit2.o)(.ARM.Collect$$libinit$$00000021))

<P><STRONG><a name="[3ff]"></a>__rt_lib_init_fp_trap_1</STRONG> (Thumb, 0 bytes, Stack size unknown bytes, C:\Keil_v5\ARM\ARMCC\Bin\..\lib\armlib\c_w.l(libinit2.o)(.ARM.Collect$$libinit$$0000001F))

<P><STRONG><a name="[400]"></a>__rt_lib_init_getenv_1</STRONG> (Thumb, 0 bytes, Stack size unknown bytes, C:\Keil_v5\ARM\ARMCC\Bin\..\lib\armlib\c_w.l(libinit2.o)(.ARM.Collect$$libinit$$00000023))

<P><STRONG><a name="[401]"></a>__rt_lib_init_lc_numeric_1</STRONG> (Thumb, 0 bytes, Stack size unknown bytes, C:\Keil_v5\ARM\ARMCC\Bin\..\lib\armlib\c_w.l(libinit2.o)(.ARM.Collect$$libinit$$00000017))

<P><STRONG><a name="[402]"></a>__rt_lib_init_lc_time_1</STRONG> (Thumb, 0 bytes, Stack size unknown bytes, C:\Keil_v5\ARM\ARMCC\Bin\..\lib\armlib\c_w.l(libinit2.o)(.ARM.Collect$$libinit$$00000019))

<P><STRONG><a name="[403]"></a>__rt_lib_init_signal_1</STRONG> (Thumb, 0 bytes, Stack size unknown bytes, C:\Keil_v5\ARM\ARMCC\Bin\..\lib\armlib\c_w.l(libinit2.o)(.ARM.Collect$$libinit$$0000001D))

<P><STRONG><a name="[131]"></a>__rt_lib_init_stdio_2</STRONG> (Thumb, 0 bytes, Stack size unknown bytes, C:\Keil_v5\ARM\ARMCC\Bin\..\lib\armlib\c_w.l(libinit2.o)(.ARM.Collect$$libinit$$00000024))
<BR><BR>[Stack]<UL><LI>Max Depth = 420 + Unknown Stack Size
<LI>Call Chain = __rt_lib_init_stdio_2 &rArr; _initio &rArr; freopen &rArr; _freopen_locked &rArr; _fclose_internal &rArr; _fflush &rArr; _writebuf &rArr; _sys_write &rArr; init_serial() &rArr; serial_init &rArr; mbed_assert_internal &rArr; mbed_die &rArr; gpio_init_out &rArr; gpio_init_out_ex &rArr; _gpio_init_out &rArr; gpio_init &rArr; gpio_set &rArr;  mbed_assert_internal (Cycle)
</UL>
<BR>[Calls]<UL><LI><a href="#[132]">&gt;&gt;</a>&nbsp;&nbsp;&nbsp;_initio
</UL>

<P><STRONG><a name="[404]"></a>__rt_lib_init_alloca_1</STRONG> (Thumb, 0 bytes, Stack size unknown bytes, C:\Keil_v5\ARM\ARMCC\Bin\..\lib\armlib\c_w.l(libinit2.o)(.ARM.Collect$$libinit$$0000002E))

<P><STRONG><a name="[405]"></a>__rt_lib_init_argv_1</STRONG> (Thumb, 0 bytes, Stack size unknown bytes, C:\Keil_v5\ARM\ARMCC\Bin\..\lib\armlib\c_w.l(libinit2.o)(.ARM.Collect$$libinit$$0000002C))

<P><STRONG><a name="[133]"></a>__rt_lib_init_cpp_2</STRONG> (Thumb, 0 bytes, Stack size unknown bytes, C:\Keil_v5\ARM\ARMCC\Bin\..\lib\armlib\c_w.l(libinit2.o)(.ARM.Collect$$libinit$$00000031))
<BR><BR>[Stack]<UL><LI>Max Depth = 16 + Unknown Stack Size
<LI>Call Chain = __rt_lib_init_cpp_2 &rArr; __cpp_initialize__aeabi_
</UL>
<BR>[Calls]<UL><LI><a href="#[102]">&gt;&gt;</a>&nbsp;&nbsp;&nbsp;__cpp_initialize__aeabi_
</UL>

<P><STRONG><a name="[406]"></a>__rt_lib_init_exceptions_1</STRONG> (Thumb, 0 bytes, Stack size unknown bytes, C:\Keil_v5\ARM\ARMCC\Bin\..\lib\armlib\c_w.l(libinit2.o)(.ARM.Collect$$libinit$$00000030))

<P><STRONG><a name="[407]"></a>__rt_lib_init_stdio_1</STRONG> (Thumb, 0 bytes, Stack size unknown bytes, C:\Keil_v5\ARM\ARMCC\Bin\..\lib\armlib\c_w.l(libinit2.o)(.ARM.Collect$$libinit$$00000025))

<P><STRONG><a name="[408]"></a>__rt_lib_init_cpp_1</STRONG> (Thumb, 0 bytes, Stack size unknown bytes, C:\Keil_v5\ARM\ARMCC\Bin\..\lib\armlib\c_w.l(libinit2.o)(.ARM.Collect$$libinit$$00000032))

<P><STRONG><a name="[409]"></a>__rt_lib_init_return</STRONG> (Thumb, 0 bytes, Stack size unknown bytes, C:\Keil_v5\ARM\ARMCC\Bin\..\lib\armlib\c_w.l(libinit2.o)(.ARM.Collect$$libinit$$00000033))

<P><STRONG><a name="[40a]"></a>__asm___13_rtx_evflags_c_736f7bde__atomic_wr8</STRONG> (Thumb, 16 bytes, Stack size 0 bytes, .\build\rtx_evflags.o(.emb_text), UNUSED)

<P><STRONG><a name="[40b]"></a>__rt_lib_shutdown_heap_2</STRONG> (Thumb, 0 bytes, Stack size 0 bytes, C:\Keil_v5\ARM\ARMCC\Bin\..\lib\armlib\c_w.l(libshutdown2.o)(.ARM.Collect$$libshutdown$$0000000F))

<P><STRONG><a name="[40c]"></a>__rt_lib_shutdown_stdio_2</STRONG> (Thumb, 0 bytes, Stack size 0 bytes, C:\Keil_v5\ARM\ARMCC\Bin\..\lib\armlib\c_w.l(libshutdown2.o)(.ARM.Collect$$libshutdown$$00000004))

<P><STRONG><a name="[1c6]"></a>__asm___13_rtx_evflags_c_736f7bde__atomic_set32</STRONG> (Thumb, 20 bytes, Stack size 0 bytes, .\build\rtx_evflags.o(.emb_text))
<BR><BR>[Called By]<UL><LI><a href="#[1c5]">&gt;&gt;</a>&nbsp;&nbsp;&nbsp;EventFlagsSet
</UL>

<P><STRONG><a name="[40d]"></a>__asm___13_rtx_evflags_c_736f7bde__atomic_clr32</STRONG> (Thumb, 22 bytes, Stack size 0 bytes, .\build\rtx_evflags.o(.emb_text), UNUSED)

<P><STRONG><a name="[1c3]"></a>__asm___13_rtx_evflags_c_736f7bde__atomic_chk32_all</STRONG> (Thumb, 38 bytes, Stack size 0 bytes, .\build\rtx_evflags.o(.emb_text))
<BR><BR>[Called By]<UL><LI><a href="#[1c2]">&gt;&gt;</a>&nbsp;&nbsp;&nbsp;EventFlagsCheck
</UL>

<P><STRONG><a name="[1c4]"></a>__asm___13_rtx_evflags_c_736f7bde__atomic_chk32_any</STRONG> (Thumb, 34 bytes, Stack size 0 bytes, .\build\rtx_evflags.o(.emb_text))
<BR><BR>[Called By]<UL><LI><a href="#[1c2]">&gt;&gt;</a>&nbsp;&nbsp;&nbsp;EventFlagsCheck
</UL>

<P><STRONG><a name="[40e]"></a>__asm___13_rtx_evflags_c_736f7bde__atomic_inc32</STRONG> (Thumb, 18 bytes, Stack size 0 bytes, .\build\rtx_evflags.o(.emb_text), UNUSED)

<P><STRONG><a name="[40f]"></a>__asm___13_rtx_evflags_c_736f7bde__atomic_inc32_lt</STRONG> (Thumb, 30 bytes, Stack size 0 bytes, .\build\rtx_evflags.o(.emb_text), UNUSED)

<P><STRONG><a name="[410]"></a>__asm___13_rtx_evflags_c_736f7bde__atomic_inc16_lt</STRONG> (Thumb, 30 bytes, Stack size 0 bytes, .\build\rtx_evflags.o(.emb_text), UNUSED)

<P><STRONG><a name="[411]"></a>__asm___13_rtx_evflags_c_736f7bde__atomic_inc16_lim</STRONG> (Thumb, 26 bytes, Stack size 0 bytes, .\build\rtx_evflags.o(.emb_text), UNUSED)

<P><STRONG><a name="[412]"></a>__asm___13_rtx_evflags_c_736f7bde__atomic_dec32_nz</STRONG> (Thumb, 26 bytes, Stack size 0 bytes, .\build\rtx_evflags.o(.emb_text), UNUSED)

<P><STRONG><a name="[413]"></a>__asm___13_rtx_evflags_c_736f7bde__atomic_dec16_nz</STRONG> (Thumb, 26 bytes, Stack size 0 bytes, .\build\rtx_evflags.o(.emb_text), UNUSED)

<P><STRONG><a name="[414]"></a>__asm___13_rtx_evflags_c_736f7bde__atomic_link_get</STRONG> (Thumb, 26 bytes, Stack size 0 bytes, .\build\rtx_evflags.o(.emb_text), UNUSED)

<P><STRONG><a name="[134]"></a>__asm___13_rtx_evflags_c_736f7bde__atomic_link_put</STRONG> (Thumb, 28 bytes, Stack size 0 bytes, .\build\rtx_evflags.o(.emb_text), UNUSED)
<BR><BR>[Calls]<UL><LI><a href="#[134]">&gt;&gt;</a>&nbsp;&nbsp;&nbsp;__asm___13_rtx_evflags_c_736f7bde__atomic_link_put
</UL>
<BR>[Called By]<UL><LI><a href="#[134]">&gt;&gt;</a>&nbsp;&nbsp;&nbsp;__asm___13_rtx_evflags_c_736f7bde__atomic_link_put
</UL>

<P><STRONG><a name="[415]"></a>__asm___13_rtx_mempool_c_7914b4c7__atomic_wr8</STRONG> (Thumb, 16 bytes, Stack size 0 bytes, .\build\rtx_mempool.o(.emb_text), UNUSED)

<P><STRONG><a name="[416]"></a>__asm___13_rtx_mempool_c_7914b4c7__atomic_set32</STRONG> (Thumb, 20 bytes, Stack size 0 bytes, .\build\rtx_mempool.o(.emb_text), UNUSED)

<P><STRONG><a name="[417]"></a>__asm___13_rtx_mempool_c_7914b4c7__atomic_clr32</STRONG> (Thumb, 22 bytes, Stack size 0 bytes, .\build\rtx_mempool.o(.emb_text), UNUSED)

<P><STRONG><a name="[418]"></a>__asm___13_rtx_mempool_c_7914b4c7__atomic_chk32_all</STRONG> (Thumb, 38 bytes, Stack size 0 bytes, .\build\rtx_mempool.o(.emb_text), UNUSED)

<P><STRONG><a name="[419]"></a>__asm___13_rtx_mempool_c_7914b4c7__atomic_chk32_any</STRONG> (Thumb, 34 bytes, Stack size 0 bytes, .\build\rtx_mempool.o(.emb_text), UNUSED)

<P><STRONG><a name="[41a]"></a>__asm___13_rtx_mempool_c_7914b4c7__atomic_inc32</STRONG> (Thumb, 18 bytes, Stack size 0 bytes, .\build\rtx_mempool.o(.emb_text), UNUSED)

<P><STRONG><a name="[364]"></a>__asm___13_rtx_mempool_c_7914b4c7__atomic_inc32_lt</STRONG> (Thumb, 30 bytes, Stack size 0 bytes, .\build\rtx_mempool.o(.emb_text))
<BR><BR>[Called By]<UL><LI><a href="#[326]">&gt;&gt;</a>&nbsp;&nbsp;&nbsp;osRtxMemoryPoolAlloc
</UL>

<P><STRONG><a name="[41b]"></a>__asm___13_rtx_mempool_c_7914b4c7__atomic_inc16_lt</STRONG> (Thumb, 30 bytes, Stack size 0 bytes, .\build\rtx_mempool.o(.emb_text), UNUSED)

<P><STRONG><a name="[41c]"></a>__asm___13_rtx_mempool_c_7914b4c7__atomic_inc16_lim</STRONG> (Thumb, 26 bytes, Stack size 0 bytes, .\build\rtx_mempool.o(.emb_text), UNUSED)

<P><STRONG><a name="[368]"></a>__asm___13_rtx_mempool_c_7914b4c7__atomic_dec32_nz</STRONG> (Thumb, 26 bytes, Stack size 0 bytes, .\build\rtx_mempool.o(.emb_text))
<BR><BR>[Called By]<UL><LI><a href="#[366]">&gt;&gt;</a>&nbsp;&nbsp;&nbsp;osRtxMemoryPoolFree
</UL>

<P><STRONG><a name="[41d]"></a>__asm___13_rtx_mempool_c_7914b4c7__atomic_dec16_nz</STRONG> (Thumb, 26 bytes, Stack size 0 bytes, .\build\rtx_mempool.o(.emb_text), UNUSED)

<P><STRONG><a name="[365]"></a>__asm___13_rtx_mempool_c_7914b4c7__atomic_link_get</STRONG> (Thumb, 26 bytes, Stack size 0 bytes, .\build\rtx_mempool.o(.emb_text))
<BR><BR>[Called By]<UL><LI><a href="#[326]">&gt;&gt;</a>&nbsp;&nbsp;&nbsp;osRtxMemoryPoolAlloc
</UL>

<P><STRONG><a name="[135]"></a>__asm___13_rtx_mempool_c_7914b4c7__atomic_link_put</STRONG> (Thumb, 28 bytes, Stack size 0 bytes, .\build\rtx_mempool.o(.emb_text))
<BR><BR>[Calls]<UL><LI><a href="#[135]">&gt;&gt;</a>&nbsp;&nbsp;&nbsp;__asm___13_rtx_mempool_c_7914b4c7__atomic_link_put
</UL>
<BR>[Called By]<UL><LI><a href="#[366]">&gt;&gt;</a>&nbsp;&nbsp;&nbsp;osRtxMemoryPoolFree
<LI><a href="#[135]">&gt;&gt;</a>&nbsp;&nbsp;&nbsp;__asm___13_rtx_mempool_c_7914b4c7__atomic_link_put
</UL>

<P><STRONG><a name="[209]"></a>__asm___14_rtx_msgqueue_c_3fd3b50e__atomic_wr8</STRONG> (Thumb, 16 bytes, Stack size 0 bytes, .\build\rtx_msgqueue.o(.emb_text))
<BR><BR>[Called By]<UL><LI><a href="#[207]">&gt;&gt;</a>&nbsp;&nbsp;&nbsp;MessageQueueGet
</UL>

<P><STRONG><a name="[41e]"></a>__asm___14_rtx_msgqueue_c_3fd3b50e__atomic_set32</STRONG> (Thumb, 20 bytes, Stack size 0 bytes, .\build\rtx_msgqueue.o(.emb_text), UNUSED)

<P><STRONG><a name="[41f]"></a>__asm___14_rtx_msgqueue_c_3fd3b50e__atomic_clr32</STRONG> (Thumb, 22 bytes, Stack size 0 bytes, .\build\rtx_msgqueue.o(.emb_text), UNUSED)

<P><STRONG><a name="[420]"></a>__asm___14_rtx_msgqueue_c_3fd3b50e__atomic_chk32_all</STRONG> (Thumb, 38 bytes, Stack size 0 bytes, .\build\rtx_msgqueue.o(.emb_text), UNUSED)

<P><STRONG><a name="[421]"></a>__asm___14_rtx_msgqueue_c_3fd3b50e__atomic_chk32_any</STRONG> (Thumb, 34 bytes, Stack size 0 bytes, .\build\rtx_msgqueue.o(.emb_text), UNUSED)

<P><STRONG><a name="[20b]"></a>__asm___14_rtx_msgqueue_c_3fd3b50e__atomic_inc32</STRONG> (Thumb, 18 bytes, Stack size 0 bytes, .\build\rtx_msgqueue.o(.emb_text))
<BR><BR>[Called By]<UL><LI><a href="#[20a]">&gt;&gt;</a>&nbsp;&nbsp;&nbsp;MessageQueuePut
</UL>

<P><STRONG><a name="[422]"></a>__asm___14_rtx_msgqueue_c_3fd3b50e__atomic_inc32_lt</STRONG> (Thumb, 30 bytes, Stack size 0 bytes, .\build\rtx_msgqueue.o(.emb_text), UNUSED)

<P><STRONG><a name="[423]"></a>__asm___14_rtx_msgqueue_c_3fd3b50e__atomic_inc16_lt</STRONG> (Thumb, 30 bytes, Stack size 0 bytes, .\build\rtx_msgqueue.o(.emb_text), UNUSED)

<P><STRONG><a name="[424]"></a>__asm___14_rtx_msgqueue_c_3fd3b50e__atomic_inc16_lim</STRONG> (Thumb, 26 bytes, Stack size 0 bytes, .\build\rtx_msgqueue.o(.emb_text), UNUSED)

<P><STRONG><a name="[208]"></a>__asm___14_rtx_msgqueue_c_3fd3b50e__atomic_dec32_nz</STRONG> (Thumb, 26 bytes, Stack size 0 bytes, .\build\rtx_msgqueue.o(.emb_text))
<BR><BR>[Called By]<UL><LI><a href="#[207]">&gt;&gt;</a>&nbsp;&nbsp;&nbsp;MessageQueueGet
</UL>

<P><STRONG><a name="[425]"></a>__asm___14_rtx_msgqueue_c_3fd3b50e__atomic_dec16_nz</STRONG> (Thumb, 26 bytes, Stack size 0 bytes, .\build\rtx_msgqueue.o(.emb_text), UNUSED)

<P><STRONG><a name="[426]"></a>__asm___14_rtx_msgqueue_c_3fd3b50e__atomic_link_get</STRONG> (Thumb, 26 bytes, Stack size 0 bytes, .\build\rtx_msgqueue.o(.emb_text), UNUSED)

<P><STRONG><a name="[136]"></a>__asm___14_rtx_msgqueue_c_3fd3b50e__atomic_link_put</STRONG> (Thumb, 28 bytes, Stack size 0 bytes, .\build\rtx_msgqueue.o(.emb_text), UNUSED)
<BR><BR>[Calls]<UL><LI><a href="#[136]">&gt;&gt;</a>&nbsp;&nbsp;&nbsp;__asm___14_rtx_msgqueue_c_3fd3b50e__atomic_link_put
</UL>
<BR>[Called By]<UL><LI><a href="#[136]">&gt;&gt;</a>&nbsp;&nbsp;&nbsp;__asm___14_rtx_msgqueue_c_3fd3b50e__atomic_link_put
</UL>

<P><STRONG><a name="[427]"></a>__asm___12_rtx_system_c_024f2f18__atomic_wr8</STRONG> (Thumb, 16 bytes, Stack size 0 bytes, .\build\rtx_system.o(.emb_text), UNUSED)

<P><STRONG><a name="[428]"></a>__asm___12_rtx_system_c_024f2f18__atomic_set32</STRONG> (Thumb, 20 bytes, Stack size 0 bytes, .\build\rtx_system.o(.emb_text), UNUSED)

<P><STRONG><a name="[429]"></a>__asm___12_rtx_system_c_024f2f18__atomic_clr32</STRONG> (Thumb, 22 bytes, Stack size 0 bytes, .\build\rtx_system.o(.emb_text), UNUSED)

<P><STRONG><a name="[42a]"></a>__asm___12_rtx_system_c_024f2f18__atomic_chk32_all</STRONG> (Thumb, 38 bytes, Stack size 0 bytes, .\build\rtx_system.o(.emb_text), UNUSED)

<P><STRONG><a name="[42b]"></a>__asm___12_rtx_system_c_024f2f18__atomic_chk32_any</STRONG> (Thumb, 34 bytes, Stack size 0 bytes, .\build\rtx_system.o(.emb_text), UNUSED)

[...]
<LI><a href="#[2d6]">&gt;&gt;</a>&nbsp;&nbsp;&nbsp;osMutexDelete
</UL>

<P><STRONG><a name="[329]"></a>isr_queue_get</STRONG> (Thumb, 44 bytes, Stack size 16 bytes, .\build\rtx_system.o(i.isr_queue_get))
<BR><BR>[Stack]<UL><LI>Max Depth = 16<LI>Call Chain = isr_queue_get
</UL>
<BR>[Calls]<UL><LI><a href="#[32a]">&gt;&gt;</a>&nbsp;&nbsp;&nbsp;__asm___12_rtx_system_c_024f2f18__atomic_dec16_nz
<LI><a href="#[32b]">&gt;&gt;</a>&nbsp;&nbsp;&nbsp;__asm___12_rtx_system_c_024f2f18__atomic_inc16_lim
</UL>
<BR>[Called By]<UL><LI><a href="#[139]">&gt;&gt;</a>&nbsp;&nbsp;&nbsp;osRtxPendSV_Handler
</UL>

<P><STRONG><a name="[32c]"></a>isr_queue_put</STRONG> (Thumb, 56 bytes, Stack size 24 bytes, .\build\rtx_system.o(i.isr_queue_put))
<BR><BR>[Stack]<UL><LI>Max Depth = 24<LI>Call Chain = isr_queue_put
</UL>
<BR>[Calls]<UL><LI><a href="#[32b]">&gt;&gt;</a>&nbsp;&nbsp;&nbsp;__asm___12_rtx_system_c_024f2f18__atomic_inc16_lim
<LI><a href="#[32d]">&gt;&gt;</a>&nbsp;&nbsp;&nbsp;__asm___12_rtx_system_c_024f2f18__atomic_inc16_lt
</UL>
<BR>[Called By]<UL><LI><a href="#[323]">&gt;&gt;</a>&nbsp;&nbsp;&nbsp;osRtxPostProcess
</UL>

<P><STRONG><a name="[213]"></a>ThreadFlagsCheck</STRONG> (Thumb, 86 bytes, Stack size 24 bytes, .\build\rtx_thread.o(i.ThreadFlagsCheck))
<BR><BR>[Stack]<UL><LI>Max Depth = 24<LI>Call Chain = ThreadFlagsCheck
</UL>
<BR>[Calls]<UL><LI><a href="#[215]">&gt;&gt;</a>&nbsp;&nbsp;&nbsp;__asm___12_rtx_thread_c_add96be5__atomic_chk32_any
<LI><a href="#[214]">&gt;&gt;</a>&nbsp;&nbsp;&nbsp;__asm___12_rtx_thread_c_add96be5__atomic_chk32_all
</UL>
<BR>[Called By]<UL><LI><a href="#[98]">&gt;&gt;</a>&nbsp;&nbsp;&nbsp;osRtxThreadPostProcess
</UL>

<P><STRONG><a name="[395]"></a>__get_BASEPRI</STRONG> (Thumb, 6 bytes, Stack size 0 bytes, .\build\rtx_thread.o(i.__get_BASEPRI))
<BR><BR>[Called By]<UL><LI><a href="#[1c8]">&gt;&gt;</a>&nbsp;&nbsp;&nbsp;osThreadGetId
<LI><a href="#[2d9]">&gt;&gt;</a>&nbsp;&nbsp;&nbsp;osThreadYield
<LI><a href="#[391]">&gt;&gt;</a>&nbsp;&nbsp;&nbsp;osThreadContextNew
<LI><a href="#[359]">&gt;&gt;</a>&nbsp;&nbsp;&nbsp;osThreadGetName
</UL>

<P><STRONG><a name="[393]"></a>__get_IPSR</STRONG> (Thumb, 6 bytes, Stack size 0 bytes, .\build\rtx_thread.o(i.__get_IPSR))
<BR><BR>[Called By]<UL><LI><a href="#[1c8]">&gt;&gt;</a>&nbsp;&nbsp;&nbsp;osThreadGetId
<LI><a href="#[2d9]">&gt;&gt;</a>&nbsp;&nbsp;&nbsp;osThreadYield
<LI><a href="#[391]">&gt;&gt;</a>&nbsp;&nbsp;&nbsp;osThreadContextNew
<LI><a href="#[359]">&gt;&gt;</a>&nbsp;&nbsp;&nbsp;osThreadGetName
</UL>

<P><STRONG><a name="[394]"></a>__get_PRIMASK</STRONG> (Thumb, 6 bytes, Stack size 0 bytes, .\build\rtx_thread.o(i.__get_PRIMASK))
<BR><BR>[Called By]<UL><LI><a href="#[1c8]">&gt;&gt;</a>&nbsp;&nbsp;&nbsp;osThreadGetId
<LI><a href="#[2d9]">&gt;&gt;</a>&nbsp;&nbsp;&nbsp;osThreadYield
<LI><a href="#[391]">&gt;&gt;</a>&nbsp;&nbsp;&nbsp;osThreadContextNew
<LI><a href="#[359]">&gt;&gt;</a>&nbsp;&nbsp;&nbsp;osThreadGetName
</UL>

<P><STRONG><a name="[37f]"></a>osRtxKernelGetState</STRONG> (Thumb, 6 bytes, Stack size 0 bytes, .\build\rtx_thread.o(i.osRtxKernelGetState))
<BR><BR>[Called By]<UL><LI><a href="#[8f]">&gt;&gt;</a>&nbsp;&nbsp;&nbsp;svcRtxThreadYield
<LI><a href="#[8c]">&gt;&gt;</a>&nbsp;&nbsp;&nbsp;svcRtxThreadExit
<LI><a href="#[372]">&gt;&gt;</a>&nbsp;&nbsp;&nbsp;osRtxThreadDispatch
<LI><a href="#[389]">&gt;&gt;</a>&nbsp;&nbsp;&nbsp;osRtxThreadWaitEnter
</UL>

<P><STRONG><a name="[383]"></a>osRtxThreadFree</STRONG> (Thumb, 92 bytes, Stack size 8 bytes, .\build\rtx_thread.o(i.osRtxThreadFree))
<BR><BR>[Stack]<UL><LI>Max Depth = 32<LI>Call Chain = osRtxThreadFree &rArr; osRtxMemoryFree
</UL>
<BR>[Calls]<UL><LI><a href="#[366]">&gt;&gt;</a>&nbsp;&nbsp;&nbsp;osRtxMemoryPoolFree
<LI><a href="#[35f]">&gt;&gt;</a>&nbsp;&nbsp;&nbsp;osRtxMemoryFree
</UL>
<BR>[Called By]<UL><LI><a href="#[8c]">&gt;&gt;</a>&nbsp;&nbsp;&nbsp;svcRtxThreadExit
</UL>

<P><STRONG><a name="[380]"></a>osRtxThreadGetRunning</STRONG> (Thumb, 6 bytes, Stack size 0 bytes, .\build\rtx_thread.o(i.osRtxThreadGetRunning))
<BR><BR>[Called By]<UL><LI><a href="#[387]">&gt;&gt;</a>&nbsp;&nbsp;&nbsp;osRtxThreadStackCheck
<LI><a href="#[8f]">&gt;&gt;</a>&nbsp;&nbsp;&nbsp;svcRtxThreadYield
<LI><a href="#[8d]">&gt;&gt;</a>&nbsp;&nbsp;&nbsp;svcRtxThreadGetId
<LI><a href="#[8c]">&gt;&gt;</a>&nbsp;&nbsp;&nbsp;svcRtxThreadExit
<LI><a href="#[372]">&gt;&gt;</a>&nbsp;&nbsp;&nbsp;osRtxThreadDispatch
<LI><a href="#[389]">&gt;&gt;</a>&nbsp;&nbsp;&nbsp;osRtxThreadWaitEnter
</UL>

<P><STRONG><a name="[3b3]"></a>osRtxThreadSetRunning</STRONG> (Thumb, 6 bytes, Stack size 0 bytes, .\build\rtx_thread.o(i.osRtxThreadSetRunning))
<BR><BR>[Called By]<UL><LI><a href="#[8c]">&gt;&gt;</a>&nbsp;&nbsp;&nbsp;svcRtxThreadExit
</UL>

<P><STRONG><a name="[390]"></a>TimerInsert</STRONG> (Thumb, 58 bytes, Stack size 12 bytes, .\build\rtx_timer.o(i.TimerInsert))
<BR><BR>[Stack]<UL><LI>Max Depth = 12<LI>Call Chain = TimerInsert
</UL>
<BR>[Called By]<UL><LI><a href="#[8a]">&gt;&gt;</a>&nbsp;&nbsp;&nbsp;osRtxTimerTick
</UL>

<P><STRONG><a name="[38f]"></a>TimerUnlink</STRONG> (Thumb, 18 bytes, Stack size 0 bytes, .\build\rtx_timer.o(i.TimerUnlink))
<BR><BR>[Called By]<UL><LI><a href="#[8a]">&gt;&gt;</a>&nbsp;&nbsp;&nbsp;osRtxTimerTick
</UL>

<P><STRONG><a name="[92]"></a>lpuart1_irq</STRONG> (Thumb, 10 bytes, Stack size 8 bytes, .\build\serial_device.o(i.lpuart1_irq))
<BR><BR>[Stack]<UL><LI>Max Depth = 24<LI>Call Chain = lpuart1_irq &rArr; uart_irq
</UL>
<BR>[Calls]<UL><LI><a href="#[32e]">&gt;&gt;</a>&nbsp;&nbsp;&nbsp;uart_irq
</UL>
<BR>[Address Reference Count : 1]<UL><LI> serial_device.o(i.serial_irq_set)
</UL>
<P><STRONG><a name="[90]"></a>uart1_irq</STRONG> (Thumb, 10 bytes, Stack size 8 bytes, .\build\serial_device.o(i.uart1_irq))
<BR><BR>[Stack]<UL><LI>Max Depth = 24<LI>Call Chain = uart1_irq &rArr; uart_irq
</UL>
<BR>[Calls]<UL><LI><a href="#[32e]">&gt;&gt;</a>&nbsp;&nbsp;&nbsp;uart_irq
</UL>
<BR>[Address Reference Count : 1]<UL><LI> serial_device.o(i.serial_irq_set)
</UL>
<P><STRONG><a name="[91]"></a>uart2_irq</STRONG> (Thumb, 10 bytes, Stack size 8 bytes, .\build\serial_device.o(i.uart2_irq))
<BR><BR>[Stack]<UL><LI>Max Depth = 24<LI>Call Chain = uart2_irq &rArr; uart_irq
</UL>
<BR>[Calls]<UL><LI><a href="#[32e]">&gt;&gt;</a>&nbsp;&nbsp;&nbsp;uart_irq
</UL>
<BR>[Address Reference Count : 1]<UL><LI> serial_device.o(i.serial_irq_set)
</UL>
<P><STRONG><a name="[32e]"></a>uart_irq</STRONG> (Thumb, 120 bytes, Stack size 16 bytes, .\build\serial_device.o(i.uart_irq))
<BR><BR>[Stack]<UL><LI>Max Depth = 16<LI>Call Chain = uart_irq
</UL>
<BR>[Called By]<UL><LI><a href="#[91]">&gt;&gt;</a>&nbsp;&nbsp;&nbsp;uart2_irq
<LI><a href="#[90]">&gt;&gt;</a>&nbsp;&nbsp;&nbsp;uart1_irq
<LI><a href="#[92]">&gt;&gt;</a>&nbsp;&nbsp;&nbsp;lpuart1_irq
</UL>

<P><STRONG><a name="[70]"></a>&lang;Func2&rang;</STRONG> (Thumb, 14 bytes, Stack size 8 bytes, .\build\serialbase.o(i.<Func2>))
<BR><BR>[Stack]<UL><LI>Max Depth = 16<LI>Call Chain = &lang;Func2&rang; &rArr; mbed::Callback&lang;void()&rang;::Callback(void(*)())
</UL>
<BR>[Calls]<UL><LI><a href="#[1bf]">&gt;&gt;</a>&nbsp;&nbsp;&nbsp;mbed::Callback&lang;void()&rang;::Callback(void(*)())
</UL>
<BR>[Address Reference Count : 1]<UL><LI> serialbase.o(i._ZN4mbed10SerialBaseC1E7PinNameS1_i)
</UL>
<P><STRONG><a name="[24e]"></a>ipv4_is_valid(const char*)</STRONG> (Thumb, 56 bytes, Stack size 0 bytes, .\build\socketaddress.o(i._Z13ipv4_is_validPKc))
<BR><BR>[Called By]<UL><LI><a href="#[24c]">&gt;&gt;</a>&nbsp;&nbsp;&nbsp;SocketAddress::set_ip_address(const char*)
</UL>

<P><STRONG><a name="[24f]"></a>ipv6_is_valid(const char*)</STRONG> (Thumb, 82 bytes, Stack size 0 bytes, .\build\socketaddress.o(i._Z13ipv6_is_validPKc))
<BR><BR>[Called By]<UL><LI><a href="#[24c]">&gt;&gt;</a>&nbsp;&nbsp;&nbsp;SocketAddress::set_ip_address(const char*)
</UL>

<P><STRONG><a name="[222]"></a>ipv4_to_address(char*, const unsigned char*)</STRONG> (Thumb, 28 bytes, Stack size 24 bytes, .\build\socketaddress.o(i._Z15ipv4_to_addressPcPKh))
<BR><BR>[Stack]<UL><LI>Max Depth = 160 + Unknown Stack Size
<LI>Call Chain = ipv4_to_address(char*, const unsigned char*) &rArr; __2sprintf &rArr; _printf_char_common &rArr; __printf
</UL>
<BR>[Calls]<UL><LI><a href="#[14d]">&gt;&gt;</a>&nbsp;&nbsp;&nbsp;__2sprintf
</UL>
<BR>[Called By]<UL><LI><a href="#[265]">&gt;&gt;</a>&nbsp;&nbsp;&nbsp;SocketAddress::get_ip_address() const
</UL>

<P><STRONG><a name="[223]"></a>ipv6_scan_chunk(unsigned short*, const char*)</STRONG> (Thumb, 76 bytes, Stack size 32 bytes, .\build\socketaddress.o(i._Z15ipv6_scan_chunkPtPKc))
<BR><BR>[Stack]<UL><LI>Max Depth = 528<LI>Call Chain = ipv6_scan_chunk(unsigned short*, const char*) &rArr; __0sscanf &rArr; __vfscanf_char &rArr; __vfscanf &rArr; _scanf_real &rArr; _scanf_really_real &rArr; _fp_value &rArr; _btod_etento &rArr; _btod_emul &rArr; _e2e
</UL>
<BR>[Calls]<UL><LI><a href="#[15b]">&gt;&gt;</a>&nbsp;&nbsp;&nbsp;__0sscanf
</UL>
<BR>[Called By]<UL><LI><a href="#[23e]">&gt;&gt;</a>&nbsp;&nbsp;&nbsp;ipv6_from_address(unsigned char*, const char*)
</UL>

<P><STRONG><a name="[224]"></a>ipv6_to_address(char*, const unsigned char*)</STRONG> (Thumb, 56 bytes, Stack size 16 bytes, .\build\socketaddress.o(i._Z15ipv6_to_addressPcPKh))
<BR><BR>[Stack]<UL><LI>Max Depth = 152 + Unknown Stack Size
<LI>Call Chain = ipv6_to_address(char*, const unsigned char*) &rArr; __2sprintf &rArr; _printf_char_common &rArr; __printf
</UL>
<BR>[Calls]<UL><LI><a href="#[14d]">&gt;&gt;</a>&nbsp;&nbsp;&nbsp;__2sprintf
</UL>
<BR>[Called By]<UL><LI><a href="#[265]">&gt;&gt;</a>&nbsp;&nbsp;&nbsp;SocketAddress::get_ip_address() const
</UL>

<P><STRONG><a name="[23d]"></a>ipv4_from_address(unsigned char*, const char*)</STRONG> (Thumb, 70 bytes, Stack size 32 bytes, .\build\socketaddress.o(i._Z17ipv4_from_addressPhPKc))
<BR><BR>[Stack]<UL><LI>Max Depth = 528<LI>Call Chain = ipv4_from_address(unsigned char*, const char*) &rArr; __0sscanf &rArr; __vfscanf_char &rArr; __vfscanf &rArr; _scanf_real &rArr; _scanf_really_real &rArr; _fp_value &rArr; _btod_etento &rArr; _btod_emul &rArr; _e2e
</UL>
<BR>[Calls]<UL><LI><a href="#[15b]">&gt;&gt;</a>&nbsp;&nbsp;&nbsp;__0sscanf
</UL>
<BR>[Called By]<UL><LI><a href="#[24c]">&gt;&gt;</a>&nbsp;&nbsp;&nbsp;SocketAddress::set_ip_address(const char*)
</UL>

<P><STRONG><a name="[23e]"></a>ipv6_from_address(unsigned char*, const char*)</STRONG> (Thumb, 122 bytes, Stack size 40 bytes, .\build\socketaddress.o(i._Z17ipv6_from_addressPhPKc))
<BR><BR>[Stack]<UL><LI>Max Depth = 568<LI>Call Chain = ipv6_from_address(unsigned char*, const char*) &rArr; ipv6_scan_chunk(unsigned short*, const char*) &rArr; __0sscanf &rArr; __vfscanf_char &rArr; __vfscanf &rArr; _scanf_real &rArr; _scanf_really_real &rArr; _fp_value &rArr; _btod_etento &rArr; _btod_emul &rArr; _e2e
</UL>
<BR>[Calls]<UL><LI><a href="#[223]">&gt;&gt;</a>&nbsp;&nbsp;&nbsp;ipv6_scan_chunk(unsigned short*, const char*)
<LI><a href="#[163]">&gt;&gt;</a>&nbsp;&nbsp;&nbsp;__aeabi_memclr4
<LI><a href="#[23f]">&gt;&gt;</a>&nbsp;&nbsp;&nbsp;__aeabi_memmove
</UL>
<BR>[Called By]<UL><LI><a href="#[24c]">&gt;&gt;</a>&nbsp;&nbsp;&nbsp;SocketAddress::set_ip_address(const char*)
</UL>

<P><STRONG><a name="[f8]"></a>__sti___7_SPI_cpp_ab1f1164</STRONG> (Thumb, 44 bytes, Stack size 16 bytes, .\build\spi.o(i.__sti___7_SPI_cpp_ab1f1164))
<BR><BR>[Stack]<UL><LI>Max Depth = 40<LI>Call Chain = __sti___7_SPI_cpp_ab1f1164 &rArr; __aeabi_vec_ctor_nocookie_nodtor
</UL>
<BR>[Calls]<UL><LI><a href="#[2f9]">&gt;&gt;</a>&nbsp;&nbsp;&nbsp;__aeabi_atexit
<LI><a href="#[28c]">&gt;&gt;</a>&nbsp;&nbsp;&nbsp;__aeabi_vec_ctor_nocookie_nodtor
</UL>
<BR>[Address Reference Count : 1]<UL><LI> spi.o(.init_array)
</UL>
<P><STRONG><a name="[1dd]"></a>RCC_SetFlashLatencyFromMSIRange</STRONG> (Thumb, 150 bytes, Stack size 24 bytes, .\build\stm32l4xx_hal_rcc.o(i.RCC_SetFlashLatencyFromMSIRange))
<BR><BR>[Stack]<UL><LI>Max Depth = 24<LI>Call Chain = RCC_SetFlashLatencyFromMSIRange
</UL>
<BR>[Calls]<UL><LI><a href="#[20c]">&gt;&gt;</a>&nbsp;&nbsp;&nbsp;HAL_PWREx_GetVoltageRange
</UL>
<BR>[Called By]<UL><LI><a href="#[1dc]">&gt;&gt;</a>&nbsp;&nbsp;&nbsp;HAL_RCC_OscConfig
</UL>

<P><STRONG><a name="[1d6]"></a>RCCEx_PLLSAI1_Config</STRONG> (Thumb, 474 bytes, Stack size 24 bytes, .\build\stm32l4xx_hal_rcc_ex.o(i.RCCEx_PLLSAI1_Config))
<BR><BR>[Stack]<UL><LI>Max Depth = 24<LI>Call Chain = RCCEx_PLLSAI1_Config
</UL>
<BR>[Calls]<UL><LI><a href="#[1d7]">&gt;&gt;</a>&nbsp;&nbsp;&nbsp;HAL_GetTick
</UL>
<BR>[Called By]<UL><LI><a href="#[1d5]">&gt;&gt;</a>&nbsp;&nbsp;&nbsp;HAL_RCCEx_PeriphCLKConfig
</UL>

<P><STRONG><a name="[f9]"></a>__sti___8_main_cpp_led1</STRONG> (Thumb, 48 bytes, Stack size 16 bytes, .\build\main.o(i.__sti___8_main_cpp_led1))
<BR><BR>[Stack]<UL><LI>Max Depth = 556 + Unknown Stack Size
<LI>Call Chain = __sti___8_main_cpp_led1 &rArr; ESP8266Interface::ESP8266Interface(PinName, PinName, bool) &rArr; ESP8266::ESP8266(PinName, PinName, bool) &rArr; operator new[] (unsigned) &rArr; error &rArr; mbed_error_vfprintf &rArr; serial_init &rArr; mbed_assert_internal &rArr; mbed_die &rArr; gpio_init_out &rArr; gpio_init_out_ex &rArr; _gpio_init_out &rArr; gpio_init &rArr; gpio_set &rArr;  mbed_assert_internal (Cycle)
</UL>
<BR>[Calls]<UL><LI><a href="#[2fa]">&gt;&gt;</a>&nbsp;&nbsp;&nbsp;gpio_init_out
<LI><a href="#[2f9]">&gt;&gt;</a>&nbsp;&nbsp;&nbsp;__aeabi_atexit
<LI><a href="#[26d]">&gt;&gt;</a>&nbsp;&nbsp;&nbsp;ESP8266Interface::ESP8266Interface(PinName, PinName, bool)
<LI><a href="#[163]">&gt;&gt;</a>&nbsp;&nbsp;&nbsp;__aeabi_memclr4
</UL>
<BR>[Address Reference Count : 1]<UL><LI> main.o(.init_array)
</UL>
<P><STRONG><a name="[fa]"></a>__sti___9_MQLib_cpp_cf225734</STRONG> (Thumb, 20 bytes, Stack size 8 bytes, .\build\mqlib.o(i.__sti___9_MQLib_cpp_cf225734))
<BR><BR>[Stack]<UL><LI>Max Depth = 236<LI>Call Chain = __sti___9_MQLib_cpp_cf225734 &rArr; rtos::Mutex::Mutex() &rArr; rtos::Mutex::constructor(const char*) &rArr; mbed_assert_internal &rArr; mbed_die &rArr; gpio_init_out &rArr; gpio_init_out_ex &rArr; _gpio_init_out &rArr; gpio_init &rArr; gpio_set &rArr;  mbed_assert_internal (Cycle)
</UL>
<BR>[Calls]<UL><LI><a href="#[255]">&gt;&gt;</a>&nbsp;&nbsp;&nbsp;rtos::Mutex::Mutex()
<LI><a href="#[2f9]">&gt;&gt;</a>&nbsp;&nbsp;&nbsp;__aeabi_atexit
</UL>
<BR>[Address Reference Count : 1]<UL><LI> mqlib.o(.init_array)
</UL>
<P><STRONG><a name="[248]"></a>debug(const char*, ...)</STRONG> (Thumb, 28 bytes, Stack size 24 bytes, .\build\esp8266interface.o(i._Z5debugPKcz))
<BR><BR>[Stack]<UL><LI>Max Depth = 152 + Unknown Stack Size
<LI>Call Chain = debug(const char*, ...) &rArr; __c89vfprintf &rArr; _printf_char_file &rArr; _printf_char_common &rArr; __printf
</UL>
<BR>[Calls]<UL><LI><a href="#[147]">&gt;&gt;</a>&nbsp;&nbsp;&nbsp;__c89vfprintf
</UL>
<BR>[Called By]<UL><LI><a href="#[b9]">&gt;&gt;</a>&nbsp;&nbsp;&nbsp;ESP8266Interface::connect()
</UL>

<P><STRONG><a name="[6e]"></a>unhandled_callback()</STRONG> (Thumb, 2 bytes, Stack size 0 bytes, .\build\serialterminal.o(i._Z18unhandled_callbackv))
<BR>[Address Reference Count : 1]<UL><LI> serialterminal.o(i._ZN14SerialTerminalC1E7PinNameS0_tiNS_13Receiver_modeE)
</UL>
<P><STRONG><a name="[6f]"></a>unhandled_callback_2(unsigned char*, unsigned short)</STRONG> (Thumb, 6 bytes, Stack size 0 bytes, .\build\serialterminal.o(i._Z20unhandled_callback_2Pht))
<BR>[Address Reference Count : 1]<UL><LI> serialterminal.o(i._ZN14SerialTerminalC1E7PinNameS0_tiNS_13Receiver_modeE)
</UL>
<P><STRONG><a name="[13f]"></a>Heap1_SizeAdjust</STRONG> (Thumb, 8 bytes, Stack size 0 bytes, C:\Keil_v5\ARM\ARMCC\Bin\..\lib\armlib\c_w.l(h1_alloc_mt.o)(.text))
<BR><BR>[Called By]<UL><LI><a href="#[13e]">&gt;&gt;</a>&nbsp;&nbsp;&nbsp;_malloc_internal
</UL>

<P><STRONG><a name="[167]"></a>_freopen_locked</STRONG> (Thumb, 174 bytes, Stack size 32 bytes, C:\Keil_v5\ARM\ARMCC\Bin\..\lib\armlib\c_w.l(fopen_locked.o)(.text))
<BR><BR>[Stack]<UL><LI>Max Depth = 388<LI>Call Chain = _freopen_locked &rArr; _fclose_internal &rArr; _fflush &rArr; _writebuf &rArr; _sys_write &rArr; init_serial() &rArr; serial_init &rArr; mbed_assert_internal &rArr; mbed_die &rArr; gpio_init_out &rArr; gpio_init_out_ex &rArr; _gpio_init_out &rArr; gpio_init &rArr; gpio_set &rArr;  mbed_assert_internal (Cycle)
</UL>
<BR>[Calls]<UL><LI><a href="#[168]">&gt;&gt;</a>&nbsp;&nbsp;&nbsp;_sys_open
<LI><a href="#[101]">&gt;&gt;</a>&nbsp;&nbsp;&nbsp;_mutex_release
<LI><a href="#[ff]">&gt;&gt;</a>&nbsp;&nbsp;&nbsp;_mutex_acquire
<LI><a href="#[160]">&gt;&gt;</a>&nbsp;&nbsp;&nbsp;_fclose_internal
<LI><a href="#[165]">&gt;&gt;</a>&nbsp;&nbsp;&nbsp;_fseek
</UL>
<BR>[Called By]<UL><LI><a href="#[16a]">&gt;&gt;</a>&nbsp;&nbsp;&nbsp;fopen
<LI><a href="#[169]">&gt;&gt;</a>&nbsp;&nbsp;&nbsp;freopen
</UL>

<P><STRONG><a name="[17a]"></a>_fp_digits</STRONG> (Thumb, 428 bytes, Stack size 96 bytes, C:\Keil_v5\ARM\ARMCC\Bin\..\lib\armlib\c_w.l(_printf_fp_dec.o)(.text))
<BR><BR>[Stack]<UL><LI>Max Depth = 216<LI>Call Chain = _fp_digits &rArr; _btod_etento &rArr; _btod_emul &rArr; _e2e
</UL>
<BR>[Calls]<UL><LI><a href="#[17e]">&gt;&gt;</a>&nbsp;&nbsp;&nbsp;_btod_emul
<LI><a href="#[17d]">&gt;&gt;</a>&nbsp;&nbsp;&nbsp;_btod_ediv
<LI><a href="#[17c]">&gt;&gt;</a>&nbsp;&nbsp;&nbsp;_btod_d2e
<LI><a href="#[17b]">&gt;&gt;</a>&nbsp;&nbsp;&nbsp;_btod_etento
<LI><a href="#[17f]">&gt;&gt;</a>&nbsp;&nbsp;&nbsp;_ll_udiv10
</UL>
<BR>[Called By]<UL><LI><a href="#[180]">&gt;&gt;</a>&nbsp;&nbsp;&nbsp;_printf_fp_dec_real
</UL>

<P><STRONG><a name="[67]"></a>_printf_input_char</STRONG> (Thumb, 10 bytes, Stack size 0 bytes, C:\Keil_v5\ARM\ARMCC\Bin\..\lib\armlib\c_w.l(_printf_char_common.o)(.text))
<BR>[Address Reference Count : 1]<UL><LI> _printf_char_common.o(.text)
</UL>
<P><STRONG><a name="[68]"></a>_scanf_char_input</STRONG> (Thumb, 12 bytes, Stack size 0 bytes, C:\Keil_v5\ARM\ARMCC\Bin\..\lib\armlib\c_w.l(scanf_char.o)(.text))
<BR>[Address Reference Count : 1]<UL><LI> scanf_char.o(.text)
</UL>
<P><STRONG><a name="[1a3]"></a>_fp_value</STRONG> (Thumb, 508 bytes, Stack size 88 bytes, C:\Keil_v5\ARM\ARMCC\Bin\..\lib\armlib\c_w.l(scanf_fp.o)(.text))
<BR><BR>[Stack]<UL><LI>Max Depth = 208<LI>Call Chain = _fp_value &rArr; _btod_etento &rArr; _btod_emul &rArr; _e2e
</UL>
<BR>[Calls]<UL><LI><a href="#[13c]">&gt;&gt;</a>&nbsp;&nbsp;&nbsp;__aeabi_errno_addr
<LI><a href="#[1a4]">&gt;&gt;</a>&nbsp;&nbsp;&nbsp;_btod_emuld
<LI><a href="#[1a5]">&gt;&gt;</a>&nbsp;&nbsp;&nbsp;_btod_edivd
<LI><a href="#[17b]">&gt;&gt;</a>&nbsp;&nbsp;&nbsp;_btod_etento
</UL>
<BR>[Called By]<UL><LI><a href="#[1a6]">&gt;&gt;</a>&nbsp;&nbsp;&nbsp;_scanf_really_real
</UL>

<P><STRONG><a name="[fb]"></a>__sti___8_char_cpp_a3dc957a</STRONG> (Thumb, 12 bytes, Stack size 0 bytes, C:\Keil_v5\ARM\ARMCC\Bin\..\lib\cpplib\cpp_ws.l(char.o)(i.__sti___8_char_cpp_a3dc957a))
<BR>[Address Reference Count : 1]<UL><LI> char.o(.init_array)
</UL>
<P><STRONG><a name="[fc]"></a>__sti___10_locale_cpp_ff99fc7b</STRONG> (Thumb, 12 bytes, Stack size 0 bytes, C:\Keil_v5\ARM\ARMCC\Bin\..\lib\cpplib\cpp_ws.l(locale.o)(i.__sti___10_locale_cpp_ff99fc7b))
<BR>[Address Reference Count : 1]<UL><LI> locale.o(.init_array)
</UL>
<P><STRONG><a name="[fd]"></a>__sti___10_rwcats_cpp_64e8068e</STRONG> (Thumb, 42 bytes, Stack size 16 bytes, C:\Keil_v5\ARM\ARMCC\Bin\..\lib\cpplib\cpp_ws.l(rwcats.o)(i.__sti___10_rwcats_cpp_64e8068e))
<BR><BR>[Stack]<UL><LI>Max Depth = 444 + Unknown Stack Size
<LI>Call Chain = __sti___10_rwcats_cpp_64e8068e &rArr; operator new[] (unsigned) &rArr; error &rArr; mbed_error_vfprintf &rArr; serial_init &rArr; mbed_assert_internal &rArr; mbed_die &rArr; gpio_init_out &rArr; gpio_init_out_ex &rArr; _gpio_init_out &rArr; gpio_init &rArr; gpio_set &rArr;  mbed_assert_internal (Cycle)
</UL>
<BR>[Calls]<UL><LI><a href="#[2c6]">&gt;&gt;</a>&nbsp;&nbsp;&nbsp;operator new[] (unsigned)
<LI><a href="#[2f9]">&gt;&gt;</a>&nbsp;&nbsp;&nbsp;__aeabi_atexit
</UL>
<BR>[Address Reference Count : 1]<UL><LI> rwcats.o(.init_array)
</UL><P>
<H3>
Undefined Global Symbols
</H3><HR></body></html>
