<html>
<body>
<pre>
<h1>µVision Build Log</h1>
<h2>Tool Versions:</h2>
IDE-Version: µVision V5.16a
Copyright (C) 2015 ARM Ltd and ARM Germany GmbH. All rights reserved.
License Information: Raul Martin, raulMrello, LIC=VGX2Z-J5T0F-T31MI-T3M7U-6CJLI-CIJ5Y
 
Tool Versions:
Toolchain:       MDK-ARM Standard  Version: 5.16a
Toolchain Path:  C:\Keil_v5\ARM\ARMCC\Bin
C Compiler:      Armcc.exe V5.06 (build 20)
Assembler:       Armasm.exe V5.06 (build 20)
Linker/Locator:  ArmLink.exe V5.06 (build 20)
Library Manager: ArmAr.exe V5.06 (build 20)
Hex Converter:   FromElf.exe V5.06 (build 20)
CPU DLL:         
Dialog DLL:      DCM.DLL V1.13.2.0
Target DLL:      STLink\ST-LINKIII-KEIL_SWO.dll V2.0.17.0
Dialog DLL:      TCM.DLL V1.14.5.0
 
<h2>Project:</h2>
D:\_workspace\mbed-os-l432kc\mbed-os-example-blinky.uvprojx
Project File Date:  09/16/2017

<h2>Output:</h2>
*** Using Compiler 'V5.06 (build 20)', folder: 'C:\Keil_v5\ARM\ARMCC\Bin'
Build target 'mbed-os-example-blinky'
compiling MQLib.cpp...
src\MQLib\MQLib.cpp(20): warning:  #1-D: last line of file ends without a newline
  List<MQ::Topic> * MQ::MQBroker::_topic_list = 0;
src\MQLib\MQLib.cpp: 1 warning, 0 errors
linking...
Program Size: Code=38996 RO-data=3032 RW-data=2400 ZI-data=6144  
FromELF: creating hex file...
".\BUILD\mbed-os-example-blinky.axf" - 0 Error(s), 1 Warning(s).

<h2>Collection of Component include folders:</h2>
  D:\_workspace\mbed-os-l432kc\RTE
  C:\Keil_v5\ARM\PACK\Keil\STM32L4xx_DFP\1.3.0\Device\Include

<h2>Collection of Component Files used:</h2>
Build Time Elapsed:  00:01:08
</pre>
</body>
</html>
