<!doctype html public "-//w3c//dtd html 4.0 transitional//en">
<html><head>
<title>Static Call Graph - [.\BUILD\mbed-os-example-blinky.axf]</title></head>
<body><HR>
<H1>Static Call Graph for image .\BUILD\mbed-os-example-blinky.axf</H1><HR>
<BR><P>#&#060CALLGRAPH&#062# ARM Linker, 5060300: Last Updated: Mon Nov 13 14:51:37 2017
<BR><P>
<H3>Maximum Stack Usage =        776 bytes + Unknown(Cycles, Untraceable Function Pointers)</H3><H3>
Call chain for Maximum Stack Depth:</H3>
test_ServoManager() &rArr; ServoManager::ServoManager(PinName, PinName, unsigned char) &rArr; PCA9685_ServoDrv::PCA9685_ServoDrv(PinName, PinName, unsigned char, unsigned char, unsigned, PinName, unsigned) &rArr; PCA9685_ServoDrv::updateAll() &rArr; mbed::I2C::write(int, const char*, int, bool) &rArr; i2c_write &rArr; i2c_init &rArr; pin_mode &rArr; mbed_assert_internal &rArr;  mbed_die (Cycle)
<P>
<H3>
Mutually Recursive functions
</H3> <LI><a href="#[1dd]">core_util_critical_section_enter</a>&nbsp;&nbsp;&nbsp;&rArr;&nbsp;&nbsp;&nbsp;<a href="#[21d]">mbed_assert_internal</a><BR>
 <LI><a href="#[1e1]">core_util_critical_section_exit</a>&nbsp;&nbsp;&nbsp;&rArr;&nbsp;&nbsp;&nbsp;<a href="#[21d]">mbed_assert_internal</a><BR>
 <LI><a href="#[292]">pin_function</a>&nbsp;&nbsp;&nbsp;&rArr;&nbsp;&nbsp;&nbsp;<a href="#[21d]">mbed_assert_internal</a><BR>
 <LI><a href="#[1d1]">Set_GPIO_Clock</a>&nbsp;&nbsp;&nbsp;&rArr;&nbsp;&nbsp;&nbsp;<a href="#[1d2]">error</a><BR>
 <LI><a href="#[2a4]">pinmap_pinout</a>&nbsp;&nbsp;&nbsp;&rArr;&nbsp;&nbsp;&nbsp;<a href="#[1d2]">error</a><BR>
 <LI><a href="#[2a2]">pinmap_peripheral</a>&nbsp;&nbsp;&nbsp;&rArr;&nbsp;&nbsp;&nbsp;<a href="#[1d2]">error</a><BR>
 <LI><a href="#[1db]">serial_init</a>&nbsp;&nbsp;&nbsp;&rArr;&nbsp;&nbsp;&nbsp;<a href="#[21d]">mbed_assert_internal</a><BR>
 <LI><a href="#[2a3]">pinmap_merge</a>&nbsp;&nbsp;&nbsp;&rArr;&nbsp;&nbsp;&nbsp;<a href="#[1d2]">error</a><BR>
 <LI><a href="#[2a7]">init_uart</a>&nbsp;&nbsp;&nbsp;&rArr;&nbsp;&nbsp;&nbsp;<a href="#[1d2]">error</a><BR>
 <LI><a href="#[21d]">mbed_assert_internal</a>&nbsp;&nbsp;&nbsp;&rArr;&nbsp;&nbsp;&nbsp;<a href="#[28d]">mbed_die</a><BR>
 <LI><a href="#[1e0]">sleep_manager_unlock_deep_sleep</a>&nbsp;&nbsp;&nbsp;&rArr;&nbsp;&nbsp;&nbsp;<a href="#[1d2]">error</a><BR>
 <LI><a href="#[1de]">sleep_manager_lock_deep_sleep</a>&nbsp;&nbsp;&nbsp;&rArr;&nbsp;&nbsp;&nbsp;<a href="#[1d2]">error</a><BR>
 <LI><a href="#[27e]">osRtxErrorNotify</a>&nbsp;&nbsp;&nbsp;&rArr;&nbsp;&nbsp;&nbsp;<a href="#[1d2]">error</a><BR>
 <LI><a href="#[1c]">NMI_Handler</a>&nbsp;&nbsp;&nbsp;&rArr;&nbsp;&nbsp;&nbsp;<a href="#[1c]">NMI_Handler</a><BR>
 <LI><a href="#[1d]">HardFault_Handler</a>&nbsp;&nbsp;&nbsp;&rArr;&nbsp;&nbsp;&nbsp;<a href="#[1d]">HardFault_Handler</a><BR>
 <LI><a href="#[1e]">MemManage_Handler</a>&nbsp;&nbsp;&nbsp;&rArr;&nbsp;&nbsp;&nbsp;<a href="#[1e]">MemManage_Handler</a><BR>
 <LI><a href="#[1f]">BusFault_Handler</a>&nbsp;&nbsp;&nbsp;&rArr;&nbsp;&nbsp;&nbsp;<a href="#[1f]">BusFault_Handler</a><BR>
 <LI><a href="#[20]">UsageFault_Handler</a>&nbsp;&nbsp;&nbsp;&rArr;&nbsp;&nbsp;&nbsp;<a href="#[20]">UsageFault_Handler</a><BR>
 <LI><a href="#[22]">DebugMon_Handler</a>&nbsp;&nbsp;&nbsp;&rArr;&nbsp;&nbsp;&nbsp;<a href="#[22]">DebugMon_Handler</a><BR>
 <LI><a href="#[37]">ADC1_IRQHandler</a>&nbsp;&nbsp;&nbsp;&rArr;&nbsp;&nbsp;&nbsp;<a href="#[37]">ADC1_IRQHandler</a><BR>
 <LI><a href="#[113]">__asm___13_rtx_mempool_c_7914b4c7__atomic_link_put</a>&nbsp;&nbsp;&nbsp;&rArr;&nbsp;&nbsp;&nbsp;<a href="#[113]">__asm___13_rtx_mempool_c_7914b4c7__atomic_link_put</a><BR>
</UL>
<P>
<H3>
Function Pointers
</H3><UL>
 <LI><a href="#[6f]">&lang;Func2&rang;</a> from .\build\serialbase.o(i.<Func2>) referenced from .\build\serialbase.o(i._ZN4mbed10SerialBaseC1E7PinNameS1_i)
 <LI><a href="#[37]">ADC1_IRQHandler</a> from .\build\startup_stm32l432xx.o(.text) referenced from .\build\startup_stm32l432xx.o(RESET)
 <LI><a href="#[1f]">BusFault_Handler</a> from .\build\startup_stm32l432xx.o(.text) referenced from .\build\startup_stm32l432xx.o(RESET)
 <LI><a href="#[39]">CAN1_RX0_IRQHandler</a> from .\build\can_api.o(i.CAN1_RX0_IRQHandler) referenced from .\build\startup_stm32l432xx.o(RESET)
 <LI><a href="#[3a]">CAN1_RX1_IRQHandler</a> from .\build\startup_stm32l432xx.o(.text) referenced from .\build\startup_stm32l432xx.o(RESET)
 <LI><a href="#[3b]">CAN1_SCE_IRQHandler</a> from .\build\can_api.o(i.CAN1_SCE_IRQHandler) referenced from .\build\startup_stm32l432xx.o(RESET)
 <LI><a href="#[38]">CAN1_TX_IRQHandler</a> from .\build\can_api.o(i.CAN1_TX_IRQHandler) referenced from .\build\startup_stm32l432xx.o(RESET)
 <LI><a href="#[51]">COMP_IRQHandler</a> from .\build\startup_stm32l432xx.o(.text) referenced from .\build\startup_stm32l432xx.o(RESET)
 <LI><a href="#[60]">CRS_IRQHandler</a> from .\build\startup_stm32l432xx.o(.text) referenced from .\build\startup_stm32l432xx.o(RESET)
 <LI><a href="#[30]">DMA1_Channel1_IRQHandler</a> from .\build\dma.o(i.DMA1_Channel1_IRQHandler) referenced from .\build\startup_stm32l432xx.o(RESET)
 <LI><a href="#[31]">DMA1_Channel2_IRQHandler</a> from .\build\dma.o(i.DMA1_Channel2_IRQHandler) referenced from .\build\startup_stm32l432xx.o(RESET)
 <LI><a href="#[32]">DMA1_Channel3_IRQHandler</a> from .\build\dma.o(i.DMA1_Channel3_IRQHandler) referenced from .\build\startup_stm32l432xx.o(RESET)
 <LI><a href="#[33]">DMA1_Channel4_IRQHandler</a> from .\build\dma.o(i.DMA1_Channel4_IRQHandler) referenced from .\build\startup_stm32l432xx.o(RESET)
 <LI><a href="#[34]">DMA1_Channel5_IRQHandler</a> from .\build\dma.o(i.DMA1_Channel5_IRQHandler) referenced from .\build\startup_stm32l432xx.o(RESET)
 <LI><a href="#[35]">DMA1_Channel6_IRQHandler</a> from .\build\dma.o(i.DMA1_Channel6_IRQHandler) referenced from .\build\startup_stm32l432xx.o(RESET)
 <LI><a href="#[36]">DMA1_Channel7_IRQHandler</a> from .\build\dma.o(i.DMA1_Channel7_IRQHandler) referenced from .\build\startup_stm32l432xx.o(RESET)
 <LI><a href="#[4c]">DMA2_Channel1_IRQHandler</a> from .\build\dma.o(i.DMA2_Channel1_IRQHandler) referenced from .\build\startup_stm32l432xx.o(RESET)
 <LI><a href="#[4d]">DMA2_Channel2_IRQHandler</a> from .\build\dma.o(i.DMA2_Channel2_IRQHandler) referenced from .\build\startup_stm32l432xx.o(RESET)
 <LI><a href="#[4e]">DMA2_Channel3_IRQHandler</a> from .\build\dma.o(i.DMA2_Channel3_IRQHandler) referenced from .\build\startup_stm32l432xx.o(RESET)
 <LI><a href="#[4f]">DMA2_Channel4_IRQHandler</a> from .\build\dma.o(i.DMA2_Channel4_IRQHandler) referenced from .\build\startup_stm32l432xx.o(RESET)
 <LI><a href="#[50]">DMA2_Channel5_IRQHandler</a> from .\build\dma.o(i.DMA2_Channel5_IRQHandler) referenced from .\build\startup_stm32l432xx.o(RESET)
 <LI><a href="#[55]">DMA2_Channel6_IRQHandler</a> from .\build\dma.o(i.DMA2_Channel6_IRQHandler) referenced from .\build\startup_stm32l432xx.o(RESET)
 <LI><a href="#[56]">DMA2_Channel7_IRQHandler</a> from .\build\dma.o(i.DMA2_Channel7_IRQHandler) referenced from .\build\startup_stm32l432xx.o(RESET)
 <LI><a href="#[22]">DebugMon_Handler</a> from .\build\startup_stm32l432xx.o(.text) referenced from .\build\startup_stm32l432xx.o(RESET)
 <LI><a href="#[2b]">EXTI0_IRQHandler</a> from .\build\startup_stm32l432xx.o(.text) referenced from .\build\startup_stm32l432xx.o(RESET)
 <LI><a href="#[47]">EXTI15_10_IRQHandler</a> from .\build\startup_stm32l432xx.o(.text) referenced from .\build\startup_stm32l432xx.o(RESET)
 <LI><a href="#[2c]">EXTI1_IRQHandler</a> from .\build\startup_stm32l432xx.o(.text) referenced from .\build\startup_stm32l432xx.o(RESET)
 <LI><a href="#[2d]">EXTI2_IRQHandler</a> from .\build\startup_stm32l432xx.o(.text) referenced from .\build\startup_stm32l432xx.o(RESET)
 <LI><a href="#[2e]">EXTI3_IRQHandler</a> from .\build\startup_stm32l432xx.o(.text) referenced from .\build\startup_stm32l432xx.o(RESET)
 <LI><a href="#[2f]">EXTI4_IRQHandler</a> from .\build\startup_stm32l432xx.o(.text) referenced from .\build\startup_stm32l432xx.o(RESET)
 <LI><a href="#[3c]">EXTI9_5_IRQHandler</a> from .\build\startup_stm32l432xx.o(.text) referenced from .\build\startup_stm32l432xx.o(RESET)
 <LI><a href="#[29]">FLASH_IRQHandler</a> from .\build\startup_stm32l432xx.o(.text) referenced from .\build\startup_stm32l432xx.o(RESET)
 <LI><a href="#[5f]">FPU_IRQHandler</a> from .\build\startup_stm32l432xx.o(.text) referenced from .\build\startup_stm32l432xx.o(RESET)
 <LI><a href="#[1d]">HardFault_Handler</a> from .\build\startup_stm32l432xx.o(.text) referenced from .\build\startup_stm32l432xx.o(RESET)
 <LI><a href="#[43]">I2C1_ER_IRQHandler</a> from .\build\startup_stm32l432xx.o(.text) referenced from .\build\startup_stm32l432xx.o(RESET)
 <LI><a href="#[42]">I2C1_EV_IRQHandler</a> from .\build\startup_stm32l432xx.o(.text) referenced from .\build\startup_stm32l432xx.o(RESET)
 <LI><a href="#[5a]">I2C3_ER_IRQHandler</a> from .\build\startup_stm32l432xx.o(.text) referenced from .\build\startup_stm32l432xx.o(RESET)
 <LI><a href="#[59]">I2C3_EV_IRQHandler</a> from .\build\startup_stm32l432xx.o(.text) referenced from .\build\startup_stm32l432xx.o(RESET)
 <LI><a href="#[6c]">I2C_DMAAbort</a> from .\build\stm32l4xx_hal_i2c.o(i.I2C_DMAAbort) referenced from .\build\stm32l4xx_hal_i2c.o(i.I2C_ITError)
 <LI><a href="#[6a]">I2C_Master_ISR_DMA</a> from .\build\stm32l4xx_hal_i2c.o(i.I2C_Master_ISR_DMA) referenced from .\build\stm32l4xx_hal_i2c.o(i.I2C_Enable_IRQ)
 <LI><a href="#[68]">I2C_Master_ISR_IT</a> from .\build\stm32l4xx_hal_i2c.o(i.I2C_Master_ISR_IT) referenced from .\build\stm32l4xx_hal_i2c.o(i.HAL_I2C_Master_Sequential_Receive_IT)
 <LI><a href="#[68]">I2C_Master_ISR_IT</a> from .\build\stm32l4xx_hal_i2c.o(i.I2C_Master_ISR_IT) referenced from .\build\stm32l4xx_hal_i2c.o(i.HAL_I2C_Master_Sequential_Transmit_IT)
 <LI><a href="#[6b]">I2C_Slave_ISR_DMA</a> from .\build\stm32l4xx_hal_i2c.o(i.I2C_Slave_ISR_DMA) referenced from .\build\stm32l4xx_hal_i2c.o(i.I2C_Enable_IRQ)
 <LI><a href="#[67]">I2C_Slave_ISR_IT</a> from .\build\stm32l4xx_hal_i2c.o(i.I2C_Slave_ISR_IT) referenced from .\build\stm32l4xx_hal_i2c.o(i.HAL_I2C_EnableListen_IT)
 <LI><a href="#[67]">I2C_Slave_ISR_IT</a> from .\build\stm32l4xx_hal_i2c.o(i.I2C_Slave_ISR_IT) referenced from .\build\stm32l4xx_hal_i2c.o(i.I2C_ITError)
 <LI><a href="#[52]">LPTIM1_IRQHandler</a> from .\build\startup_stm32l432xx.o(.text) referenced from .\build\startup_stm32l432xx.o(RESET)
 <LI><a href="#[53]">LPTIM2_IRQHandler</a> from .\build\startup_stm32l432xx.o(.text) referenced from .\build\startup_stm32l432xx.o(RESET)
 <LI><a href="#[57]">LPUART1_IRQHandler</a> from .\build\startup_stm32l432xx.o(.text) referenced from .\build\startup_stm32l432xx.o(RESET)
 <LI><a href="#[1e]">MemManage_Handler</a> from .\build\startup_stm32l432xx.o(.text) referenced from .\build\startup_stm32l432xx.o(RESET)
 <LI><a href="#[1c]">NMI_Handler</a> from .\build\startup_stm32l432xx.o(.text) referenced from .\build\startup_stm32l432xx.o(RESET)
 <LI><a href="#[26]">PVD_PVM_IRQHandler</a> from .\build\startup_stm32l432xx.o(.text) referenced from .\build\startup_stm32l432xx.o(RESET)
 <LI><a href="#[23]">PendSV_Handler</a> from .\build\irq_cm4f.o(.text) referenced from .\build\startup_stm32l432xx.o(RESET)
 <LI><a href="#[58]">QUADSPI_IRQHandler</a> from .\build\startup_stm32l432xx.o(.text) referenced from .\build\startup_stm32l432xx.o(RESET)
 <LI><a href="#[2a]">RCC_IRQHandler</a> from .\build\startup_stm32l432xx.o(.text) referenced from .\build\startup_stm32l432xx.o(RESET)
 <LI><a href="#[5e]">RNG_IRQHandler</a> from .\build\startup_stm32l432xx.o(.text) referenced from .\build\startup_stm32l432xx.o(RESET)
 <LI><a href="#[48]">RTC_Alarm_IRQHandler</a> from .\build\startup_stm32l432xx.o(.text) referenced from .\build\startup_stm32l432xx.o(RESET)
 <LI><a href="#[28]">RTC_WKUP_IRQHandler</a> from .\build\startup_stm32l432xx.o(.text) referenced from .\build\startup_stm32l432xx.o(RESET)
 <LI><a href="#[1b]">Reset_Handler</a> from .\build\startup_stm32l432xx.o(.text) referenced from .\build\startup_stm32l432xx.o(RESET)
 <LI><a href="#[5b]">SAI1_IRQHandler</a> from .\build\startup_stm32l432xx.o(.text) referenced from .\build\startup_stm32l432xx.o(RESET)
 <LI><a href="#[44]">SPI1_IRQHandler</a> from .\build\startup_stm32l432xx.o(.text) referenced from .\build\startup_stm32l432xx.o(RESET)
 <LI><a href="#[49]">SPI3_IRQHandler</a> from .\build\startup_stm32l432xx.o(.text) referenced from .\build\startup_stm32l432xx.o(RESET)
 <LI><a href="#[21]">SVC_Handler</a> from .\build\irq_cm4f.o(.text) referenced from .\build\startup_stm32l432xx.o(RESET)
 <LI><a href="#[5c]">SWPMI1_IRQHandler</a> from .\build\startup_stm32l432xx.o(.text) referenced from .\build\startup_stm32l432xx.o(RESET)
 <LI><a href="#[24]">SysTick_Handler</a> from .\build\irq_cm4f.o(.text) referenced from .\build\startup_stm32l432xx.o(RESET)
 <LI><a href="#[61]">SystemInit</a> from .\build\system_clock.o(i.SystemInit) referenced from .\build\startup_stm32l432xx.o(.text)
 <LI><a href="#[27]">TAMP_STAMP_IRQHandler</a> from .\build\startup_stm32l432xx.o(.text) referenced from .\build\startup_stm32l432xx.o(RESET)
 <LI><a href="#[3d]">TIM1_BRK_TIM15_IRQHandler</a> from .\build\startup_stm32l432xx.o(.text) referenced from .\build\startup_stm32l432xx.o(RESET)
 <LI><a href="#[40]">TIM1_CC_IRQHandler</a> from .\build\startup_stm32l432xx.o(.text) referenced from .\build\startup_stm32l432xx.o(RESET)
 <LI><a href="#[3f]">TIM1_TRG_COM_IRQHandler</a> from .\build\startup_stm32l432xx.o(.text) referenced from .\build\startup_stm32l432xx.o(RESET)
 <LI><a href="#[3e]">TIM1_UP_TIM16_IRQHandler</a> from .\build\startup_stm32l432xx.o(.text) referenced from .\build\startup_stm32l432xx.o(RESET)
 <LI><a href="#[41]">TIM2_IRQHandler</a> from .\build\startup_stm32l432xx.o(.text) referenced from .\build\startup_stm32l432xx.o(RESET)
 <LI><a href="#[4a]">TIM6_DAC_IRQHandler</a> from .\build\startup_stm32l432xx.o(.text) referenced from .\build\startup_stm32l432xx.o(RESET)
 <LI><a href="#[4b]">TIM7_IRQHandler</a> from .\build\startup_stm32l432xx.o(.text) referenced from .\build\startup_stm32l432xx.o(RESET)
 <LI><a href="#[5d]">TSC_IRQHandler</a> from .\build\startup_stm32l432xx.o(.text) referenced from .\build\startup_stm32l432xx.o(RESET)
 <LI><a href="#[45]">USART1_IRQHandler</a> from .\build\startup_stm32l432xx.o(.text) referenced from .\build\startup_stm32l432xx.o(RESET)
 <LI><a href="#[46]">USART2_IRQHandler</a> from .\build\startup_stm32l432xx.o(.text) referenced from .\build\startup_stm32l432xx.o(RESET)
 <LI><a href="#[54]">USB_IRQHandler</a> from .\build\startup_stm32l432xx.o(.text) referenced from .\build\startup_stm32l432xx.o(RESET)
 <LI><a href="#[20]">UsageFault_Handler</a> from .\build\startup_stm32l432xx.o(.text) referenced from .\build\startup_stm32l432xx.o(RESET)
 <LI><a href="#[25]">WWDG_IRQHandler</a> from .\build\startup_stm32l432xx.o(.text) referenced from .\build\startup_stm32l432xx.o(RESET)
 <LI><a href="#[1a]">default_idle_hook()</a> from .\build\mbed_rtx_idle.o(i._Z17default_idle_hookv) referenced 2 times from .\build\mbed_rtx_idle.o(.data)
 <LI><a href="#[19]">test_ServoManager()</a> from .\build\test_servomanager.o(i._Z17test_ServoManagerv) referenced 2 times from .\build\main.o(.data)
 <LI><a href="#[6d]">unhandled_callback()</a> from .\build\serialterminal.o(i._Z18unhandled_callbackv) referenced from .\build\serialterminal.o(i._ZN14SerialTerminal8onTxDataEv)
 <LI><a href="#[6d]">unhandled_callback()</a> from .\build\serialterminal.o(i._Z18unhandled_callbackv) referenced from .\build\serialterminal.o(i._ZN14SerialTerminalC1E7PinNameS0_tiNS_13Receiver_modeE)
 <LI><a href="#[6e]">unhandled_callback_2(unsigned char*, unsigned short)</a> from .\build\serialterminal.o(i._Z20unhandled_callback_2Pht) referenced from .\build\serialterminal.o(i._ZN14SerialTerminalC1E7PinNameS0_tiNS_13Receiver_modeE)
 <LI><a href="#[a7]">ServoManager::subscriptionCb(const char*, void*, unsigned short)</a> from .\build\servomanager.o(i._ZN12ServoManager14subscriptionCbEPKcPvt) referenced from .\build\servomanager.o(.constdata)
 <LI><a href="#[a8]">ServoManager::task()</a> from .\build\servomanager.o(i._ZN12ServoManager4taskEv) referenced from .\build\servomanager.o(.constdata)
 <LI><a href="#[a9]">ServoManager::onTickCb()</a> from .\build\servomanager.o(i._ZN12ServoManager8onTickCbEv) referenced from .\build\servomanager.o(.constdata)
 <LI><a href="#[a4]">MQSerialBridge::onRxTimeout()</a> from .\build\mqserialbridge.o(i._ZN14MQSerialBridge11onRxTimeoutEv) referenced from .\build\mqserialbridge.o(.constdata)
 <LI><a href="#[a3]">MQSerialBridge::onRxComplete()</a> from .\build\mqserialbridge.o(i._ZN14MQSerialBridge12onRxCompleteEv) referenced from .\build\mqserialbridge.o(.constdata)
 <LI><a href="#[a2]">MQSerialBridge::publicationCb(const char*, int)</a> from .\build\mqserialbridge.o(i._ZN14MQSerialBridge13publicationCbEPKci) referenced from .\build\mqserialbridge.o(.constdata)
 <LI><a href="#[a1]">MQSerialBridge::subscriptionCb(const char*, void*, unsigned short)</a> from .\build\mqserialbridge.o(i._ZN14MQSerialBridge14subscriptionCbEPKcPvt) referenced from .\build\mqserialbridge.o(.constdata)
 <LI><a href="#[a6]">MQSerialBridge::task()</a> from .\build\mqserialbridge.o(i._ZN14MQSerialBridge4taskEv) referenced from .\build\mqserialbridge.o(.constdata)
 <LI><a href="#[a5]">MQSerialBridge::onRxOvf()</a> from .\build\mqserialbridge.o(i._ZN14MQSerialBridge7onRxOvfEv) referenced from .\build\mqserialbridge.o(.constdata)
 <LI><a href="#[aa]">SerialTerminal::onRxTimeout()</a> from .\build\serialterminal.o(i._ZN14SerialTerminal11onRxTimeoutEv) referenced from .\build\serialterminal.o(.constdata)
 <LI><a href="#[ad]">SerialTerminal::lock()</a> from .\build\mqserialbridge.o(i._ZN14SerialTerminal4lockEv) referenced from .\build\mqserialbridge.o(.constdata__ZTV14MQSerialBridge)
 <LI><a href="#[ad]">SerialTerminal::lock()</a> from .\build\mqserialbridge.o(i._ZN14SerialTerminal4lockEv) referenced from .\build\mqserialbridge.o(.constdata__ZTV14SerialTerminal)
 <LI><a href="#[ae]">SerialTerminal::unlock()</a> from .\build\mqserialbridge.o(i._ZN14SerialTerminal6unlockEv) referenced from .\build\mqserialbridge.o(.constdata__ZTV14MQSerialBridge)
 <LI><a href="#[ae]">SerialTerminal::unlock()</a> from .\build\mqserialbridge.o(i._ZN14SerialTerminal6unlockEv) referenced from .\build\mqserialbridge.o(.constdata__ZTV14SerialTerminal)
 <LI><a href="#[ac]">SerialTerminal::onRxData()</a> from .\build\serialterminal.o(i._ZN14SerialTerminal8onRxDataEv) referenced from .\build\serialterminal.o(.constdata)
 <LI><a href="#[ab]">SerialTerminal::onTxData()</a> from .\build\serialterminal.o(i._ZN14SerialTerminal8onTxDataEv) referenced from .\build\serialterminal.o(.constdata)
 <LI><a href="#[73]">__rw::__rw_locale_vector&lang;__rw::__rw_cat*&rang;::~__rw_locale_vector()</a> from C:\Keil_v5\ARM\ARMCC\Bin\..\lib\cpplib\cpp_ws.l(rwcats.o)(t._ZN4__rw18__rw_locale_vectorIPNS_8__rw_catEED1Ev) referenced from C:\Keil_v5\ARM\ARMCC\Bin\..\lib\cpplib\cpp_ws.l(rwcats.o)(i.__sti___10_rwcats_cpp_64e8068e)
 <LI><a href="#[70]">mbed::SerialBase::_irq_handler(unsigned, SerialIrq)</a> from .\build\serialbase.o(i._ZN4mbed10SerialBase12_irq_handlerEj9SerialIrq) referenced from .\build\serialbase.o(i._ZN4mbed10SerialBaseC1E7PinNameS1_i)
 <LI><a href="#[af]">mbed::SerialBase::lock()</a> from .\build\serialbase.o(i._ZN4mbed10SerialBase4lockEv) referenced from .\build\serialbase.o(.constdata__ZTVN4mbed10SerialBaseE)
 <LI><a href="#[b0]">mbed::SerialBase::unlock()</a> from .\build\serialbase.o(i._ZN4mbed10SerialBase6unlockEv) referenced from .\build\serialbase.o(.constdata__ZTVN4mbed10SerialBaseE)
 <LI><a href="#[71]">mbed::TimerEvent::irq(unsigned)</a> from .\build\timerevent.o(i._ZN4mbed10TimerEvent3irqEj) referenced from .\build\timerevent.o(i._ZN4mbed10TimerEventC2Ev)
 <LI><a href="#[74]">mbed::Transaction&lang;mbed::SPI&rang;::Transaction()</a> from .\build\spi.o(t._ZN4mbed11TransactionINS_3SPIEEC1Ev) referenced from .\build\spi.o(i.__sti___7_SPI_cpp_ab1f1164)
 <LI><a href="#[98]">mbed::Transaction&lang;mbed::SPI&rang;::~Transaction()</a> from .\build\spi.o(t._ZN4mbed11TransactionINS_3SPIEED1Ev) referenced from .\build\spi.o(t._ZN4mbed14CircularBufferINS_11TransactionINS_3SPIEEELj2EjED1Ev)
 <LI><a href="#[75]">mbed::CircularBuffer&lang;mbed::Transaction&lang;mbed::SPI&rang;, (unsigned)2, unsigned&rang;::~CircularBuffer()</a> from .\build\spi.o(t._ZN4mbed14CircularBufferINS_11TransactionINS_3SPIEEELj2EjED1Ev) referenced from .\build\spi.o(i.__sti___7_SPI_cpp_ab1f1164)
 <LI><a href="#[9a]">mbed::I2C::irq_handler_asynch()</a> from .\build\i2c.o(i._ZN4mbed3I2C18irq_handler_asynchEv) referenced from .\build\i2c.o(.constdata)
 <LI><a href="#[b2]">mbed::I2C::lock()</a> from .\build\i2c.o(i._ZN4mbed3I2C4lockEv) referenced from .\build\i2c.o(.constdata__ZTVN4mbed3I2CE)
 <LI><a href="#[b3]">mbed::I2C::unlock()</a> from .\build\i2c.o(i._ZN4mbed3I2C6unlockEv) referenced from .\build\i2c.o(.constdata__ZTVN4mbed3I2CE)
 <LI><a href="#[b4]">mbed::Ticker::handler()</a> from .\build\ticker.o(i._ZN4mbed6Ticker7handlerEv) referenced from .\build\ticker.o(.constdata__ZTVN4mbed6TickerE)
 <LI><a href="#[b7]">bool mbed::Callback&lang;bool(unsigned char*, unsigned short)&rang;::function_call&lang;bool(*)(unsigned char*, unsigned short)&rang;(const void*, unsigned char*, unsigned short)</a> from .\build\serialterminal.o(t._ZN4mbed8CallbackIFbPhtEE13function_callIPS2_EEbPKvS1_t) referenced from .\build\serialterminal.o(.constdata__ZZN4mbed8CallbackIFbPhtEE8generateIPS2_EEvRKT_E3ops)
 <LI><a href="#[b9]">void mbed::Callback&lang;bool(unsigned char*, unsigned short)&rang;::function_dtor&lang;bool(*)(unsigned char*, unsigned short)&rang;(void*)</a> from .\build\serialterminal.o(t._ZN4mbed8CallbackIFbPhtEE13function_dtorIPS2_EEvPv) referenced from .\build\serialterminal.o(.constdata__ZZN4mbed8CallbackIFbPhtEE8generateIPS2_EEvRKT_E3ops)
 <LI><a href="#[b8]">void mbed::Callback&lang;bool(unsigned char*, unsigned short)&rang;::function_move&lang;bool(*)(unsigned char*, unsigned short)&rang;(void*, const void*)</a> from .\build\serialterminal.o(t._ZN4mbed8CallbackIFbPhtEE13function_moveIPS2_EEvPvPKv) referenced from .\build\serialterminal.o(.constdata__ZZN4mbed8CallbackIFbPhtEE8generateIPS2_EEvRKT_E3ops)
 <LI><a href="#[ba]">void mbed::Callback&lang;void(const char*, void*, unsigned short)&rang;::function_call&lang;mbed::Callback&lang;void(const char*, void*, unsigned short)&rang;::method_context&lang;ServoManager, void(ServoManager::*)(const char*, void*, unsigned short)&rang;&rang;(const void*, const char*, void*, unsigned short)</a> from .\build\servomanager.o(t._ZN4mbed8CallbackIFvPKcPvtEE13function_callINS5_14method_contextI12ServoManagerMS8_FvS2_S3_tEEEEEvPKvS2_S3_t) referenced from .\build\servomanager.o(.constdata__ZZN4mbed8CallbackIFvPKcPvtEE8generateINS5_14method_contextI12ServoManagerMS8_FvS2_S3_tEEEEEvRKT_E3ops)
 <LI><a href="#[bd]">void mbed::Callback&lang;void(const char*, void*, unsigned short)&rang;::function_call&lang;mbed::Callback&lang;void(const char*, void*, unsigned short)&rang;::method_context&lang;MQSerialBridge, void(MQSerialBridge::*)(const char*, void*, unsigned short)&rang;&rang;(const void*, const char*, void*, unsigned short)</a> from .\build\mqserialbridge.o(t._ZN4mbed8CallbackIFvPKcPvtEE13function_callINS5_14method_contextI14MQSerialBridgeMS8_FvS2_S3_tEEEEEvPKvS2_S3_t) referenced from .\build\mqserialbridge.o(.constdata__ZZN4mbed8CallbackIFvPKcPvtEE8generateINS5_14method_contextI14MQSerialBridgeMS8_FvS2_S3_tEEEEEvRKT_E3ops)
 <LI><a href="#[c0]">void mbed::Callback&lang;void(const char*, void*, unsigned short)&rang;::function_call&lang;void(*)(const char*, void*, unsigned short)&rang;(const void*, const char*, void*, unsigned short)</a> from .\build\mqserialbridge.o(t._ZN4mbed8CallbackIFvPKcPvtEE13function_callIPS4_EEvPKvS2_S3_t) referenced from .\build\mqserialbridge.o(.constdata__ZZN4mbed8CallbackIFvPKcPvtEE8generateIPS4_EEvRKT_E3ops)
 <LI><a href="#[bc]">void mbed::Callback&lang;void(const char*, void*, unsigned short)&rang;::function_dtor&lang;mbed::Callback&lang;void(const char*, void*, unsigned short)&rang;::method_context&lang;ServoManager, void(ServoManager::*)(const char*, void*, unsigned short)&rang;&rang;(void*)</a> from .\build\servomanager.o(t._ZN4mbed8CallbackIFvPKcPvtEE13function_dtorINS5_14method_contextI12ServoManagerMS8_FvS2_S3_tEEEEEvS3_) referenced from .\build\servomanager.o(.constdata__ZZN4mbed8CallbackIFvPKcPvtEE8generateINS5_14method_contextI12ServoManagerMS8_FvS2_S3_tEEEEEvRKT_E3ops)
 <LI><a href="#[bf]">void mbed::Callback&lang;void(const char*, void*, unsigned short)&rang;::function_dtor&lang;mbed::Callback&lang;void(const char*, void*, unsigned short)&rang;::method_context&lang;MQSerialBridge, void(MQSerialBridge::*)(const char*, void*, unsigned short)&rang;&rang;(void*)</a> from .\build\mqserialbridge.o(t._ZN4mbed8CallbackIFvPKcPvtEE13function_dtorINS5_14method_contextI14MQSerialBridgeMS8_FvS2_S3_tEEEEEvS3_) referenced from .\build\mqserialbridge.o(.constdata__ZZN4mbed8CallbackIFvPKcPvtEE8generateINS5_14method_contextI14MQSerialBridgeMS8_FvS2_S3_tEEEEEvRKT_E3ops)
 <LI><a href="#[c2]">void mbed::Callback&lang;void(const char*, void*, unsigned short)&rang;::function_dtor&lang;void(*)(const char*, void*, unsigned short)&rang;(void*)</a> from .\build\mqserialbridge.o(t._ZN4mbed8CallbackIFvPKcPvtEE13function_dtorIPS4_EEvS3_) referenced from .\build\mqserialbridge.o(.constdata__ZZN4mbed8CallbackIFvPKcPvtEE8generateIPS4_EEvRKT_E3ops)
 <LI><a href="#[bb]">void mbed::Callback&lang;void(const char*, void*, unsigned short)&rang;::function_move&lang;mbed::Callback&lang;void(const char*, void*, unsigned short)&rang;::method_context&lang;ServoManager, void(ServoManager::*)(const char*, void*, unsigned short)&rang;&rang;(void*, const void*)</a> from .\build\servomanager.o(t._ZN4mbed8CallbackIFvPKcPvtEE13function_moveINS5_14method_contextI12ServoManagerMS8_FvS2_S3_tEEEEEvS3_PKv) referenced from .\build\servomanager.o(.constdata__ZZN4mbed8CallbackIFvPKcPvtEE8generateINS5_14method_contextI12ServoManagerMS8_FvS2_S3_tEEEEEvRKT_E3ops)
 <LI><a href="#[be]">void mbed::Callback&lang;void(const char*, void*, unsigned short)&rang;::function_move&lang;mbed::Callback&lang;void(const char*, void*, unsigned short)&rang;::method_context&lang;MQSerialBridge, void(MQSerialBridge::*)(const char*, void*, unsigned short)&rang;&rang;(void*, const void*)</a> from .\build\mqserialbridge.o(t._ZN4mbed8CallbackIFvPKcPvtEE13function_moveINS5_14method_contextI14MQSerialBridgeMS8_FvS2_S3_tEEEEEvS3_PKv) referenced from .\build\mqserialbridge.o(.constdata__ZZN4mbed8CallbackIFvPKcPvtEE8generateINS5_14method_contextI14MQSerialBridgeMS8_FvS2_S3_tEEEEEvRKT_E3ops)
 <LI><a href="#[c1]">void mbed::Callback&lang;void(const char*, void*, unsigned short)&rang;::function_move&lang;void(*)(const char*, void*, unsigned short)&rang;(void*, const void*)</a> from .\build\mqserialbridge.o(t._ZN4mbed8CallbackIFvPKcPvtEE13function_moveIPS4_EEvS3_PKv) referenced from .\build\mqserialbridge.o(.constdata__ZZN4mbed8CallbackIFvPKcPvtEE8generateIPS4_EEvRKT_E3ops)
 <LI><a href="#[c3]">void mbed::Callback&lang;void(const char*, int)&rang;::function_call&lang;mbed::Callback&lang;void(const char*, int)&rang;::method_context&lang;MQSerialBridge, void(MQSerialBridge::*)(const char*, int)&rang;&rang;(const void*, const char*, int)</a> from .\build\mqserialbridge.o(t._ZN4mbed8CallbackIFvPKciEE13function_callINS4_14method_contextI14MQSerialBridgeMS7_FvS2_iEEEEEvPKvS2_i) referenced from .\build\mqserialbridge.o(.constdata__ZZN4mbed8CallbackIFvPKciEE8generateINS4_14method_contextI14MQSerialBridgeMS7_FvS2_iEEEEEvRKT_E3ops)
 <LI><a href="#[c6]">void mbed::Callback&lang;void(const char*, int)&rang;::function_call&lang;void(*)(const char*, int)&rang;(const void*, const char*, int)</a> from .\build\mqserialbridge.o(t._ZN4mbed8CallbackIFvPKciEE13function_callIPS3_EEvPKvS2_i) referenced from .\build\mqserialbridge.o(.constdata__ZZN4mbed8CallbackIFvPKciEE8generateIPS3_EEvRKT_E3ops)
 <LI><a href="#[c5]">void mbed::Callback&lang;void(const char*, int)&rang;::function_dtor&lang;mbed::Callback&lang;void(const char*, int)&rang;::method_context&lang;MQSerialBridge, void(MQSerialBridge::*)(const char*, int)&rang;&rang;(void*)</a> from .\build\mqserialbridge.o(t._ZN4mbed8CallbackIFvPKciEE13function_dtorINS4_14method_contextI14MQSerialBridgeMS7_FvS2_iEEEEEvPv) referenced from .\build\mqserialbridge.o(.constdata__ZZN4mbed8CallbackIFvPKciEE8generateINS4_14method_contextI14MQSerialBridgeMS7_FvS2_iEEEEEvRKT_E3ops)
 <LI><a href="#[c8]">void mbed::Callback&lang;void(const char*, int)&rang;::function_dtor&lang;void(*)(const char*, int)&rang;(void*)</a> from .\build\mqserialbridge.o(t._ZN4mbed8CallbackIFvPKciEE13function_dtorIPS3_EEvPv) referenced from .\build\mqserialbridge.o(.constdata__ZZN4mbed8CallbackIFvPKciEE8generateIPS3_EEvRKT_E3ops)
 <LI><a href="#[c4]">void mbed::Callback&lang;void(const char*, int)&rang;::function_move&lang;mbed::Callback&lang;void(const char*, int)&rang;::method_context&lang;MQSerialBridge, void(MQSerialBridge::*)(const char*, int)&rang;&rang;(void*, const void*)</a> from .\build\mqserialbridge.o(t._ZN4mbed8CallbackIFvPKciEE13function_moveINS4_14method_contextI14MQSerialBridgeMS7_FvS2_iEEEEEvPvPKv) referenced from .\build\mqserialbridge.o(.constdata__ZZN4mbed8CallbackIFvPKciEE8generateINS4_14method_contextI14MQSerialBridgeMS7_FvS2_iEEEEEvRKT_E3ops)
 <LI><a href="#[c7]">void mbed::Callback&lang;void(const char*, int)&rang;::function_move&lang;void(*)(const char*, int)&rang;(void*, const void*)</a> from .\build\mqserialbridge.o(t._ZN4mbed8CallbackIFvPKciEE13function_moveIPS3_EEvPvPKv) referenced from .\build\mqserialbridge.o(.constdata__ZZN4mbed8CallbackIFvPKciEE8generateIPS3_EEvRKT_E3ops)
 <LI><a href="#[c9]">void mbed::Callback&lang;void(int)&rang;::function_call&lang;void(*)(int)&rang;(const void*, int)</a> from .\build\eventqueue.o(t._ZN4mbed8CallbackIFviEE13function_callIPS1_EEvPKvi) referenced from .\build\eventqueue.o(.constdata__ZZN4mbed8CallbackIFviEE8generateIPS1_EEvRKT_E3ops)
 <LI><a href="#[cb]">void mbed::Callback&lang;void(int)&rang;::function_dtor&lang;void(*)(int)&rang;(void*)</a> from .\build\eventqueue.o(t._ZN4mbed8CallbackIFviEE13function_dtorIPS1_EEvPv) referenced from .\build\eventqueue.o(.constdata__ZZN4mbed8CallbackIFviEE8generateIPS1_EEvRKT_E3ops)
 <LI><a href="#[ca]">void mbed::Callback&lang;void(int)&rang;::function_move&lang;void(*)(int)&rang;(void*, const void*)</a> from .\build\eventqueue.o(t._ZN4mbed8CallbackIFviEE13function_moveIPS1_EEvPvPKv) referenced from .\build\eventqueue.o(.constdata__ZZN4mbed8CallbackIFviEE8generateIPS1_EEvRKT_E3ops)
 <LI><a href="#[cc]">void mbed::Callback&lang;void()&rang;::function_call&lang;mbed::Callback&lang;void()&rang;::method_context&lang;ServoManager, void(ServoManager::*)()&rang;&rang;(const void*)</a> from .\build\servomanager.o(t._ZN4mbed8CallbackIFvvEE13function_callINS2_14method_contextI12ServoManagerMS5_FvvEEEEEvPKv) referenced from .\build\servomanager.o(.constdata__ZZN4mbed8CallbackIFvvEE8generateINS2_14method_contextI12ServoManagerMS5_FvvEEEEEvRKT_E3ops)
 <LI><a href="#[cf]">void mbed::Callback&lang;void()&rang;::function_call&lang;mbed::Callback&lang;void()&rang;::method_context&lang;MQSerialBridge, void(MQSerialBridge::*)()&rang;&rang;(const void*)</a> from .\build\mqserialbridge.o(t._ZN4mbed8CallbackIFvvEE13function_callINS2_14method_contextI14MQSerialBridgeMS5_FvvEEEEEvPKv) referenced from .\build\mqserialbridge.o(.constdata__ZZN4mbed8CallbackIFvvEE8generateINS2_14method_contextI14MQSerialBridgeMS5_FvvEEEEEvRKT_E3ops)
 <LI><a href="#[d2]">void mbed::Callback&lang;void()&rang;::function_call&lang;mbed::Callback&lang;void()&rang;::method_context&lang;SerialTerminal, void(SerialTerminal::*)()&rang;&rang;(const void*)</a> from .\build\serialterminal.o(t._ZN4mbed8CallbackIFvvEE13function_callINS2_14method_contextI14SerialTerminalMS5_FvvEEEEEvPKv) referenced from .\build\serialterminal.o(.constdata__ZZN4mbed8CallbackIFvvEE8generateINS2_14method_contextI14SerialTerminalMS5_FvvEEEEEvRKT_E3ops)
 <LI><a href="#[d5]">void mbed::Callback&lang;void()&rang;::function_call&lang;void(*)()&rang;(const void*)</a> from .\build\atcmdparser.o(t._ZN4mbed8CallbackIFvvEE13function_callIPS1_EEvPKv) referenced from .\build\atcmdparser.o(.constdata__ZZN4mbed8CallbackIFvvEE8generateIPS1_EEvRKT_E3ops)
 <LI><a href="#[ce]">void mbed::Callback&lang;void()&rang;::function_dtor&lang;mbed::Callback&lang;void()&rang;::method_context&lang;ServoManager, void(ServoManager::*)()&rang;&rang;(void*)</a> from .\build\servomanager.o(t._ZN4mbed8CallbackIFvvEE13function_dtorINS2_14method_contextI12ServoManagerMS5_FvvEEEEEvPv) referenced from .\build\servomanager.o(.constdata__ZZN4mbed8CallbackIFvvEE8generateINS2_14method_contextI12ServoManagerMS5_FvvEEEEEvRKT_E3ops)
 <LI><a href="#[d1]">void mbed::Callback&lang;void()&rang;::function_dtor&lang;mbed::Callback&lang;void()&rang;::method_context&lang;MQSerialBridge, void(MQSerialBridge::*)()&rang;&rang;(void*)</a> from .\build\mqserialbridge.o(t._ZN4mbed8CallbackIFvvEE13function_dtorINS2_14method_contextI14MQSerialBridgeMS5_FvvEEEEEvPv) referenced from .\build\mqserialbridge.o(.constdata__ZZN4mbed8CallbackIFvvEE8generateINS2_14method_contextI14MQSerialBridgeMS5_FvvEEEEEvRKT_E3ops)
 <LI><a href="#[d4]">void mbed::Callback&lang;void()&rang;::function_dtor&lang;mbed::Callback&lang;void()&rang;::method_context&lang;SerialTerminal, void(SerialTerminal::*)()&rang;&rang;(void*)</a> from .\build\serialterminal.o(t._ZN4mbed8CallbackIFvvEE13function_dtorINS2_14method_contextI14SerialTerminalMS5_FvvEEEEEvPv) referenced from .\build\serialterminal.o(.constdata__ZZN4mbed8CallbackIFvvEE8generateINS2_14method_contextI14SerialTerminalMS5_FvvEEEEEvRKT_E3ops)
 <LI><a href="#[d7]">void mbed::Callback&lang;void()&rang;::function_dtor&lang;void(*)()&rang;(void*)</a> from .\build\atcmdparser.o(t._ZN4mbed8CallbackIFvvEE13function_dtorIPS1_EEvPv) referenced from .\build\atcmdparser.o(.constdata__ZZN4mbed8CallbackIFvvEE8generateIPS1_EEvRKT_E3ops)
 <LI><a href="#[cd]">void mbed::Callback&lang;void()&rang;::function_move&lang;mbed::Callback&lang;void()&rang;::method_context&lang;ServoManager, void(ServoManager::*)()&rang;&rang;(void*, const void*)</a> from .\build\servomanager.o(t._ZN4mbed8CallbackIFvvEE13function_moveINS2_14method_contextI12ServoManagerMS5_FvvEEEEEvPvPKv) referenced from .\build\servomanager.o(.constdata__ZZN4mbed8CallbackIFvvEE8generateINS2_14method_contextI12ServoManagerMS5_FvvEEEEEvRKT_E3ops)
 <LI><a href="#[d0]">void mbed::Callback&lang;void()&rang;::function_move&lang;mbed::Callback&lang;void()&rang;::method_context&lang;MQSerialBridge, void(MQSerialBridge::*)()&rang;&rang;(void*, const void*)</a> from .\build\mqserialbridge.o(t._ZN4mbed8CallbackIFvvEE13function_moveINS2_14method_contextI14MQSerialBridgeMS5_FvvEEEEEvPvPKv) referenced from .\build\mqserialbridge.o(.constdata__ZZN4mbed8CallbackIFvvEE8generateINS2_14method_contextI14MQSerialBridgeMS5_FvvEEEEEvRKT_E3ops)
 <LI><a href="#[d3]">void mbed::Callback&lang;void()&rang;::function_move&lang;mbed::Callback&lang;void()&rang;::method_context&lang;SerialTerminal, void(SerialTerminal::*)()&rang;&rang;(void*, const void*)</a> from .\build\serialterminal.o(t._ZN4mbed8CallbackIFvvEE13function_moveINS2_14method_contextI14SerialTerminalMS5_FvvEEEEEvPvPKv) referenced from .\build\serialterminal.o(.constdata__ZZN4mbed8CallbackIFvvEE8generateINS2_14method_contextI14SerialTerminalMS5_FvvEEEEEvRKT_E3ops)
 <LI><a href="#[d6]">void mbed::Callback&lang;void()&rang;::function_move&lang;void(*)()&rang;(void*, const void*)</a> from .\build\atcmdparser.o(t._ZN4mbed8CallbackIFvvEE13function_moveIPS1_EEvPvPKv) referenced from .\build\atcmdparser.o(.constdata__ZZN4mbed8CallbackIFvvEE8generateIPS1_EEvRKT_E3ops)
 <LI><a href="#[b5]">mbed::RawSerial::lock()</a> from .\build\rawserial.o(i._ZN4mbed9RawSerial4lockEv) referenced from .\build\rawserial.o(.constdata__ZTVN4mbed9RawSerialE)
 <LI><a href="#[b6]">mbed::RawSerial::unlock()</a> from .\build\rawserial.o(i._ZN4mbed9RawSerial6unlockEv) referenced from .\build\rawserial.o(.constdata__ZTVN4mbed9RawSerialE)
 <LI><a href="#[76]">rtos::Mutex::~Mutex()</a> from .\build\mutex.o(i._ZN4rtos5MutexD1Ev) referenced from .\build\mqlib_1.o(i.__sti___9_MQLib_cpp_cf225734)
 <LI><a href="#[72]">rtos::Thread::_thunk(void*)</a> from .\build\thread.o(i._ZN4rtos6Thread6_thunkEPv) referenced from .\build\thread.o(i._ZN4rtos6Thread5startEN4mbed8CallbackIFvvEEE)
 <LI><a href="#[99]">CThunk&lang;mbed::I2C&rang;::trampoline(mbed::I2C*, void*, void(mbed::I2C::**)(void*))</a> from .\build\i2c.o(t._ZN6CThunkIN4mbed3I2CEE10trampolineEPS1_PvPMS1_FvS4_E) referenced from .\build\i2c.o(t._ZN6CThunkIN4mbed3I2CEE4initEPS1_MS1_FvPvES4_)
 <LI><a href="#[b1]">__cxa_pure_virtual</a> from C:\Keil_v5\ARM\ARMCC\Bin\..\lib\cpplib\cpprt_w.l(pure_virt.o)(i.__cxa_pure_virtual) referenced from .\build\timerevent.o(.constdata__ZTVN4mbed10TimerEventE)
 <LI><a href="#[dd]">__main</a> from C:\Keil_v5\ARM\ARMCC\Bin\..\lib\armlib\c_w.l(__main.o)(!!!main) referenced from .\build\startup_stm32l432xx.o(.text)
 <LI><a href="#[db]">__sti___10_locale_cpp_ff99fc7b</a> from C:\Keil_v5\ARM\ARMCC\Bin\..\lib\cpplib\cpp_ws.l(locale.o)(i.__sti___10_locale_cpp_ff99fc7b) referenced from C:\Keil_v5\ARM\ARMCC\Bin\..\lib\cpplib\cpp_ws.l(locale.o)(.init_array)
 <LI><a href="#[dc]">__sti___10_rwcats_cpp_64e8068e</a> from C:\Keil_v5\ARM\ARMCC\Bin\..\lib\cpplib\cpp_ws.l(rwcats.o)(i.__sti___10_rwcats_cpp_64e8068e) referenced from C:\Keil_v5\ARM\ARMCC\Bin\..\lib\cpplib\cpp_ws.l(rwcats.o)(.init_array)
 <LI><a href="#[d8]">__sti___7_SPI_cpp_ab1f1164</a> from .\build\spi.o(i.__sti___7_SPI_cpp_ab1f1164) referenced from .\build\spi.o(.init_array)
 <LI><a href="#[da]">__sti___8_char_cpp_a3dc957a</a> from C:\Keil_v5\ARM\ARMCC\Bin\..\lib\cpplib\cpp_ws.l(char.o)(i.__sti___8_char_cpp_a3dc957a) referenced from C:\Keil_v5\ARM\ARMCC\Bin\..\lib\cpplib\cpp_ws.l(char.o)(.init_array)
 <LI><a href="#[d9]">__sti___9_MQLib_cpp_cf225734</a> from .\build\mqlib_1.o(i.__sti___9_MQLib_cpp_cf225734) referenced from .\build\mqlib_1.o(.init_array)
 <LI><a href="#[63]">_get_lc_ctype</a> from C:\Keil_v5\ARM\ARMCC\Bin\..\lib\armlib\c_w.l(lc_ctype_c.o)(locale$$code) referenced from C:\Keil_v5\ARM\ARMCC\Bin\..\lib\armlib\c_w.l(rt_ctype_table.o)(.text)
 <LI><a href="#[66]">_printf_input_char</a> from C:\Keil_v5\ARM\ARMCC\Bin\..\lib\armlib\c_w.l(_printf_char_common.o)(.text) referenced from C:\Keil_v5\ARM\ARMCC\Bin\..\lib\armlib\c_w.l(_printf_char_common.o)(.text)
 <LI><a href="#[64]">_snputc</a> from C:\Keil_v5\ARM\ARMCC\Bin\..\lib\armlib\c_w.l(_snputc.o)(.text) referenced 2 times from C:\Keil_v5\ARM\ARMCC\Bin\..\lib\armlib\c_w.l(vsnprintf.o)(.text)
 <LI><a href="#[65]">_sputc</a> from C:\Keil_v5\ARM\ARMCC\Bin\..\lib\armlib\c_w.l(_sputc.o)(.text) referenced 2 times from C:\Keil_v5\ARM\ARMCC\Bin\..\lib\armlib\c_w.l(c89vsprintf.o)(.text)
 <LI><a href="#[77]">i2c1_irq</a> from .\build\i2c_api.o(i.i2c1_irq) referenced from .\build\i2c_api.o(i.i2c_get_irq_handler)
 <LI><a href="#[78]">i2c3_irq</a> from .\build\i2c_api.o(i.i2c3_irq) referenced from .\build\i2c_api.o(i.i2c_get_irq_handler)
 <LI><a href="#[91]">lpuart1_irq</a> from .\build\serial_device.o(i.lpuart1_irq) referenced from .\build\serial_device.o(i.serial_irq_set)
 <LI><a href="#[92]">osRtxIdleThread</a> from .\build\mbed_rtx_handlers.o(i.osRtxIdleThread) referenced from .\build\rtx_kernel.o(i.svcRtxKernelStart)
 <LI><a href="#[94]">osRtxMessageQueuePostProcess</a> from .\build\rtx_msgqueue.o(i.osRtxMessageQueuePostProcess) referenced from .\build\rtx_msgqueue.o(i.svcRtxMessageQueueNew)
 <LI><a href="#[95]">osRtxSemaphorePostProcess</a> from .\build\rtx_semaphore.o(i.osRtxSemaphorePostProcess) referenced from .\build\rtx_semaphore.o(i.svcRtxSemaphoreNew)
 <LI><a href="#[97]">osRtxThreadPostProcess</a> from .\build\rtx_thread.o(i.osRtxThreadPostProcess) referenced from .\build\rtx_thread.o(i.svcRtxThreadNew)
 <LI><a href="#[93]">osRtxTimerThread</a> from .\build\rtx_timer.o(i.osRtxTimerThread) referenced from .\build\rtx_kernel.o(i.svcRtxKernelStart)
 <LI><a href="#[85]">osRtxTimerTick</a> from .\build\rtx_timer.o(i.osRtxTimerTick) referenced from .\build\rtx_timer.o(i.osRtxTimerThread)
 <LI><a href="#[96]">osThreadExit</a> from .\build\rtx_thread.o(i.osThreadExit) referenced from .\build\rtx_thread.o(i.svcRtxThreadNew)
 <LI><a href="#[79]">pre_main</a> from .\build\mbed_boot.o(i.pre_main) referenced from .\build\mbed_boot.o(i.mbed_start_main)
 <LI><a href="#[7a]">svcRtxDelay</a> from .\build\rtx_delay.o(i.svcRtxDelay) referenced from .\build\rtx_delay.o(i.osDelay)
 <LI><a href="#[7b]">svcRtxKernelGetState</a> from .\build\rtx_kernel.o(i.svcRtxKernelGetState) referenced from .\build\rtx_kernel.o(i.osKernelGetState)
 <LI><a href="#[7c]">svcRtxKernelInitialize</a> from .\build\rtx_kernel.o(i.svcRtxKernelInitialize) referenced from .\build\rtx_kernel.o(i.osKernelInitialize)
 <LI><a href="#[7d]">svcRtxKernelStart</a> from .\build\rtx_kernel.o(i.svcRtxKernelStart) referenced from .\build\rtx_kernel.o(i.osKernelStart)
 <LI><a href="#[7e]">svcRtxMessageQueueGet</a> from .\build\rtx_msgqueue.o(i.svcRtxMessageQueueGet) referenced from .\build\rtx_msgqueue.o(i.osMessageQueueGet)
 <LI><a href="#[7f]">svcRtxMessageQueueNew</a> from .\build\rtx_msgqueue.o(i.svcRtxMessageQueueNew) referenced from .\build\rtx_msgqueue.o(i.osMessageQueueNew)
 <LI><a href="#[80]">svcRtxMessageQueuePut</a> from .\build\rtx_msgqueue.o(i.svcRtxMessageQueuePut) referenced from .\build\rtx_msgqueue.o(i.osMessageQueuePut)
 <LI><a href="#[81]">svcRtxMutexAcquire</a> from .\build\rtx_mutex.o(i.svcRtxMutexAcquire) referenced from .\build\rtx_mutex.o(i.osMutexAcquire)
 <LI><a href="#[82]">svcRtxMutexDelete</a> from .\build\rtx_mutex.o(i.svcRtxMutexDelete) referenced from .\build\rtx_mutex.o(i.osMutexDelete)
 <LI><a href="#[83]">svcRtxMutexNew</a> from .\build\rtx_mutex.o(i.svcRtxMutexNew) referenced from .\build\rtx_mutex.o(i.osMutexNew)
 <LI><a href="#[84]">svcRtxMutexRelease</a> from .\build\rtx_mutex.o(i.svcRtxMutexRelease) referenced from .\build\rtx_mutex.o(i.osMutexRelease)
 <LI><a href="#[86]">svcRtxSemaphoreNew</a> from .\build\rtx_semaphore.o(i.svcRtxSemaphoreNew) referenced from .\build\rtx_semaphore.o(i.osSemaphoreNew)
 <LI><a href="#[87]">svcRtxSemaphoreRelease</a> from .\build\rtx_semaphore.o(i.svcRtxSemaphoreRelease) referenced from .\build\rtx_semaphore.o(i.osSemaphoreRelease)
 <LI><a href="#[89]">svcRtxThreadExit</a> from .\build\rtx_thread.o(i.svcRtxThreadExit) referenced from .\build\rtx_thread.o(i.osThreadExit)
 <LI><a href="#[8a]">svcRtxThreadFlagsSet</a> from .\build\rtx_thread.o(i.svcRtxThreadFlagsSet) referenced from .\build\rtx_thread.o(i.osThreadFlagsSet)
 <LI><a href="#[8b]">svcRtxThreadFlagsWait</a> from .\build\rtx_thread.o(i.svcRtxThreadFlagsWait) referenced from .\build\rtx_thread.o(i.osThreadFlagsWait)
 <LI><a href="#[8c]">svcRtxThreadGetId</a> from .\build\rtx_thread.o(i.svcRtxThreadGetId) referenced from .\build\rtx_thread.o(i.osThreadGetId)
 <LI><a href="#[8d]">svcRtxThreadGetName</a> from .\build\rtx_thread.o(i.svcRtxThreadGetName) referenced from .\build\rtx_thread.o(i.osThreadGetName)
 <LI><a href="#[88]">svcRtxThreadNew</a> from .\build\rtx_thread.o(i.svcRtxThreadNew) referenced from .\build\rtx_thread.o(i.osThreadContextNew)
 <LI><a href="#[8e]">svcRtxThreadYield</a> from .\build\rtx_thread.o(i.svcRtxThreadYield) referenced from .\build\rtx_thread.o(i.osThreadYield)
 <LI><a href="#[69]">timer_irq_handler</a> from .\build\hal_tick_32b.o(i.timer_irq_handler) referenced from .\build\hal_tick_32b.o(i.HAL_InitTick)
 <LI><a href="#[8f]">uart1_irq</a> from .\build\serial_device.o(i.uart1_irq) referenced from .\build\serial_device.o(i.serial_irq_set)
 <LI><a href="#[90]">uart2_irq</a> from .\build\serial_device.o(i.uart2_irq) referenced from .\build\serial_device.o(i.serial_irq_set)
 <LI><a href="#[9e]">us_ticker_clear_interrupt</a> from .\build\us_ticker_32b.o(i.us_ticker_clear_interrupt) referenced from .\build\mbed_us_ticker_api.o(.constdata)
 <LI><a href="#[9d]">us_ticker_disable_interrupt</a> from .\build\us_ticker_32b.o(i.us_ticker_disable_interrupt) referenced from .\build\mbed_us_ticker_api.o(.constdata)
 <LI><a href="#[a0]">us_ticker_fire_interrupt</a> from .\build\us_ticker_32b.o(i.us_ticker_fire_interrupt) referenced from .\build\mbed_us_ticker_api.o(.constdata)
 <LI><a href="#[9b]">us_ticker_init</a> from .\build\us_ticker_32b.o(i.us_ticker_init) referenced from .\build\mbed_us_ticker_api.o(.constdata)
 <LI><a href="#[9c]">us_ticker_read</a> from .\build\us_ticker_32b.o(i.us_ticker_read) referenced from .\build\mbed_us_ticker_api.o(.constdata)
 <LI><a href="#[9f]">us_ticker_set_interrupt</a> from .\build\us_ticker_32b.o(i.us_ticker_set_interrupt) referenced from .\build\mbed_us_ticker_api.o(.constdata)
</UL>
<P>
<H3>
Global Symbols
</H3>
<P><STRONG><a name="[dd]"></a>__main</STRONG> (Thumb, 8 bytes, Stack size 0 bytes, C:\Keil_v5\ARM\ARMCC\Bin\..\lib\armlib\c_w.l(__main.o)(!!!main))
<BR><BR>[Stack]<UL><LI>Max Depth = 528 + Unknown Stack Size
<LI>Call Chain = __main &rArr; __rt_entry &rArr; mbed_start_main &rArr; error &rArr; exit &rArr; mbed_die &rArr; gpio_init_out &rArr; gpio_init_out_ex &rArr; _gpio_init_out &rArr; gpio_mode &rArr; pin_mode &rArr; mbed_assert_internal &rArr;  mbed_die (Cycle)
</UL>
<BR>[Calls]<UL><LI><a href="#[e3]">&gt;&gt;</a>&nbsp;&nbsp;&nbsp;__rt_entry
<LI><a href="#[e2]">&gt;&gt;</a>&nbsp;&nbsp;&nbsp;__scatterload
</UL>

<P><STRONG><a name="[e2]"></a>__scatterload</STRONG> (Thumb, 0 bytes, Stack size unknown bytes, C:\Keil_v5\ARM\ARMCC\Bin\..\lib\armlib\c_w.l(__scatter.o)(!!!scatter))
<BR><BR>[Called By]<UL><LI><a href="#[dd]">&gt;&gt;</a>&nbsp;&nbsp;&nbsp;__main
</UL>

<P><STRONG><a name="[e4]"></a>__scatterload_rt2</STRONG> (Thumb, 44 bytes, Stack size unknown bytes, C:\Keil_v5\ARM\ARMCC\Bin\..\lib\armlib\c_w.l(__scatter.o)(!!!scatter), UNUSED)
<BR><BR>[Calls]<UL><LI><a href="#[e3]">&gt;&gt;</a>&nbsp;&nbsp;&nbsp;__rt_entry
</UL>

<P><STRONG><a name="[34e]"></a>__scatterload_rt2_thumb_only</STRONG> (Thumb, 0 bytes, Stack size unknown bytes, C:\Keil_v5\ARM\ARMCC\Bin\..\lib\armlib\c_w.l(__scatter.o)(!!!scatter), UNUSED)

<P><STRONG><a name="[34f]"></a>__scatterload_null</STRONG> (Thumb, 0 bytes, Stack size unknown bytes, C:\Keil_v5\ARM\ARMCC\Bin\..\lib\armlib\c_w.l(__scatter.o)(!!!scatter), UNUSED)

<P><STRONG><a name="[350]"></a>__decompress</STRONG> (Thumb, 90 bytes, Stack size unknown bytes, C:\Keil_v5\ARM\ARMCC\Bin\..\lib\armlib\c_w.l(__dczerorl2.o)(!!dczerorl2), UNUSED)

<P><STRONG><a name="[351]"></a>__decompress1</STRONG> (Thumb, 0 bytes, Stack size unknown bytes, C:\Keil_v5\ARM\ARMCC\Bin\..\lib\armlib\c_w.l(__dczerorl2.o)(!!dczerorl2), UNUSED)

<P><STRONG><a name="[352]"></a>__scatterload_zeroinit</STRONG> (Thumb, 28 bytes, Stack size unknown bytes, C:\Keil_v5\ARM\ARMCC\Bin\..\lib\armlib\c_w.l(__scatter_zi.o)(!!handler_zi), UNUSED)

<P><STRONG><a name="[e5]"></a>_printf_n</STRONG> (Thumb, 0 bytes, Stack size unknown bytes, C:\Keil_v5\ARM\ARMCC\Bin\..\lib\armlib\c_w.l(_printf_n.o)(.ARM.Collect$$_printf_percent$$00000001))
<BR><BR>[Calls]<UL><LI><a href="#[e6]">&gt;&gt;</a>&nbsp;&nbsp;&nbsp;_printf_charcount
</UL>

<P><STRONG><a name="[132]"></a>_printf_percent</STRONG> (Thumb, 0 bytes, Stack size unknown bytes, C:\Keil_v5\ARM\ARMCC\Bin\..\lib\armlib\c_w.l(_printf_percent.o)(.ARM.Collect$$_printf_percent$$00000000))
<BR><BR>[Called By]<UL><LI><a href="#[130]">&gt;&gt;</a>&nbsp;&nbsp;&nbsp;__printf
</UL>

<P><STRONG><a name="[e7]"></a>_printf_p</STRONG> (Thumb, 0 bytes, Stack size unknown bytes, C:\Keil_v5\ARM\ARMCC\Bin\..\lib\armlib\c_w.l(_printf_p.o)(.ARM.Collect$$_printf_percent$$00000002))
<BR><BR>[Stack]<UL><LI>Max Depth = 64 + Unknown Stack Size
<LI>Call Chain = _printf_p &rArr; _printf_hex_ptr &rArr; _printf_longlong_hex &rArr; _printf_int_common &rArr; _printf_post_padding
</UL>
<BR>[Calls]<UL><LI><a href="#[e8]">&gt;&gt;</a>&nbsp;&nbsp;&nbsp;_printf_hex_ptr
</UL>

<P><STRONG><a name="[e9]"></a>_printf_f</STRONG> (Thumb, 0 bytes, Stack size unknown bytes, C:\Keil_v5\ARM\ARMCC\Bin\..\lib\armlib\c_w.l(_printf_f.o)(.ARM.Collect$$_printf_percent$$00000003))
<BR><BR>[Stack]<UL><LI>Max Depth = 320 + Unknown Stack Size
<LI>Call Chain = _printf_f &rArr; _printf_fp_dec &rArr; _printf_fp_dec_real &rArr; _fp_digits &rArr; _btod_etento &rArr; _btod_emul &rArr; _e2e
</UL>
<BR>[Calls]<UL><LI><a href="#[ea]">&gt;&gt;</a>&nbsp;&nbsp;&nbsp;_printf_fp_dec
</UL>

<P><STRONG><a name="[eb]"></a>_printf_e</STRONG> (Thumb, 0 bytes, Stack size unknown bytes, C:\Keil_v5\ARM\ARMCC\Bin\..\lib\armlib\c_w.l(_printf_e.o)(.ARM.Collect$$_printf_percent$$00000004))
<BR><BR>[Stack]<UL><LI>Max Depth = 320 + Unknown Stack Size
<LI>Call Chain = _printf_e &rArr; _printf_fp_dec &rArr; _printf_fp_dec_real &rArr; _fp_digits &rArr; _btod_etento &rArr; _btod_emul &rArr; _e2e
</UL>
<BR>[Calls]<UL><LI><a href="#[ea]">&gt;&gt;</a>&nbsp;&nbsp;&nbsp;_printf_fp_dec
</UL>

<P><STRONG><a name="[ec]"></a>_printf_g</STRONG> (Thumb, 0 bytes, Stack size unknown bytes, C:\Keil_v5\ARM\ARMCC\Bin\..\lib\armlib\c_w.l(_printf_g.o)(.ARM.Collect$$_printf_percent$$00000005))
<BR><BR>[Stack]<UL><LI>Max Depth = 320 + Unknown Stack Size
<LI>Call Chain = _printf_g &rArr; _printf_fp_dec &rArr; _printf_fp_dec_real &rArr; _fp_digits &rArr; _btod_etento &rArr; _btod_emul &rArr; _e2e
</UL>
<BR>[Calls]<UL><LI><a href="#[ea]">&gt;&gt;</a>&nbsp;&nbsp;&nbsp;_printf_fp_dec
</UL>

<P><STRONG><a name="[ed]"></a>_printf_a</STRONG> (Thumb, 0 bytes, Stack size unknown bytes, C:\Keil_v5\ARM\ARMCC\Bin\..\lib\armlib\c_w.l(_printf_a.o)(.ARM.Collect$$_printf_percent$$00000006))
<BR><BR>[Stack]<UL><LI>Max Depth = 112 + Unknown Stack Size
<LI>Call Chain = _printf_a &rArr; _printf_fp_hex &rArr; _printf_fp_hex_real &rArr; _printf_fp_infnan &rArr; _printf_post_padding
</UL>
<BR>[Calls]<UL><LI><a href="#[ee]">&gt;&gt;</a>&nbsp;&nbsp;&nbsp;_printf_fp_hex
</UL>

<P><STRONG><a name="[353]"></a>_printf_ll</STRONG> (Thumb, 0 bytes, Stack size unknown bytes, C:\Keil_v5\ARM\ARMCC\Bin\..\lib\armlib\c_w.l(_printf_ll.o)(.ARM.Collect$$_printf_percent$$00000007))

<P><STRONG><a name="[ef]"></a>_printf_i</STRONG> (Thumb, 0 bytes, Stack size unknown bytes, C:\Keil_v5\ARM\ARMCC\Bin\..\lib\armlib\c_w.l(_printf_i.o)(.ARM.Collect$$_printf_percent$$00000008))
<BR><BR>[Stack]<UL><LI>Max Depth = 72 + Unknown Stack Size
<LI>Call Chain = _printf_i &rArr; _printf_int_dec &rArr; _printf_int_common &rArr; _printf_post_padding
</UL>
<BR>[Calls]<UL><LI><a href="#[f0]">&gt;&gt;</a>&nbsp;&nbsp;&nbsp;_printf_int_dec
</UL>

<P><STRONG><a name="[f1]"></a>_printf_d</STRONG> (Thumb, 0 bytes, Stack size unknown bytes, C:\Keil_v5\ARM\ARMCC\Bin\..\lib\armlib\c_w.l(_printf_d.o)(.ARM.Collect$$_printf_percent$$00000009))
<BR><BR>[Stack]<UL><LI>Max Depth = 72 + Unknown Stack Size
<LI>Call Chain = _printf_d &rArr; _printf_int_dec &rArr; _printf_int_common &rArr; _printf_post_padding
</UL>
<BR>[Calls]<UL><LI><a href="#[f0]">&gt;&gt;</a>&nbsp;&nbsp;&nbsp;_printf_int_dec
</UL>

<P><STRONG><a name="[f2]"></a>_printf_u</STRONG> (Thumb, 0 bytes, Stack size unknown bytes, C:\Keil_v5\ARM\ARMCC\Bin\..\lib\armlib\c_w.l(_printf_u.o)(.ARM.Collect$$_printf_percent$$0000000A))
<BR><BR>[Stack]<UL><LI>Max Depth = 72 + Unknown Stack Size
<LI>Call Chain = _printf_u &rArr; _printf_int_dec &rArr; _printf_int_common &rArr; _printf_post_padding
</UL>
<BR>[Calls]<UL><LI><a href="#[f0]">&gt;&gt;</a>&nbsp;&nbsp;&nbsp;_printf_int_dec
</UL>

<P><STRONG><a name="[f3]"></a>_printf_o</STRONG> (Thumb, 0 bytes, Stack size unknown bytes, C:\Keil_v5\ARM\ARMCC\Bin\..\lib\armlib\c_w.l(_printf_o.o)(.ARM.Collect$$_printf_percent$$0000000B))
<BR><BR>[Stack]<UL><LI>Max Depth = 64 + Unknown Stack Size
<LI>Call Chain = _printf_o &rArr; _printf_int_oct &rArr; _printf_longlong_oct &rArr; _printf_int_common &rArr; _printf_post_padding
</UL>
<BR>[Calls]<UL><LI><a href="#[f4]">&gt;&gt;</a>&nbsp;&nbsp;&nbsp;_printf_int_oct
</UL>

<P><STRONG><a name="[f5]"></a>_printf_x</STRONG> (Thumb, 0 bytes, Stack size unknown bytes, C:\Keil_v5\ARM\ARMCC\Bin\..\lib\armlib\c_w.l(_printf_x.o)(.ARM.Collect$$_printf_percent$$0000000C))
<BR><BR>[Stack]<UL><LI>Max Depth = 80 + Unknown Stack Size
<LI>Call Chain = _printf_x &rArr; _printf_int_hex &rArr; _printf_longlong_hex &rArr; _printf_int_common &rArr; _printf_post_padding
</UL>
<BR>[Calls]<UL><LI><a href="#[f6]">&gt;&gt;</a>&nbsp;&nbsp;&nbsp;_printf_int_hex
</UL>

<P><STRONG><a name="[f7]"></a>_printf_lli</STRONG> (Thumb, 0 bytes, Stack size unknown bytes, C:\Keil_v5\ARM\ARMCC\Bin\..\lib\armlib\c_w.l(_printf_lli.o)(.ARM.Collect$$_printf_percent$$0000000D))
<BR><BR>[Stack]<UL><LI>Max Depth = 72 + Unknown Stack Size
<LI>Call Chain = _printf_lli &rArr; _printf_longlong_dec &rArr; _printf_int_common &rArr; _printf_post_padding
</UL>
<BR>[Calls]<UL><LI><a href="#[f8]">&gt;&gt;</a>&nbsp;&nbsp;&nbsp;_printf_longlong_dec
</UL>

<P><STRONG><a name="[f9]"></a>_printf_lld</STRONG> (Thumb, 0 bytes, Stack size unknown bytes, C:\Keil_v5\ARM\ARMCC\Bin\..\lib\armlib\c_w.l(_printf_lld.o)(.ARM.Collect$$_printf_percent$$0000000E))
<BR><BR>[Stack]<UL><LI>Max Depth = 72 + Unknown Stack Size
<LI>Call Chain = _printf_lld &rArr; _printf_longlong_dec &rArr; _printf_int_common &rArr; _printf_post_padding
</UL>
<BR>[Calls]<UL><LI><a href="#[f8]">&gt;&gt;</a>&nbsp;&nbsp;&nbsp;_printf_longlong_dec
</UL>

<P><STRONG><a name="[fa]"></a>_printf_llu</STRONG> (Thumb, 0 bytes, Stack size unknown bytes, C:\Keil_v5\ARM\ARMCC\Bin\..\lib\armlib\c_w.l(_printf_llu.o)(.ARM.Collect$$_printf_percent$$0000000F))
<BR><BR>[Stack]<UL><LI>Max Depth = 72 + Unknown Stack Size
<LI>Call Chain = _printf_llu &rArr; _printf_longlong_dec &rArr; _printf_int_common &rArr; _printf_post_padding
</UL>
<BR>[Calls]<UL><LI><a href="#[f8]">&gt;&gt;</a>&nbsp;&nbsp;&nbsp;_printf_longlong_dec
</UL>

<P><STRONG><a name="[fb]"></a>_printf_llo</STRONG> (Thumb, 0 bytes, Stack size unknown bytes, C:\Keil_v5\ARM\ARMCC\Bin\..\lib\armlib\c_w.l(_printf_llo.o)(.ARM.Collect$$_printf_percent$$00000010))
<BR><BR>[Stack]<UL><LI>Max Depth = 56 + Unknown Stack Size
<LI>Call Chain = _printf_llo &rArr; _printf_ll_oct &rArr; _printf_longlong_oct &rArr; _printf_int_common &rArr; _printf_post_padding
</UL>
<BR>[Calls]<UL><LI><a href="#[fc]">&gt;&gt;</a>&nbsp;&nbsp;&nbsp;_printf_ll_oct
</UL>

<P><STRONG><a name="[fd]"></a>_printf_llx</STRONG> (Thumb, 0 bytes, Stack size unknown bytes, C:\Keil_v5\ARM\ARMCC\Bin\..\lib\armlib\c_w.l(_printf_llx.o)(.ARM.Collect$$_printf_percent$$00000011))
<BR><BR>[Stack]<UL><LI>Max Depth = 64 + Unknown Stack Size
<LI>Call Chain = _printf_llx &rArr; _printf_ll_hex &rArr; _printf_longlong_hex &rArr; _printf_int_common &rArr; _printf_post_padding
</UL>
<BR>[Calls]<UL><LI><a href="#[fe]">&gt;&gt;</a>&nbsp;&nbsp;&nbsp;_printf_ll_hex
</UL>

<P><STRONG><a name="[354]"></a>_printf_l</STRONG> (Thumb, 0 bytes, Stack size unknown bytes, C:\Keil_v5\ARM\ARMCC\Bin\..\lib\armlib\c_w.l(_printf_l.o)(.ARM.Collect$$_printf_percent$$00000012))

<P><STRONG><a name="[ff]"></a>_printf_c</STRONG> (Thumb, 0 bytes, Stack size unknown bytes, C:\Keil_v5\ARM\ARMCC\Bin\..\lib\armlib\c_w.l(_printf_c.o)(.ARM.Collect$$_printf_percent$$00000013))
<BR><BR>[Stack]<UL><LI>Max Depth = 40 + Unknown Stack Size
<LI>Call Chain = _printf_c &rArr; _printf_char &rArr; _printf_cs_common &rArr; _printf_str &rArr; _printf_post_padding
</UL>
<BR>[Calls]<UL><LI><a href="#[100]">&gt;&gt;</a>&nbsp;&nbsp;&nbsp;_printf_char
</UL>

<P><STRONG><a name="[101]"></a>_printf_s</STRONG> (Thumb, 0 bytes, Stack size unknown bytes, C:\Keil_v5\ARM\ARMCC\Bin\..\lib\armlib\c_w.l(_printf_s.o)(.ARM.Collect$$_printf_percent$$00000014))
<BR><BR>[Stack]<UL><LI>Max Depth = 40 + Unknown Stack Size
<LI>Call Chain = _printf_s &rArr; _printf_string &rArr; _printf_cs_common &rArr; _printf_str &rArr; _printf_post_padding
</UL>
<BR>[Calls]<UL><LI><a href="#[102]">&gt;&gt;</a>&nbsp;&nbsp;&nbsp;_printf_string
</UL>

<P><STRONG><a name="[103]"></a>_printf_lc</STRONG> (Thumb, 0 bytes, Stack size unknown bytes, C:\Keil_v5\ARM\ARMCC\Bin\..\lib\armlib\c_w.l(_printf_lc.o)(.ARM.Collect$$_printf_percent$$00000015))
<BR><BR>[Stack]<UL><LI>Max Depth = 96 + Unknown Stack Size
<LI>Call Chain = _printf_lc &rArr; _printf_wchar &rArr; _printf_lcs_common &rArr; _printf_wctomb &rArr; _wcrtomb &rArr; __rt_ctype_table &rArr; __rt_locale
</UL>
<BR>[Calls]<UL><LI><a href="#[104]">&gt;&gt;</a>&nbsp;&nbsp;&nbsp;_printf_wchar
</UL>

<P><STRONG><a name="[105]"></a>_printf_ls</STRONG> (Thumb, 0 bytes, Stack size unknown bytes, C:\Keil_v5\ARM\ARMCC\Bin\..\lib\armlib\c_w.l(_printf_ls.o)(.ARM.Collect$$_printf_percent$$00000016))
<BR><BR>[Stack]<UL><LI>Max Depth = 96 + Unknown Stack Size
<LI>Call Chain = _printf_ls &rArr; _printf_wstring &rArr; _printf_lcs_common &rArr; _printf_wctomb &rArr; _wcrtomb &rArr; __rt_ctype_table &rArr; __rt_locale
</UL>
<BR>[Calls]<UL><LI><a href="#[106]">&gt;&gt;</a>&nbsp;&nbsp;&nbsp;_printf_wstring
</UL>

<P><STRONG><a name="[355]"></a>_printf_percent_end</STRONG> (Thumb, 0 bytes, Stack size unknown bytes, C:\Keil_v5\ARM\ARMCC\Bin\..\lib\armlib\c_w.l(_printf_percent_end.o)(.ARM.Collect$$_printf_percent$$00000017))

<P><STRONG><a name="[32a]"></a>__rt_lib_init</STRONG> (Thumb, 0 bytes, Stack size unknown bytes, C:\Keil_v5\ARM\ARMCC\Bin\..\lib\armlib\c_w.l(libinit.o)(.ARM.Collect$$libinit$$00000000))
<BR><BR>[Called By]<UL><LI><a href="#[79]">&gt;&gt;</a>&nbsp;&nbsp;&nbsp;pre_main
</UL>

<P><STRONG><a name="[107]"></a>__rt_lib_init_fp_1</STRONG> (Thumb, 0 bytes, Stack size unknown bytes, C:\Keil_v5\ARM\ARMCC\Bin\..\lib\armlib\c_w.l(libinit2.o)(.ARM.Collect$$libinit$$00000001))
<BR><BR>[Calls]<UL><LI><a href="#[108]">&gt;&gt;</a>&nbsp;&nbsp;&nbsp;_fp_init
</UL>

<P><STRONG><a name="[109]"></a>__rt_lib_init_heap_2</STRONG> (Thumb, 0 bytes, Stack size unknown bytes, C:\Keil_v5\ARM\ARMCC\Bin\..\lib\armlib\c_w.l(libinit2.o)(.ARM.Collect$$libinit$$00000005))
<BR><BR>[Stack]<UL><LI>Max Depth = 152 + Unknown Stack Size
<LI>Call Chain = __rt_lib_init_heap_2 &rArr; _init_alloc &rArr; __Heap_Initialize &rArr; _mutex_initialize &rArr; malloc &rArr; _malloc_internal &rArr; __Heap_Full &rArr; __Heap_ProvideMemory &rArr; _free_internal &rArr; _mutex_release &rArr; os_kernel_is_active &rArr; osKernelGetState &rArr; svcRtxKernelGetState
</UL>
<BR>[Calls]<UL><LI><a href="#[10a]">&gt;&gt;</a>&nbsp;&nbsp;&nbsp;_init_alloc
</UL>

<P><STRONG><a name="[356]"></a>__rt_lib_init_preinit_1</STRONG> (Thumb, 0 bytes, Stack size unknown bytes, C:\Keil_v5\ARM\ARMCC\Bin\..\lib\armlib\c_w.l(libinit2.o)(.ARM.Collect$$libinit$$00000004))

<P><STRONG><a name="[357]"></a>__rt_lib_init_heap_1</STRONG> (Thumb, 0 bytes, Stack size unknown bytes, C:\Keil_v5\ARM\ARMCC\Bin\..\lib\armlib\c_w.l(libinit2.o)(.ARM.Collect$$libinit$$0000000A))

<P><STRONG><a name="[10b]"></a>__rt_lib_init_lc_common</STRONG> (Thumb, 0 bytes, Stack size unknown bytes, C:\Keil_v5\ARM\ARMCC\Bin\..\lib\armlib\c_w.l(libinit2.o)(.ARM.Collect$$libinit$$0000000F))
<BR><BR>[Stack]<UL><LI>Max Depth = 8 + Unknown Stack Size
<LI>Call Chain = __rt_lib_init_lc_common &rArr; __rt_locale
</UL>
<BR>[Calls]<UL><LI><a href="#[10c]">&gt;&gt;</a>&nbsp;&nbsp;&nbsp;__rt_locale
</UL>

<P><STRONG><a name="[358]"></a>__rt_lib_init_rand_1</STRONG> (Thumb, 0 bytes, Stack size unknown bytes, C:\Keil_v5\ARM\ARMCC\Bin\..\lib\armlib\c_w.l(libinit2.o)(.ARM.Collect$$libinit$$0000000E))

<P><STRONG><a name="[359]"></a>__rt_lib_init_user_alloc_1</STRONG> (Thumb, 0 bytes, Stack size unknown bytes, C:\Keil_v5\ARM\ARMCC\Bin\..\lib\armlib\c_w.l(libinit2.o)(.ARM.Collect$$libinit$$0000000C))

<P><STRONG><a name="[35a]"></a>__rt_lib_init_lc_collate_1</STRONG> (Thumb, 0 bytes, Stack size unknown bytes, C:\Keil_v5\ARM\ARMCC\Bin\..\lib\armlib\c_w.l(libinit2.o)(.ARM.Collect$$libinit$$00000011))

<P><STRONG><a name="[10d]"></a>__rt_lib_init_lc_ctype_2</STRONG> (Thumb, 0 bytes, Stack size unknown bytes, C:\Keil_v5\ARM\ARMCC\Bin\..\lib\armlib\c_w.l(libinit2.o)(.ARM.Collect$$libinit$$00000012))
<BR><BR>[Stack]<UL><LI>Max Depth = 8 + Unknown Stack Size
<LI>Call Chain = __rt_lib_init_lc_ctype_2 &rArr; _get_lc_ctype
</UL>
<BR>[Calls]<UL><LI><a href="#[63]">&gt;&gt;</a>&nbsp;&nbsp;&nbsp;_get_lc_ctype
</UL>

<P><STRONG><a name="[35b]"></a>__rt_lib_init_lc_ctype_1</STRONG> (Thumb, 0 bytes, Stack size unknown bytes, C:\Keil_v5\ARM\ARMCC\Bin\..\lib\armlib\c_w.l(libinit2.o)(.ARM.Collect$$libinit$$00000013))

<P><STRONG><a name="[35c]"></a>__rt_lib_init_lc_monetary_1</STRONG> (Thumb, 0 bytes, Stack size unknown bytes, C:\Keil_v5\ARM\ARMCC\Bin\..\lib\armlib\c_w.l(libinit2.o)(.ARM.Collect$$libinit$$00000015))

<P><STRONG><a name="[10e]"></a>__rt_lib_init_lc_numeric_2</STRONG> (Thumb, 0 bytes, Stack size unknown bytes, C:\Keil_v5\ARM\ARMCC\Bin\..\lib\armlib\c_w.l(libinit2.o)(.ARM.Collect$$libinit$$00000016))
<BR><BR>[Stack]<UL><LI>Max Depth = 8 + Unknown Stack Size
<LI>Call Chain = __rt_lib_init_lc_numeric_2 &rArr; _get_lc_numeric
</UL>
<BR>[Calls]<UL><LI><a href="#[10f]">&gt;&gt;</a>&nbsp;&nbsp;&nbsp;_get_lc_numeric
</UL>

<P><STRONG><a name="[35d]"></a>__rt_lib_init_atexit_1</STRONG> (Thumb, 0 bytes, Stack size unknown bytes, C:\Keil_v5\ARM\ARMCC\Bin\..\lib\armlib\c_w.l(libinit2.o)(.ARM.Collect$$libinit$$0000001B))

<P><STRONG><a name="[35e]"></a>__rt_lib_init_clock_1</STRONG> (Thumb, 0 bytes, Stack size unknown bytes, C:\Keil_v5\ARM\ARMCC\Bin\..\lib\armlib\c_w.l(libinit2.o)(.ARM.Collect$$libinit$$00000021))

<P><STRONG><a name="[35f]"></a>__rt_lib_init_fp_trap_1</STRONG> (Thumb, 0 bytes, Stack size unknown bytes, C:\Keil_v5\ARM\ARMCC\Bin\..\lib\armlib\c_w.l(libinit2.o)(.ARM.Collect$$libinit$$0000001F))

<P><STRONG><a name="[360]"></a>__rt_lib_init_getenv_1</STRONG> (Thumb, 0 bytes, Stack size unknown bytes, C:\Keil_v5\ARM\ARMCC\Bin\..\lib\armlib\c_w.l(libinit2.o)(.ARM.Collect$$libinit$$00000023))

<P><STRONG><a name="[361]"></a>__rt_lib_init_lc_numeric_1</STRONG> (Thumb, 0 bytes, Stack size unknown bytes, C:\Keil_v5\ARM\ARMCC\Bin\..\lib\armlib\c_w.l(libinit2.o)(.ARM.Collect$$libinit$$00000017))

<P><STRONG><a name="[362]"></a>__rt_lib_init_lc_time_1</STRONG> (Thumb, 0 bytes, Stack size unknown bytes, C:\Keil_v5\ARM\ARMCC\Bin\..\lib\armlib\c_w.l(libinit2.o)(.ARM.Collect$$libinit$$00000019))

<P><STRONG><a name="[363]"></a>__rt_lib_init_signal_1</STRONG> (Thumb, 0 bytes, Stack size unknown bytes, C:\Keil_v5\ARM\ARMCC\Bin\..\lib\armlib\c_w.l(libinit2.o)(.ARM.Collect$$libinit$$0000001D))

<P><STRONG><a name="[110]"></a>__rt_lib_init_stdio_2</STRONG> (Thumb, 0 bytes, Stack size unknown bytes, C:\Keil_v5\ARM\ARMCC\Bin\..\lib\armlib\c_w.l(libinit2.o)(.ARM.Collect$$libinit$$00000024))
<BR><BR>[Stack]<UL><LI>Max Depth = 544 + Unknown Stack Size
<LI>Call Chain = __rt_lib_init_stdio_2 &rArr; _initio &rArr; freopen &rArr; _freopen_locked &rArr; _sys_open &rArr; mbed::FilePath::FilePath(const char*) &rArr; mbed::FileBase::lookup(const char*, unsigned) &rArr; SingletonPtr&lang;rtos::Mutex&rang;::operator -&rang;() &rArr; SingletonPtr&lang;rtos::Mutex&rang;::get() &rArr; rtos::Mutex::Mutex() &rArr; rtos::Mutex::constructor(const char*) &rArr; mbed_assert_internal &rArr;  mbed_die (Cycle)
</UL>
<BR>[Calls]<UL><LI><a href="#[111]">&gt;&gt;</a>&nbsp;&nbsp;&nbsp;_initio
</UL>

<P><STRONG><a name="[364]"></a>__rt_lib_init_alloca_1</STRONG> (Thumb, 0 bytes, Stack size unknown bytes, C:\Keil_v5\ARM\ARMCC\Bin\..\lib\armlib\c_w.l(libinit2.o)(.ARM.Collect$$libinit$$0000002E))

<P><STRONG><a name="[365]"></a>__rt_lib_init_argv_1</STRONG> (Thumb, 0 bytes, Stack size unknown bytes, C:\Keil_v5\ARM\ARMCC\Bin\..\lib\armlib\c_w.l(libinit2.o)(.ARM.Collect$$libinit$$0000002C))

<P><STRONG><a name="[112]"></a>__rt_lib_init_cpp_2</STRONG> (Thumb, 0 bytes, Stack size unknown bytes, C:\Keil_v5\ARM\ARMCC\Bin\..\lib\armlib\c_w.l(libinit2.o)(.ARM.Collect$$libinit$$00000031))
<BR><BR>[Stack]<UL><LI>Max Depth = 16 + Unknown Stack Size
<LI>Call Chain = __rt_lib_init_cpp_2 &rArr; __cpp_initialize__aeabi_
</UL>
<BR>[Calls]<UL><LI><a href="#[e1]">&gt;&gt;</a>&nbsp;&nbsp;&nbsp;__cpp_initialize__aeabi_
</UL>

<P><STRONG><a name="[366]"></a>__rt_lib_init_exceptions_1</STRONG> (Thumb, 0 bytes, Stack size unknown bytes, C:\Keil_v5\ARM\ARMCC\Bin\..\lib\armlib\c_w.l(libinit2.o)(.ARM.Collect$$libinit$$00000030))

<P><STRONG><a name="[367]"></a>__rt_lib_init_stdio_1</STRONG> (Thumb, 0 bytes, Stack size unknown bytes, C:\Keil_v5\ARM\ARMCC\Bin\..\lib\armlib\c_w.l(libinit2.o)(.ARM.Collect$$libinit$$00000025))

<P><STRONG><a name="[368]"></a>__rt_lib_init_cpp_1</STRONG> (Thumb, 0 bytes, Stack size unknown bytes, C:\Keil_v5\ARM\ARMCC\Bin\..\lib\armlib\c_w.l(libinit2.o)(.ARM.Collect$$libinit$$00000032))

<P><STRONG><a name="[369]"></a>__rt_lib_init_return</STRONG> (Thumb, 0 bytes, Stack size unknown bytes, C:\Keil_v5\ARM\ARMCC\Bin\..\lib\armlib\c_w.l(libinit2.o)(.ARM.Collect$$libinit$$00000033))

<P><STRONG><a name="[36a]"></a>__asm___13_rtx_mempool_c_7914b4c7__atomic_wr8</STRONG> (Thumb, 16 bytes, Stack size 0 bytes, .\build\rtx_mempool.o(.emb_text), UNUSED)

<P><STRONG><a name="[36b]"></a>__rt_lib_shutdown_heap_2</STRONG> (Thumb, 0 bytes, Stack size 0 bytes, C:\Keil_v5\ARM\ARMCC\Bin\..\lib\armlib\c_w.l(libshutdown2.o)(.ARM.Collect$$libshutdown$$0000000F))

<P><STRONG><a name="[36c]"></a>__rt_lib_shutdown_stdio_2</STRONG> (Thumb, 0 bytes, Stack size 0 bytes, C:\Keil_v5\ARM\ARMCC\Bin\..\lib\armlib\c_w.l(libshutdown2.o)(.ARM.Collect$$libshutdown$$00000004))

<P><STRONG><a name="[36d]"></a>__asm___13_rtx_mempool_c_7914b4c7__atomic_set32</STRONG> (Thumb, 20 bytes, Stack size 0 bytes, .\build\rtx_mempool.o(.emb_text), UNUSED)

<P><STRONG><a name="[36e]"></a>__asm___13_rtx_mempool_c_7914b4c7__atomic_clr32</STRONG> (Thumb, 22 bytes, Stack size 0 bytes, .\build\rtx_mempool.o(.emb_text), UNUSED)

<P><STRONG><a name="[36f]"></a>__asm___13_rtx_mempool_c_7914b4c7__atomic_chk32_all</STRONG> (Thumb, 38 bytes, Stack size 0 bytes, .\build\rtx_mempool.o(.emb_text), UNUSED)

<P><STRONG><a name="[370]"></a>__asm___13_rtx_mempool_c_7914b4c7__atomic_chk32_any</STRONG> (Thumb, 34 bytes, Stack size 0 bytes, .\build\rtx_mempool.o(.emb_text), UNUSED)

<P><STRONG><a name="[371]"></a>__asm___13_rtx_mempool_c_7914b4c7__atomic_inc32</STRONG> (Thumb, 18 bytes, Stack size 0 bytes, .\build\rtx_mempool.o(.emb_text), UNUSED)

<P><STRONG><a name="[2e4]"></a>__asm___13_rtx_mempool_c_7914b4c7__atomic_inc32_lt</STRONG> (Thumb, 30 bytes, Stack size 0 bytes, .\build\rtx_mempool.o(.emb_text))
<BR><BR>[Called By]<UL><LI><a href="#[2b1]">&gt;&gt;</a>&nbsp;&nbsp;&nbsp;osRtxMemoryPoolAlloc
</UL>

<P><STRONG><a name="[372]"></a>__asm___13_rtx_mempool_c_7914b4c7__atomic_inc16_lt</STRONG> (Thumb, 30 bytes, Stack size 0 bytes, .\build\rtx_mempool.o(.emb_text), UNUSED)

<P><STRONG><a name="[373]"></a>__asm___13_rtx_mempool_c_7914b4c7__atomic_inc16_lim</STRONG> (Thumb, 26 bytes, Stack size 0 bytes, .\build\rtx_mempool.o(.emb_text), UNUSED)

<P><STRONG><a name="[2e8]"></a>__asm___13_rtx_mempool_c_7914b4c7__atomic_dec32_nz</STRONG> (Thumb, 26 bytes, Stack size 0 bytes, .\build\rtx_mempool.o(.emb_text))
<BR><BR>[Called By]<UL><LI><a href="#[2e6]">&gt;&gt;</a>&nbsp;&nbsp;&nbsp;osRtxMemoryPoolFree
</UL>

<P><STRONG><a name="[374]"></a>__asm___13_rtx_mempool_c_7914b4c7__atomic_dec16_nz</STRONG> (Thumb, 26 bytes, Stack size 0 bytes, .\build\rtx_mempool.o(.emb_text), UNUSED)

<P><STRONG><a name="[2e5]"></a>__asm___13_rtx_mempool_c_7914b4c7__atomic_link_get</STRONG> (Thumb, 26 bytes, Stack size 0 bytes, .\build\rtx_mempool.o(.emb_text))
<BR><BR>[Called By]<UL><LI><a href="#[2b1]">&gt;&gt;</a>&nbsp;&nbsp;&nbsp;osRtxMemoryPoolAlloc
</UL>

<P><STRONG><a name="[113]"></a>__asm___13_rtx_mempool_c_7914b4c7__atomic_link_put</STRONG> (Thumb, 28 bytes, Stack size 0 bytes, .\build\rtx_mempool.o(.emb_text))
<BR><BR>[Calls]<UL><LI><a href="#[113]">&gt;&gt;</a>&nbsp;&nbsp;&nbsp;__asm___13_rtx_mempool_c_7914b4c7__atomic_link_put
</UL>
<BR>[Called By]<UL><LI><a href="#[113]">&gt;&gt;</a>&nbsp;&nbsp;&nbsp;__asm___13_rtx_mempool_c_7914b4c7__atomic_link_put
<LI><a href="#[2e6]">&gt;&gt;</a>&nbsp;&nbsp;&nbsp;osRtxMemoryPoolFree
</UL>

<P><STRONG><a name="[1c5]"></a>__asm___14_rtx_msgqueue_c_3fd3b50e__atomic_wr8</STRONG> (Thumb, 16 bytes, Stack size 0 bytes, .\build\rtx_msgqueue.o(.emb_text))
<BR><BR>[Called By]<UL><LI><a href="#[1c3]">&gt;&gt;</a>&nbsp;&nbsp;&nbsp;MessageQueueGet
</UL>

<P><STRONG><a name="[375]"></a>__asm___14_rtx_msgqueue_c_3fd3b50e__atomic_set32</STRONG> (Thumb, 20 bytes, Stack size 0 bytes, .\build\rtx_msgqueue.o(.emb_text), UNUSED)

<P><STRONG><a name="[376]"></a>__asm___14_rtx_msgqueue_c_3fd3b50e__atomic_clr32</STRONG> (Thumb, 22 bytes, Stack size 0 bytes, .\build\rtx_msgqueue.o(.emb_text), UNUSED)

<P><STRONG><a name="[377]"></a>__asm___14_rtx_msgqueue_c_3fd3b50e__atomic_chk32_all</STRONG> (Thumb, 38 bytes, Stack size 0 bytes, .\build\rtx_msgqueue.o(.emb_text), UNUSED)

<P><STRONG><a name="[378]"></a>__asm___14_rtx_msgqueue_c_3fd3b50e__atomic_chk32_any</STRONG> (Thumb, 34 bytes, Stack size 0 bytes, .\build\rtx_msgqueue.o(.emb_text), UNUSED)

<P><STRONG><a name="[1c7]"></a>__asm___14_rtx_msgqueue_c_3fd3b50e__atomic_inc32</STRONG> (Thumb, 18 bytes, Stack size 0 bytes, .\build\rtx_msgqueue.o(.emb_text))
<BR><BR>[Called By]<UL><LI><a href="#[1c6]">&gt;&gt;</a>&nbsp;&nbsp;&nbsp;MessageQueuePut
</UL>

<P><STRONG><a name="[379]"></a>__asm___14_rtx_msgqueue_c_3fd3b50e__atomic_inc32_lt</STRONG> (Thumb, 30 bytes, Stack size 0 bytes, .\build\rtx_msgqueue.o(.emb_text), UNUSED)

<P><STRONG><a name="[37a]"></a>__asm___14_rtx_msgqueue_c_3fd3b50e__atomic_inc16_lt</STRONG> (Thumb, 30 bytes, Stack size 0 bytes, .\build\rtx_msgqueue.o(.emb_text), UNUSED)

<P><STRONG><a name="[37b]"></a>__asm___14_rtx_msgqueue_c_3fd3b50e__atomic_inc16_lim</STRONG> (Thumb, 26 bytes, Stack size 0 bytes, .\build\rtx_msgqueue.o(.emb_text), UNUSED)

<P><STRONG><a name="[1c4]"></a>__asm___14_rtx_msgqueue_c_3fd3b50e__atomic_dec32_nz</STRONG> (Thumb, 26 bytes, Stack size 0 bytes, .\build\rtx_msgqueue.o(.emb_text))
<BR><BR>[Called By]<UL><LI><a href="#[1c3]">&gt;&gt;</a>&nbsp;&nbsp;&nbsp;MessageQueueGet
</UL>

<P><STRONG><a name="[37c]"></a>__asm___14_rtx_msgqueue_c_3fd3b50e__atomic_dec16_nz</STRONG> (Thumb, 26 bytes, Stack size 0 bytes, .\build\rtx_msgqueue.o(.emb_text), UNUSED)

<P><STRONG><a name="[37d]"></a>__asm___14_rtx_msgqueue_c_3fd3b50e__atomic_link_get</STRONG> (Thumb, 26 bytes, Stack size 0 bytes, .\build\rtx_msgqueue.o(.emb_text), UNUSED)

<P><STRONG><a name="[114]"></a>__asm___14_rtx_msgqueue_c_3fd3b50e__atomic_link_put</STRONG> (Thumb, 28 bytes, Stack size 0 bytes, .\build\rtx_msgqueue.o(.emb_text), UNUSED)
<BR><BR>[Calls]<UL><LI><a href="#[114]">&gt;&gt;</a>&nbsp;&nbsp;&nbsp;__asm___14_rtx_msgqueue_c_3fd3b50e__atomic_link_put
</UL>
<BR>[Called By]<UL><LI><a href="#[114]">&gt;&gt;</a>&nbsp;&nbsp;&nbsp;__asm___14_rtx_msgqueue_c_3fd3b50e__atomic_link_put
</UL>

<P><STRONG><a name="[37e]"></a>__asm___15_rtx_semaphore_c_eca73427__atomic_wr8</STRONG> (Thumb, 16 bytes, Stack size 0 bytes, .\build\rtx_semaphore.o(.emb_text), UNUSED)

<P><STRONG><a name="[37f]"></a>__asm___15_rtx_semaphore_c_eca73427__atomic_set32</STRONG> (Thumb, 20 bytes, Stack size 0 bytes, .\build\rtx_semaphore.o(.emb_text), UNUSED)

<P><STRONG><a name="[380]"></a>__asm___15_rtx_semaphore_c_eca73427__atomic_clr32</STRONG> (Thumb, 22 bytes, Stack size 0 bytes, .\build\rtx_semaphore.o(.emb_text), UNUSED)

<P><STRONG><a name="[381]"></a>__asm___15_rtx_semaphore_c_eca73427__atomic_chk32_all</STRONG> (Thumb, 38 bytes, Stack size 0 bytes, .\build\rtx_semaphore.o(.emb_text), UNUSED)

<P><STRONG><a name="[382]"></a>__asm___15_rtx_semaphore_c_eca73427__atomic_chk32_any</STRONG> (Thumb, 34 bytes, Stack size 0 bytes, .\build\rtx_semaphore.o(.emb_text), UNUSED)

<P><STRONG><a name="[383]"></a>__asm___15_rtx_semaphore_c_eca73427__atomic_inc32</STRONG> (Thumb, 18 bytes, Stack size 0 bytes, .\build\rtx_semaphore.o(.emb_text), UNUSED)

<P><STRONG><a name="[384]"></a>__asm___15_rtx_semaphore_c_eca73427__atomic_inc32_lt</STRONG> (Thumb, 30 bytes, Stack size 0 bytes, .\build\rtx_semaphore.o(.emb_text), UNUSED)

<P><STRONG><a name="[1cc]"></a>__asm___15_rtx_semaphore_c_eca73427__atomic_inc16_lt</STRONG> (Thumb, 30 bytes, Stack size 0 bytes, .\build\rtx_semaphore.o(.emb_text))
<BR><BR>[Called By]<UL><LI><a href="#[1cb]">&gt;&gt;</a>&nbsp;&nbsp;&nbsp;SemaphoreTokenIncrement
</UL>

<P><STRONG><a name="[385]"></a>__asm___15_rtx_semaphore_c_eca73427__atomic_inc16_lim</STRONG> (Thumb, 26 bytes, Stack size 0 bytes, .\build\rtx_semaphore.o(.emb_text), UNUSED)

<P><STRONG><a name="[386]"></a>__asm___15_rtx_semaphore_c_eca73427__atomic_dec32_nz</STRONG> (Thumb, 26 bytes, Stack size 0 bytes, .\build\rtx_semaphore.o(.emb_text), UNUSED)

<P><STRONG><a name="[1ca]"></a>__asm___15_rtx_semaphore_c_eca73427__atomic_dec16_nz</STRONG> (Thumb, 26 bytes, Stack size 0 bytes, .\build\rtx_semaphore.o(.emb_text))
<BR><BR>[Called By]<UL><LI><a href="#[1c9]">&gt;&gt;</a>&nbsp;&nbsp;&nbsp;SemaphoreTokenDecrement
</UL>

<P><STRONG><a name="[387]"></a>__asm___15_rtx_semaphore_c_eca73427__atomic_link_get</STRONG> (Thumb, 26 bytes, Stack size 0 bytes, .\build\rtx_semaphore.o(.emb_text), UNUSED)

<P><STRONG><a name="[115]"></a>__asm___15_rtx_semaphore_c_eca73427__atomic_link_put</STRONG> (Thumb, 28 bytes, Stack size 0 bytes, .\build\rtx_semaphore.o(.emb_text), UNUSED)
<BR><BR>[Calls]<UL><LI><a href="#[115]">&gt;&gt;</a>&nbsp;&nbsp;&nbsp;__asm___15_rtx_semaphore_c_eca73427__atomic_link_put
</UL>
<BR>[Called By]<UL><LI><a href="#[115]">&gt;&gt;</a>&nbsp;&nbsp;&nbsp;__asm___15_rtx_semaphore_c_eca73427__atomic_link_put
</UL>

<P><STRONG><a name="[388]"></a>__asm___12_rtx_system_c_024f2f18__atomic_wr8</STRONG> (Thumb, 16 bytes, Stack size 0 bytes, .\build\rtx_system.o(.emb_text), UNUSED)

<P><STRONG><a name="[389]"></a>__asm___12_rtx_system_c_024f2f18__atomic_set32</STRONG> (Thumb, 20 bytes, Stack size 0 bytes, .\build\rtx_system.o(.emb_text), UNUSED)

<P><STRONG><a name="[38a]"></a>__asm___12_rtx_system_c_024f2f18__atomic_clr32</STRONG> (Thumb, 22 bytes, Stack size 0 bytes, .\build\rtx_system.o(.emb_text), UNUSED)

<P><STRONG><a name="[38b]"></a>__asm___12_rtx_system_c_024f2f18__atomic_chk32_all</STRONG> (Thumb, 38 bytes, Stack size 0 bytes, .\build\rtx_system.o(.emb_text), UNUSED)

<P><STRONG><a name="[38c]"></a>__asm___12_rtx_system_c_024f2f18__atomic_chk32_any</STRONG> (Thumb, 34 bytes, Stack size 0 bytes, .\build\rtx_system.o(.emb_text), UNUSED)

<P><STRONG><a name="[38d]"></a>__asm___12_rtx_system_c_024f2f18__atomic_inc32</STRONG> (Thumb, 18 bytes, Stack size 0 bytes, .\build\rtx_system.o(.emb_text), UNUSED)

<P><STRONG><a name="[38e]"></a>__asm___12_rtx_system_c_024f2f18__atomic_inc32_lt</STRONG> (Thumb, 30 bytes, Stack size 0 bytes, .\build\rtx_system.o(.emb_text), UNUSED)

<P><STRONG><a name="[2b8]"></a>__asm___12_rtx_system_c_024f2f18__atomic_inc16_lt</STRONG> (Thumb, 30 bytes, Stack size 0 bytes, .\build\rtx_system.o(.emb_text))
<BR><BR>[Called By]<UL><LI><a href="#[2b7]">&gt;&gt;</a>&nbsp;&nbsp;&nbsp;isr_queue_put
</UL>

<P><STRONG><a name="[2b6]"></a>__asm___12_rtx_system_c_024f2f18__atomic_inc16_lim</STRONG> (Thumb, 26 bytes, Stack size 0 bytes, .\build\rtx_system.o(.emb_text))
<BR><BR>[Called By]<UL><LI><a href="#[2b7]">&gt;&gt;</a>&nbsp;&nbsp;&nbsp;isr_queue_put
<LI><a href="#[2b4]">&gt;&gt;</a>&nbsp;&nbsp;&nbsp;isr_queue_get
</UL>

<P><STRONG><a name="[38f]"></a>__asm___12_rtx_system_c_024f2f18__atomic_dec32_nz</STRONG> (Thumb, 26 bytes, Stack size 0 bytes, .\build\rtx_system.o(.emb_text), UNUSED)

<P><STRONG><a name="[2b5]"></a>__asm___12_rtx_system_c_024f2f18__atomic_dec16_nz</STRONG> (Thumb, 26 bytes, Stack size 0 bytes, .\build\rtx_system.o(.emb_text))
<BR><BR>[Called By]<UL><LI><a href="#[2b4]">&gt;&gt;</a>&nbsp;&nbsp;&nbsp;isr_queue_get
</UL>

<P><STRONG><a name="[390]"></a>__asm___12_rtx_system_c_024f2f18__atomic_link_get</STRONG> (Thumb, 26 bytes, Stack size 0 bytes, .\build\rtx_system.o(.emb_text), UNUSED)

<P><STRONG><a name="[116]"></a>__asm___12_rtx_system_c_024f2f18__atomic_link_put</STRONG> (Thumb, 28 bytes, Stack size 0 bytes, .\build\rtx_system.o(.emb_text), UNUSED)
<BR><BR>[Calls]<UL><LI><a href="#[116]">&gt;&gt;</a>&nbsp;&nbsp;&nbsp;__asm___12_rtx_system_c_024f2f18__atomic_link_put
</UL>
<BR>[Called By]<UL><LI><a href="#[116]">&gt;&gt;</a>&nbsp;&nbsp;&nbsp;__asm___12_rtx_system_c_024f2f18__atomic_link_put
</UL>

<P><STRONG><a name="[391]"></a>__asm___12_rtx_thread_c_add96be5__atomic_wr8</STRONG> (Thumb, 16 bytes, Stack size 0 bytes, .\build\rtx_thread.o(.emb_text), UNUSED)

<P><STRONG><a name="[1d7]"></a>__asm___12_rtx_thread_c_add96be5__atomic_set32</STRONG> (Thumb, 20 bytes, Stack size 0 bytes, .\build\rtx_thread.o(.emb_text))
<BR><BR>[Called By]<UL><LI><a href="#[1d6]">&gt;&gt;</a>&nbsp;&nbsp;&nbsp;ThreadFlagsSet
</UL>

<P><STRONG><a name="[392]"></a>__asm___12_rtx_thread_c_add96be5__atomic_clr32</STRONG> (Thumb, 22 bytes, Stack size 0 bytes, .\build\rtx_thread.o(.emb_text), UNUSED)

<P><STRONG><a name="[1d4]"></a>__asm___12_rtx_thread_c_add96be5__atomic_chk32_all</STRONG> (Thumb, 38 bytes, Stack size 0 bytes, .\build\rtx_thread.o(.emb_text))
<BR><BR>[Called By]<UL><LI><a href="#[1d3]">&gt;&gt;</a>&nbsp;&nbsp;&nbsp;ThreadFlagsCheck
</UL>

<P><STRONG><a name="[1d5]"></a>__asm___12_rtx_thread_c_add96be5__atomic_chk32_any</STRONG> (Thumb, 34 bytes, Stack size 0 bytes, .\build\rtx_thread.o(.emb_text))
<BR><BR>[Called By]<UL><LI><a href="#[1d3]">&gt;&gt;</a>&nbsp;&nbsp;&nbsp;ThreadFlagsCheck
</UL>

<P><STRONG><a name="[393]"></a>__asm___12_rtx_thread_c_add96be5__atomic_inc32</STRONG> (Thumb, 18 bytes, Stack size 0 bytes, .\build\rtx_thread.o(.emb_text), UNUSED)

<P><STRONG><a name="[394]"></a>__asm___12_rtx_thread_c_add96be5__atomic_inc32_lt</STRONG> (Thumb, 30 bytes, Stack size 0 bytes, .\build\rtx_thread.o(.emb_text), UNUSED)

<P><STRONG><a name="[395]"></a>__asm___12_rtx_thread_c_add96be5__atomic_inc16_lt</STRONG> (Thumb, 30 bytes, Stack size 0 bytes, .\build\rtx_thread.o(.emb_text), UNUSED)

<P><STRONG><a name="[396]"></a>__asm___12_rtx_thread_c_add96be5__atomic_inc16_lim</STRONG> (Thumb, 26 bytes, Stack size 0 bytes, .\build\rtx_thread.o(.emb_text), UNUSED)

<P><STRONG><a name="[397]"></a>__asm___12_rtx_thread_c_add96be5__atomic_dec32_nz</STRONG> (Thumb, 26 bytes, Stack size 0 bytes, .\build\rtx_thread.o(.emb_text), UNUSED)

<P><STRONG><a name="[398]"></a>__asm___12_rtx_thread_c_add96be5__atomic_dec16_nz</STRONG> (Thumb, 26 bytes, Stack size 0 bytes, .\build\rtx_thread.o(.emb_text), UNUSED)

<P><STRONG><a name="[399]"></a>__asm___12_rtx_thread_c_add96be5__atomic_link_get</STRONG> (Thumb, 26 bytes, Stack size 0 bytes, .\build\rtx_thread.o(.emb_text), UNUSED)

<P><STRONG><a name="[117]"></a>__asm___12_rtx_thread_c_add96be5__atomic_link_put</STRONG> (Thumb, 28 bytes, Stack size 0 bytes, .\build\rtx_thread.o(.emb_text), UNUSED)
<BR><BR>[Calls]<UL><LI><a href="#[117]">&gt;&gt;</a>&nbsp;&nbsp;&nbsp;__asm___12_rtx_thread_c_add96be5__atomic_link_put
</UL>
<BR>[Called By]<UL><LI><a href="#[117]">&gt;&gt;</a>&nbsp;&nbsp;&nbsp;__asm___12_rtx_thread_c_add96be5__atomic_link_put
</UL>

<P><STRONG><a name="[21]"></a>SVC_Handler</STRONG> (Thumb, 140 bytes, Stack size 0 bytes, .\build\irq_cm4f.o(.text))
<BR>[Address Reference Count : 1]<UL><LI> startup_stm32l432xx.o(RESET)
</UL>
<P><STRONG><a name="[39a]"></a>_maybe_terminate_alloc</STRONG> (Thumb, 0 bytes, Stack size 0 bytes, C:\Keil_v5\ARM\ARMCC\Bin\..\lib\armlib\c_w.l(maybetermalloc2.o)(.emb_text), UNUSED)

<P><STRONG><a name="[23]"></a>PendSV_Handler</STRONG> (Thumb, 16 bytes, Stack size 0 bytes, .\build\irq_cm4f.o(.text))
<BR><BR>[Stack]<UL><LI>Max Depth = 48<LI>Call Chain = PendSV_Handler &rArr; osRtxPendSV_Handler &rArr; osRtxThreadDispatch &rArr; osRtxThreadSwitch &rArr; osRtxThreadStackCheck &rArr; osRtxErrorNotify &rArr;  error (Cycle)
</UL>
<BR>[Calls]<UL><LI><a href="#[118]">&gt;&gt;</a>&nbsp;&nbsp;&nbsp;osRtxPendSV_Handler
</UL>
<BR>[Address Reference Count : 1]<UL><LI> startup_stm32l432xx.o(RESET)
</UL>
<P><STRONG><a name="[24]"></a>SysTick_Handler</STRONG> (Thumb, 16 bytes, Stack size 0 bytes, .\build\irq_cm4f.o(.text))
[...]
<BR>[Address Reference Count : 1]<UL><LI> serial_device.o(i.serial_irq_set)
</UL>
<P><STRONG><a name="[90]"></a>uart2_irq</STRONG> (Thumb, 10 bytes, Stack size 8 bytes, .\build\serial_device.o(i.uart2_irq))
<BR><BR>[Stack]<UL><LI>Max Depth = 24<LI>Call Chain = uart2_irq &rArr; uart_irq
</UL>
<BR>[Calls]<UL><LI><a href="#[2b9]">&gt;&gt;</a>&nbsp;&nbsp;&nbsp;uart_irq
</UL>
<BR>[Address Reference Count : 1]<UL><LI> serial_device.o(i.serial_irq_set)
</UL>
<P><STRONG><a name="[2b9]"></a>uart_irq</STRONG> (Thumb, 120 bytes, Stack size 16 bytes, .\build\serial_device.o(i.uart_irq))
<BR><BR>[Stack]<UL><LI>Max Depth = 16<LI>Call Chain = uart_irq
</UL>
<BR>[Called By]<UL><LI><a href="#[90]">&gt;&gt;</a>&nbsp;&nbsp;&nbsp;uart2_irq
<LI><a href="#[8f]">&gt;&gt;</a>&nbsp;&nbsp;&nbsp;uart1_irq
<LI><a href="#[91]">&gt;&gt;</a>&nbsp;&nbsp;&nbsp;lpuart1_irq
</UL>

<P><STRONG><a name="[6f]"></a>&lang;Func2&rang;</STRONG> (Thumb, 14 bytes, Stack size 8 bytes, .\build\serialbase.o(i.<Func2>))
<BR><BR>[Stack]<UL><LI>Max Depth = 16<LI>Call Chain = &lang;Func2&rang; &rArr; mbed::Callback&lang;void()&rang;::Callback(void(*)())
</UL>
<BR>[Calls]<UL><LI><a href="#[180]">&gt;&gt;</a>&nbsp;&nbsp;&nbsp;mbed::Callback&lang;void()&rang;::Callback(void(*)())
</UL>
<BR>[Address Reference Count : 1]<UL><LI> serialbase.o(i._ZN4mbed10SerialBaseC1E7PinNameS1_i)
</UL>
<P><STRONG><a name="[d8]"></a>__sti___7_SPI_cpp_ab1f1164</STRONG> (Thumb, 44 bytes, Stack size 16 bytes, .\build\spi.o(i.__sti___7_SPI_cpp_ab1f1164))
<BR><BR>[Stack]<UL><LI>Max Depth = 40<LI>Call Chain = __sti___7_SPI_cpp_ab1f1164 &rArr; __aeabi_vec_ctor_nocookie_nodtor
</UL>
<BR>[Calls]<UL><LI><a href="#[27c]">&gt;&gt;</a>&nbsp;&nbsp;&nbsp;__aeabi_atexit
<LI><a href="#[245]">&gt;&gt;</a>&nbsp;&nbsp;&nbsp;__aeabi_vec_ctor_nocookie_nodtor
</UL>
<BR>[Address Reference Count : 1]<UL><LI> spi.o(.init_array)
</UL>
<P><STRONG><a name="[6c]"></a>I2C_DMAAbort</STRONG> (Thumb, 58 bytes, Stack size 16 bytes, .\build\stm32l4xx_hal_i2c.o(i.I2C_DMAAbort))
<BR><BR>[Stack]<UL><LI>Max Depth = 440 + Unknown Stack Size
<LI>Call Chain = I2C_DMAAbort &rArr; HAL_I2C_ErrorCallback &rArr; i2c_init &rArr; pin_mode &rArr; mbed_assert_internal &rArr;  mbed_die (Cycle)
</UL>
<BR>[Calls]<UL><LI><a href="#[18e]">&gt;&gt;</a>&nbsp;&nbsp;&nbsp;HAL_I2C_ErrorCallback
<LI><a href="#[186]">&gt;&gt;</a>&nbsp;&nbsp;&nbsp;HAL_I2C_AbortCpltCallback
</UL>
<BR>[Address Reference Count : 1]<UL><LI> stm32l4xx_hal_i2c.o(i.I2C_ITError)
</UL>
<P><STRONG><a name="[1b9]"></a>I2C_Disable_IRQ</STRONG> (Thumb, 124 bytes, Stack size 8 bytes, .\build\stm32l4xx_hal_i2c.o(i.I2C_Disable_IRQ))
<BR><BR>[Stack]<UL><LI>Max Depth = 8<LI>Call Chain = I2C_Disable_IRQ
</UL>
<BR>[Called By]<UL><LI><a href="#[1c2]">&gt;&gt;</a>&nbsp;&nbsp;&nbsp;I2C_ITSlaveSequentialCplt
<LI><a href="#[1c1]">&gt;&gt;</a>&nbsp;&nbsp;&nbsp;I2C_ITSlaveCplt
<LI><a href="#[1c0]">&gt;&gt;</a>&nbsp;&nbsp;&nbsp;I2C_ITMasterSequentialCplt
<LI><a href="#[1bc]">&gt;&gt;</a>&nbsp;&nbsp;&nbsp;I2C_ITMasterCplt
<LI><a href="#[1bb]">&gt;&gt;</a>&nbsp;&nbsp;&nbsp;I2C_ITListenCplt
<LI><a href="#[18b]">&gt;&gt;</a>&nbsp;&nbsp;&nbsp;I2C_ITError
<LI><a href="#[1b8]">&gt;&gt;</a>&nbsp;&nbsp;&nbsp;I2C_ITAddrCplt
</UL>

<P><STRONG><a name="[18d]"></a>I2C_Enable_IRQ</STRONG> (Thumb, 132 bytes, Stack size 8 bytes, .\build\stm32l4xx_hal_i2c.o(i.I2C_Enable_IRQ))
<BR><BR>[Stack]<UL><LI>Max Depth = 8<LI>Call Chain = I2C_Enable_IRQ
</UL>
<BR>[Called By]<UL><LI><a href="#[198]">&gt;&gt;</a>&nbsp;&nbsp;&nbsp;HAL_I2C_Master_Sequential_Transmit_IT
<LI><a href="#[196]">&gt;&gt;</a>&nbsp;&nbsp;&nbsp;HAL_I2C_Master_Sequential_Receive_IT
<LI><a href="#[18c]">&gt;&gt;</a>&nbsp;&nbsp;&nbsp;HAL_I2C_EnableListen_IT
<LI><a href="#[6a]">&gt;&gt;</a>&nbsp;&nbsp;&nbsp;I2C_Master_ISR_DMA
</UL>

<P><STRONG><a name="[1bd]"></a>I2C_Flush_TXDR</STRONG> (Thumb, 40 bytes, Stack size 0 bytes, .\build\stm32l4xx_hal_i2c.o(i.I2C_Flush_TXDR))
<BR><BR>[Called By]<UL><LI><a href="#[67]">&gt;&gt;</a>&nbsp;&nbsp;&nbsp;I2C_Slave_ISR_IT
<LI><a href="#[68]">&gt;&gt;</a>&nbsp;&nbsp;&nbsp;I2C_Master_ISR_IT
<LI><a href="#[6a]">&gt;&gt;</a>&nbsp;&nbsp;&nbsp;I2C_Master_ISR_DMA
<LI><a href="#[1c1]">&gt;&gt;</a>&nbsp;&nbsp;&nbsp;I2C_ITSlaveCplt
<LI><a href="#[1bc]">&gt;&gt;</a>&nbsp;&nbsp;&nbsp;I2C_ITMasterCplt
</UL>

<P><STRONG><a name="[1b8]"></a>I2C_ITAddrCplt</STRONG> (Thumb, 210 bytes, Stack size 32 bytes, .\build\stm32l4xx_hal_i2c.o(i.I2C_ITAddrCplt))
<BR><BR>[Stack]<UL><LI>Max Depth = 56<LI>Call Chain = I2C_ITAddrCplt &rArr; HAL_I2C_AddrCallback
</UL>
<BR>[Calls]<UL><LI><a href="#[189]">&gt;&gt;</a>&nbsp;&nbsp;&nbsp;HAL_I2C_AddrCallback
<LI><a href="#[1b9]">&gt;&gt;</a>&nbsp;&nbsp;&nbsp;I2C_Disable_IRQ
</UL>
<BR>[Called By]<UL><LI><a href="#[67]">&gt;&gt;</a>&nbsp;&nbsp;&nbsp;I2C_Slave_ISR_IT
</UL>

<P><STRONG><a name="[18b]"></a>I2C_ITError</STRONG> (Thumb, 268 bytes, Stack size 16 bytes, .\build\stm32l4xx_hal_i2c.o(i.I2C_ITError))
<BR><BR>[Stack]<UL><LI>Max Depth = 440 + Unknown Stack Size
<LI>Call Chain = I2C_ITError &rArr; HAL_I2C_ErrorCallback &rArr; i2c_init &rArr; pin_mode &rArr; mbed_assert_internal &rArr;  mbed_die (Cycle)
</UL>
<BR>[Calls]<UL><LI><a href="#[18e]">&gt;&gt;</a>&nbsp;&nbsp;&nbsp;HAL_I2C_ErrorCallback
<LI><a href="#[186]">&gt;&gt;</a>&nbsp;&nbsp;&nbsp;HAL_I2C_AbortCpltCallback
<LI><a href="#[1ba]">&gt;&gt;</a>&nbsp;&nbsp;&nbsp;HAL_DMA_Abort_IT
<LI><a href="#[1b9]">&gt;&gt;</a>&nbsp;&nbsp;&nbsp;I2C_Disable_IRQ
</UL>
<BR>[Called By]<UL><LI><a href="#[18a]">&gt;&gt;</a>&nbsp;&nbsp;&nbsp;HAL_I2C_ER_IRQHandler
<LI><a href="#[68]">&gt;&gt;</a>&nbsp;&nbsp;&nbsp;I2C_Master_ISR_IT
<LI><a href="#[6a]">&gt;&gt;</a>&nbsp;&nbsp;&nbsp;I2C_Master_ISR_DMA
<LI><a href="#[1c1]">&gt;&gt;</a>&nbsp;&nbsp;&nbsp;I2C_ITSlaveCplt
<LI><a href="#[1bc]">&gt;&gt;</a>&nbsp;&nbsp;&nbsp;I2C_ITMasterCplt
</UL>

<P><STRONG><a name="[1bb]"></a>I2C_ITListenCplt</STRONG> (Thumb, 104 bytes, Stack size 16 bytes, .\build\stm32l4xx_hal_i2c.o(i.I2C_ITListenCplt))
<BR><BR>[Stack]<UL><LI>Max Depth = 40<LI>Call Chain = I2C_ITListenCplt &rArr; HAL_I2C_ListenCpltCallback &rArr; HAL_I2C_EnableListen_IT &rArr; I2C_Enable_IRQ
</UL>
<BR>[Calls]<UL><LI><a href="#[193]">&gt;&gt;</a>&nbsp;&nbsp;&nbsp;HAL_I2C_ListenCpltCallback
<LI><a href="#[1b9]">&gt;&gt;</a>&nbsp;&nbsp;&nbsp;I2C_Disable_IRQ
</UL>
<BR>[Called By]<UL><LI><a href="#[67]">&gt;&gt;</a>&nbsp;&nbsp;&nbsp;I2C_Slave_ISR_IT
<LI><a href="#[1c1]">&gt;&gt;</a>&nbsp;&nbsp;&nbsp;I2C_ITSlaveCplt
</UL>

<P><STRONG><a name="[1bc]"></a>I2C_ITMasterCplt</STRONG> (Thumb, 222 bytes, Stack size 16 bytes, .\build\stm32l4xx_hal_i2c.o(i.I2C_ITMasterCplt))
<BR><BR>[Stack]<UL><LI>Max Depth = 456 + Unknown Stack Size
<LI>Call Chain = I2C_ITMasterCplt &rArr; I2C_ITError &rArr; HAL_I2C_ErrorCallback &rArr; i2c_init &rArr; pin_mode &rArr; mbed_assert_internal &rArr;  mbed_die (Cycle)
</UL>
<BR>[Calls]<UL><LI><a href="#[195]">&gt;&gt;</a>&nbsp;&nbsp;&nbsp;HAL_I2C_MasterTxCpltCallback
<LI><a href="#[194]">&gt;&gt;</a>&nbsp;&nbsp;&nbsp;HAL_I2C_MasterRxCpltCallback
<LI><a href="#[1be]">&gt;&gt;</a>&nbsp;&nbsp;&nbsp;HAL_I2C_MemTxCpltCallback
<LI><a href="#[1bf]">&gt;&gt;</a>&nbsp;&nbsp;&nbsp;HAL_I2C_MemRxCpltCallback
<LI><a href="#[18b]">&gt;&gt;</a>&nbsp;&nbsp;&nbsp;I2C_ITError
<LI><a href="#[1bd]">&gt;&gt;</a>&nbsp;&nbsp;&nbsp;I2C_Flush_TXDR
<LI><a href="#[1b9]">&gt;&gt;</a>&nbsp;&nbsp;&nbsp;I2C_Disable_IRQ
</UL>
<BR>[Called By]<UL><LI><a href="#[68]">&gt;&gt;</a>&nbsp;&nbsp;&nbsp;I2C_Master_ISR_IT
<LI><a href="#[6a]">&gt;&gt;</a>&nbsp;&nbsp;&nbsp;I2C_Master_ISR_DMA
</UL>

<P><STRONG><a name="[1c0]"></a>I2C_ITMasterSequentialCplt</STRONG> (Thumb, 98 bytes, Stack size 8 bytes, .\build\stm32l4xx_hal_i2c.o(i.I2C_ITMasterSequentialCplt))
<BR><BR>[Stack]<UL><LI>Max Depth = 92<LI>Call Chain = I2C_ITMasterSequentialCplt &rArr; HAL_I2C_MasterTxCpltCallback &rArr; HAL_I2C_Master_Sequential_Receive_IT &rArr; I2C_TransferConfig
</UL>
<BR>[Calls]<UL><LI><a href="#[195]">&gt;&gt;</a>&nbsp;&nbsp;&nbsp;HAL_I2C_MasterTxCpltCallback
<LI><a href="#[194]">&gt;&gt;</a>&nbsp;&nbsp;&nbsp;HAL_I2C_MasterRxCpltCallback
<LI><a href="#[1b9]">&gt;&gt;</a>&nbsp;&nbsp;&nbsp;I2C_Disable_IRQ
</UL>
<BR>[Called By]<UL><LI><a href="#[68]">&gt;&gt;</a>&nbsp;&nbsp;&nbsp;I2C_Master_ISR_IT
</UL>

<P><STRONG><a name="[1c1]"></a>I2C_ITSlaveCplt</STRONG> (Thumb, 296 bytes, Stack size 16 bytes, .\build\stm32l4xx_hal_i2c.o(i.I2C_ITSlaveCplt))
<BR><BR>[Stack]<UL><LI>Max Depth = 456 + Unknown Stack Size
<LI>Call Chain = I2C_ITSlaveCplt &rArr; I2C_ITError &rArr; HAL_I2C_ErrorCallback &rArr; i2c_init &rArr; pin_mode &rArr; mbed_assert_internal &rArr;  mbed_die (Cycle)
</UL>
<BR>[Calls]<UL><LI><a href="#[19a]">&gt;&gt;</a>&nbsp;&nbsp;&nbsp;HAL_I2C_SlaveTxCpltCallback
<LI><a href="#[199]">&gt;&gt;</a>&nbsp;&nbsp;&nbsp;HAL_I2C_SlaveRxCpltCallback
<LI><a href="#[193]">&gt;&gt;</a>&nbsp;&nbsp;&nbsp;HAL_I2C_ListenCpltCallback
<LI><a href="#[1bb]">&gt;&gt;</a>&nbsp;&nbsp;&nbsp;I2C_ITListenCplt
<LI><a href="#[18b]">&gt;&gt;</a>&nbsp;&nbsp;&nbsp;I2C_ITError
<LI><a href="#[1bd]">&gt;&gt;</a>&nbsp;&nbsp;&nbsp;I2C_Flush_TXDR
<LI><a href="#[1b9]">&gt;&gt;</a>&nbsp;&nbsp;&nbsp;I2C_Disable_IRQ
</UL>
<BR>[Called By]<UL><LI><a href="#[67]">&gt;&gt;</a>&nbsp;&nbsp;&nbsp;I2C_Slave_ISR_IT
<LI><a href="#[6b]">&gt;&gt;</a>&nbsp;&nbsp;&nbsp;I2C_Slave_ISR_DMA
</UL>

<P><STRONG><a name="[1c2]"></a>I2C_ITSlaveSequentialCplt</STRONG> (Thumb, 98 bytes, Stack size 8 bytes, .\build\stm32l4xx_hal_i2c.o(i.I2C_ITSlaveSequentialCplt))
<BR><BR>[Stack]<UL><LI>Max Depth = 24<LI>Call Chain = I2C_ITSlaveSequentialCplt &rArr; HAL_I2C_SlaveTxCpltCallback
</UL>
<BR>[Calls]<UL><LI><a href="#[19a]">&gt;&gt;</a>&nbsp;&nbsp;&nbsp;HAL_I2C_SlaveTxCpltCallback
<LI><a href="#[199]">&gt;&gt;</a>&nbsp;&nbsp;&nbsp;HAL_I2C_SlaveRxCpltCallback
<LI><a href="#[1b9]">&gt;&gt;</a>&nbsp;&nbsp;&nbsp;I2C_Disable_IRQ
</UL>
<BR>[Called By]<UL><LI><a href="#[67]">&gt;&gt;</a>&nbsp;&nbsp;&nbsp;I2C_Slave_ISR_IT
</UL>

<P><STRONG><a name="[6a]"></a>I2C_Master_ISR_DMA</STRONG> (Thumb, 252 bytes, Stack size 32 bytes, .\build\stm32l4xx_hal_i2c.o(i.I2C_Master_ISR_DMA))
<BR><BR>[Stack]<UL><LI>Max Depth = 488 + Unknown Stack Size
<LI>Call Chain = I2C_Master_ISR_DMA &rArr; I2C_ITMasterCplt &rArr; I2C_ITError &rArr; HAL_I2C_ErrorCallback &rArr; i2c_init &rArr; pin_mode &rArr; mbed_assert_internal &rArr;  mbed_die (Cycle)
</UL>
<BR>[Calls]<UL><LI><a href="#[197]">&gt;&gt;</a>&nbsp;&nbsp;&nbsp;I2C_TransferConfig
<LI><a href="#[1bc]">&gt;&gt;</a>&nbsp;&nbsp;&nbsp;I2C_ITMasterCplt
<LI><a href="#[18b]">&gt;&gt;</a>&nbsp;&nbsp;&nbsp;I2C_ITError
<LI><a href="#[1bd]">&gt;&gt;</a>&nbsp;&nbsp;&nbsp;I2C_Flush_TXDR
<LI><a href="#[18d]">&gt;&gt;</a>&nbsp;&nbsp;&nbsp;I2C_Enable_IRQ
</UL>
<BR>[Address Reference Count : 1]<UL><LI> stm32l4xx_hal_i2c.o(i.I2C_Enable_IRQ)
</UL>
<P><STRONG><a name="[68]"></a>I2C_Master_ISR_IT</STRONG> (Thumb, 398 bytes, Stack size 24 bytes, .\build\stm32l4xx_hal_i2c.o(i.I2C_Master_ISR_IT))
<BR><BR>[Stack]<UL><LI>Max Depth = 480 + Unknown Stack Size
<LI>Call Chain = I2C_Master_ISR_IT &rArr; I2C_ITMasterCplt &rArr; I2C_ITError &rArr; HAL_I2C_ErrorCallback &rArr; i2c_init &rArr; pin_mode &rArr; mbed_assert_internal &rArr;  mbed_die (Cycle)
</UL>
<BR>[Calls]<UL><LI><a href="#[197]">&gt;&gt;</a>&nbsp;&nbsp;&nbsp;I2C_TransferConfig
<LI><a href="#[1c0]">&gt;&gt;</a>&nbsp;&nbsp;&nbsp;I2C_ITMasterSequentialCplt
<LI><a href="#[1bc]">&gt;&gt;</a>&nbsp;&nbsp;&nbsp;I2C_ITMasterCplt
<LI><a href="#[18b]">&gt;&gt;</a>&nbsp;&nbsp;&nbsp;I2C_ITError
<LI><a href="#[1bd]">&gt;&gt;</a>&nbsp;&nbsp;&nbsp;I2C_Flush_TXDR
</UL>
<BR>[Address Reference Count : 2]<UL><LI> stm32l4xx_hal_i2c.o(i.HAL_I2C_Master_Sequential_Receive_IT)
<LI> stm32l4xx_hal_i2c.o(i.HAL_I2C_Master_Sequential_Transmit_IT)
</UL>
<P><STRONG><a name="[6b]"></a>I2C_Slave_ISR_DMA</STRONG> (Thumb, 144 bytes, Stack size 16 bytes, .\build\stm32l4xx_hal_i2c.o(i.I2C_Slave_ISR_DMA))
<BR><BR>[Stack]<UL><LI>Max Depth = 472 + Unknown Stack Size
<LI>Call Chain = I2C_Slave_ISR_DMA &rArr; I2C_ITSlaveCplt &rArr; I2C_ITError &rArr; HAL_I2C_ErrorCallback &rArr; i2c_init &rArr; pin_mode &rArr; mbed_assert_internal &rArr;  mbed_die (Cycle)
</UL>
<BR>[Calls]<UL><LI><a href="#[1c1]">&gt;&gt;</a>&nbsp;&nbsp;&nbsp;I2C_ITSlaveCplt
</UL>
<BR>[Address Reference Count : 1]<UL><LI> stm32l4xx_hal_i2c.o(i.I2C_Enable_IRQ)
</UL>
<P><STRONG><a name="[67]"></a>I2C_Slave_ISR_IT</STRONG> (Thumb, 320 bytes, Stack size 16 bytes, .\build\stm32l4xx_hal_i2c.o(i.I2C_Slave_ISR_IT))
<BR><BR>[Stack]<UL><LI>Max Depth = 472 + Unknown Stack Size
<LI>Call Chain = I2C_Slave_ISR_IT &rArr; I2C_ITSlaveCplt &rArr; I2C_ITError &rArr; HAL_I2C_ErrorCallback &rArr; i2c_init &rArr; pin_mode &rArr; mbed_assert_internal &rArr;  mbed_die (Cycle)
</UL>
<BR>[Calls]<UL><LI><a href="#[1c2]">&gt;&gt;</a>&nbsp;&nbsp;&nbsp;I2C_ITSlaveSequentialCplt
<LI><a href="#[1c1]">&gt;&gt;</a>&nbsp;&nbsp;&nbsp;I2C_ITSlaveCplt
<LI><a href="#[1bb]">&gt;&gt;</a>&nbsp;&nbsp;&nbsp;I2C_ITListenCplt
<LI><a href="#[1b8]">&gt;&gt;</a>&nbsp;&nbsp;&nbsp;I2C_ITAddrCplt
<LI><a href="#[1bd]">&gt;&gt;</a>&nbsp;&nbsp;&nbsp;I2C_Flush_TXDR
</UL>
<BR>[Address Reference Count : 2]<UL><LI> stm32l4xx_hal_i2c.o(i.HAL_I2C_EnableListen_IT)
<LI> stm32l4xx_hal_i2c.o(i.I2C_ITError)
</UL>
<P><STRONG><a name="[197]"></a>I2C_TransferConfig</STRONG> (Thumb, 42 bytes, Stack size 20 bytes, .\build\stm32l4xx_hal_i2c.o(i.I2C_TransferConfig))
<BR><BR>[Stack]<UL><LI>Max Depth = 20<LI>Call Chain = I2C_TransferConfig
</UL>
<BR>[Called By]<UL><LI><a href="#[198]">&gt;&gt;</a>&nbsp;&nbsp;&nbsp;HAL_I2C_Master_Sequential_Transmit_IT
<LI><a href="#[196]">&gt;&gt;</a>&nbsp;&nbsp;&nbsp;HAL_I2C_Master_Sequential_Receive_IT
<LI><a href="#[68]">&gt;&gt;</a>&nbsp;&nbsp;&nbsp;I2C_Master_ISR_IT
<LI><a href="#[6a]">&gt;&gt;</a>&nbsp;&nbsp;&nbsp;I2C_Master_ISR_DMA
</UL>

<P><STRONG><a name="[1ae]"></a>RCC_SetFlashLatencyFromMSIRange</STRONG> (Thumb, 150 bytes, Stack size 24 bytes, .\build\stm32l4xx_hal_rcc.o(i.RCC_SetFlashLatencyFromMSIRange))
<BR><BR>[Stack]<UL><LI>Max Depth = 24<LI>Call Chain = RCC_SetFlashLatencyFromMSIRange
</UL>
<BR>[Calls]<UL><LI><a href="#[1c8]">&gt;&gt;</a>&nbsp;&nbsp;&nbsp;HAL_PWREx_GetVoltageRange
</UL>
<BR>[Called By]<UL><LI><a href="#[1ad]">&gt;&gt;</a>&nbsp;&nbsp;&nbsp;HAL_RCC_OscConfig
</UL>

<P><STRONG><a name="[1a7]"></a>RCCEx_PLLSAI1_Config</STRONG> (Thumb, 474 bytes, Stack size 24 bytes, .\build\stm32l4xx_hal_rcc_ex.o(i.RCCEx_PLLSAI1_Config))
<BR><BR>[Stack]<UL><LI>Max Depth = 24<LI>Call Chain = RCCEx_PLLSAI1_Config
</UL>
<BR>[Calls]<UL><LI><a href="#[1a8]">&gt;&gt;</a>&nbsp;&nbsp;&nbsp;HAL_GetTick
</UL>
<BR>[Called By]<UL><LI><a href="#[1a6]">&gt;&gt;</a>&nbsp;&nbsp;&nbsp;HAL_RCCEx_PeriphCLKConfig
</UL>

<P><STRONG><a name="[d9]"></a>__sti___9_MQLib_cpp_cf225734</STRONG> (Thumb, 20 bytes, Stack size 8 bytes, .\build\mqlib_1.o(i.__sti___9_MQLib_cpp_cf225734))
<BR><BR>[Stack]<UL><LI>Max Depth = 368 + Unknown Stack Size
<LI>Call Chain = __sti___9_MQLib_cpp_cf225734 &rArr; rtos::Mutex::Mutex() &rArr; rtos::Mutex::constructor(const char*) &rArr; mbed_assert_internal &rArr;  mbed_die (Cycle)
</UL>
<BR>[Calls]<UL><LI><a href="#[200]">&gt;&gt;</a>&nbsp;&nbsp;&nbsp;rtos::Mutex::Mutex()
<LI><a href="#[27c]">&gt;&gt;</a>&nbsp;&nbsp;&nbsp;__aeabi_atexit
</UL>
<BR>[Address Reference Count : 1]<UL><LI> mqlib_1.o(.init_array)
</UL>
<P><STRONG><a name="[207]"></a>getCRC(void*, unsigned)</STRONG> (Thumb, 46 bytes, Stack size 16 bytes, .\build\mqserialbridge.o(i._Z6getCRCPvj))
<BR><BR>[Stack]<UL><LI>Max Depth = 16<LI>Call Chain = getCRC(void*, unsigned)
</UL>
<BR>[Called By]<UL><LI><a href="#[a6]">&gt;&gt;</a>&nbsp;&nbsp;&nbsp;MQSerialBridge::task()
<LI><a href="#[a1]">&gt;&gt;</a>&nbsp;&nbsp;&nbsp;MQSerialBridge::subscriptionCb(const char*, void*, unsigned short)
</UL>

<P><STRONG><a name="[6d]"></a>unhandled_callback()</STRONG> (Thumb, 2 bytes, Stack size 0 bytes, .\build\serialterminal.o(i._Z18unhandled_callbackv))
<BR>[Address Reference Count : 2]<UL><LI> serialterminal.o(i._ZN14SerialTerminal8onTxDataEv)
<LI> serialterminal.o(i._ZN14SerialTerminalC1E7PinNameS0_tiNS_13Receiver_modeE)
</UL>
<P><STRONG><a name="[6e]"></a>unhandled_callback_2(unsigned char*, unsigned short)</STRONG> (Thumb, 6 bytes, Stack size 0 bytes, .\build\serialterminal.o(i._Z20unhandled_callback_2Pht))
<BR>[Address Reference Count : 1]<UL><LI> serialterminal.o(i._ZN14SerialTerminalC1E7PinNameS0_tiNS_13Receiver_modeE)
</UL>
<P><STRONG><a name="[11e]"></a>Heap1_SizeAdjust</STRONG> (Thumb, 8 bytes, Stack size 0 bytes, C:\Keil_v5\ARM\ARMCC\Bin\..\lib\armlib\c_w.l(h1_alloc_mt.o)(.text))
<BR><BR>[Called By]<UL><LI><a href="#[11d]">&gt;&gt;</a>&nbsp;&nbsp;&nbsp;_malloc_internal
</UL>

<P><STRONG><a name="[13c]"></a>_freopen_locked</STRONG> (Thumb, 174 bytes, Stack size 32 bytes, C:\Keil_v5\ARM\ARMCC\Bin\..\lib\armlib\c_w.l(fopen_locked.o)(.text))
<BR><BR>[Stack]<UL><LI>Max Depth = 512 + Unknown Stack Size
<LI>Call Chain = _freopen_locked &rArr; _sys_open &rArr; mbed::FilePath::FilePath(const char*) &rArr; mbed::FileBase::lookup(const char*, unsigned) &rArr; SingletonPtr&lang;rtos::Mutex&rang;::operator -&rang;() &rArr; SingletonPtr&lang;rtos::Mutex&rang;::get() &rArr; rtos::Mutex::Mutex() &rArr; rtos::Mutex::constructor(const char*) &rArr; mbed_assert_internal &rArr;  mbed_die (Cycle)
</UL>
<BR>[Calls]<UL><LI><a href="#[e0]">&gt;&gt;</a>&nbsp;&nbsp;&nbsp;_mutex_release
<LI><a href="#[de]">&gt;&gt;</a>&nbsp;&nbsp;&nbsp;_mutex_acquire
<LI><a href="#[13d]">&gt;&gt;</a>&nbsp;&nbsp;&nbsp;_sys_open
<LI><a href="#[135]">&gt;&gt;</a>&nbsp;&nbsp;&nbsp;_fclose_internal
<LI><a href="#[13a]">&gt;&gt;</a>&nbsp;&nbsp;&nbsp;_fseek
</UL>
<BR>[Called By]<UL><LI><a href="#[13f]">&gt;&gt;</a>&nbsp;&nbsp;&nbsp;fopen
<LI><a href="#[13e]">&gt;&gt;</a>&nbsp;&nbsp;&nbsp;freopen
</UL>

<P><STRONG><a name="[66]"></a>_printf_input_char</STRONG> (Thumb, 10 bytes, Stack size 0 bytes, C:\Keil_v5\ARM\ARMCC\Bin\..\lib\armlib\c_w.l(_printf_char_common.o)(.text))
<BR>[Address Reference Count : 1]<UL><LI> _printf_char_common.o(.text)
</UL>
<P><STRONG><a name="[166]"></a>_fp_digits</STRONG> (Thumb, 428 bytes, Stack size 96 bytes, C:\Keil_v5\ARM\ARMCC\Bin\..\lib\armlib\c_w.l(_printf_fp_dec.o)(.text))
<BR><BR>[Stack]<UL><LI>Max Depth = 216<LI>Call Chain = _fp_digits &rArr; _btod_etento &rArr; _btod_emul &rArr; _e2e
</UL>
<BR>[Calls]<UL><LI><a href="#[153]">&gt;&gt;</a>&nbsp;&nbsp;&nbsp;_ll_udiv10
<LI><a href="#[16a]">&gt;&gt;</a>&nbsp;&nbsp;&nbsp;_btod_emul
<LI><a href="#[169]">&gt;&gt;</a>&nbsp;&nbsp;&nbsp;_btod_ediv
<LI><a href="#[168]">&gt;&gt;</a>&nbsp;&nbsp;&nbsp;_btod_d2e
<LI><a href="#[167]">&gt;&gt;</a>&nbsp;&nbsp;&nbsp;_btod_etento
</UL>
<BR>[Called By]<UL><LI><a href="#[16b]">&gt;&gt;</a>&nbsp;&nbsp;&nbsp;_printf_fp_dec_real
</UL>

<P><STRONG><a name="[da]"></a>__sti___8_char_cpp_a3dc957a</STRONG> (Thumb, 12 bytes, Stack size 0 bytes, C:\Keil_v5\ARM\ARMCC\Bin\..\lib\cpplib\cpp_ws.l(char.o)(i.__sti___8_char_cpp_a3dc957a))
<BR>[Address Reference Count : 1]<UL><LI> char.o(.init_array)
</UL>
<P><STRONG><a name="[db]"></a>__sti___10_locale_cpp_ff99fc7b</STRONG> (Thumb, 12 bytes, Stack size 0 bytes, C:\Keil_v5\ARM\ARMCC\Bin\..\lib\cpplib\cpp_ws.l(locale.o)(i.__sti___10_locale_cpp_ff99fc7b))
<BR>[Address Reference Count : 1]<UL><LI> locale.o(.init_array)
</UL>
<P><STRONG><a name="[dc]"></a>__sti___10_rwcats_cpp_64e8068e</STRONG> (Thumb, 42 bytes, Stack size 16 bytes, C:\Keil_v5\ARM\ARMCC\Bin\..\lib\cpplib\cpp_ws.l(rwcats.o)(i.__sti___10_rwcats_cpp_64e8068e))
<BR><BR>[Stack]<UL><LI>Max Depth = 528 + Unknown Stack Size
<LI>Call Chain = __sti___10_rwcats_cpp_64e8068e &rArr; operator new[] (unsigned) &rArr; error &rArr; exit &rArr; mbed_die &rArr; gpio_init_out &rArr; gpio_init_out_ex &rArr; _gpio_init_out &rArr; gpio_mode &rArr; pin_mode &rArr; mbed_assert_internal &rArr;  mbed_die (Cycle)
</UL>
<BR>[Calls]<UL><LI><a href="#[260]">&gt;&gt;</a>&nbsp;&nbsp;&nbsp;operator new[] (unsigned)
<LI><a href="#[27c]">&gt;&gt;</a>&nbsp;&nbsp;&nbsp;__aeabi_atexit
</UL>
<BR>[Address Reference Count : 1]<UL><LI> rwcats.o(.init_array)
</UL><P>
<H3>
Undefined Global Symbols
</H3><HR></body></html>
